std.hpp:73:12:)	24	static
templates.hpp:34:17:static void uavcan::StaticAssert<true>::check()	4	static
templates.hpp:51:5:uavcan::Noncopyable::Noncopyable()	16	static
templates.hpp:52:5:uavcan::Noncopyable::~Noncopyable()	16	static
templates.hpp:376:26:static unsigned char uavcan::NumericTraits<unsigned char>::max()	4	static
templates.hpp:377:26:static unsigned char uavcan::NumericTraits<unsigned char>::min()	4	static
templates.hpp:394:27:static short unsigned int uavcan::NumericTraits<short unsigned int>::max()	4	static
templates.hpp:395:27:static short unsigned int uavcan::NumericTraits<short unsigned int>::min()	4	static
templates.hpp:430:26:static long unsigned int uavcan::NumericTraits<long unsigned int>::max()	4	static
templates.hpp:431:26:static long unsigned int uavcan::NumericTraits<long unsigned int>::min()	4	static
templates.hpp:440:22:static long long int uavcan::NumericTraits<long long int>::max()	8	static
templates.hpp:448:31:static long long unsigned int uavcan::NumericTraits<long long unsigned int>::max()	8	static
templates.hpp:449:31:static long long unsigned int uavcan::NumericTraits<long long unsigned int>::min()	8	static
transfer.hpp:44:5:uavcan::TransferPriority::TransferPriority()	16	static
transfer.hpp:80:5:uavcan::TransferID::TransferID()	16	static
transfer.hpp:92:10:bool uavcan::TransferID::operator==(uavcan::TransferID) const	24	static
transfer.hpp:99:13:uavcan::uint8_t uavcan::TransferID::get() const	16	static
transfer.hpp:124:5:uavcan::NodeID::NodeID()	16	static
transfer.hpp:126:5:uavcan::NodeID::NodeID(uavcan::uint8_t)	16	static
transfer.hpp:132:13:uavcan::uint8_t uavcan::NodeID::get() const	16	static
transfer.hpp:134:10:bool uavcan::NodeID::isValid() const	16	static
transfer.hpp:136:10:bool uavcan::NodeID::isUnicast() const	16	static
transfer.hpp:139:10:bool uavcan::NodeID::operator==(uavcan::NodeID) const	16	static
data_type.hpp:56:5:uavcan::DataTypeID::DataTypeID()	16	static
data_type.hpp:58:5:uavcan::DataTypeID::DataTypeID(uavcan::uint16_t)	16	static
data_type.hpp:69:14:uavcan::uint16_t uavcan::DataTypeID::get() const	16	static
data_type.hpp:71:10:bool uavcan::DataTypeID::operator==(uavcan::DataTypeID) const	16	static
data_type.hpp:114:5:uavcan::DataTypeSignature::DataTypeSignature()	16	static
data_type.hpp:115:14:uavcan::DataTypeSignature::DataTypeSignature(uavcan::uint64_t)	24	static
data_type.hpp:121:14:uavcan::uint64_t uavcan::DataTypeSignature::get() const	16	static
data_type.hpp:140:5:uavcan::DataTypeDescriptor::DataTypeDescriptor()	16	static
data_type.hpp:145:5:uavcan::DataTypeDescriptor::DataTypeDescriptor(uavcan::DataTypeKind, uavcan::DataTypeID, const uavcan::DataTypeSignature&, const char*)	32	static
data_type.hpp:158:18:uavcan::DataTypeKind uavcan::DataTypeDescriptor::getKind() const	16	static
data_type.hpp:159:16:uavcan::DataTypeID uavcan::DataTypeDescriptor::getID() const	16	static
data_type.hpp:160:30:const uavcan::DataTypeSignature& uavcan::DataTypeDescriptor::getSignature() const	16	static
data_type.hpp:161:17:const char* uavcan::DataTypeDescriptor::getFullName() const	16	static
global_data_type_registry.hpp:41:9:uavcan::GlobalDataTypeRegistry::Entry::Entry()	16	static
global_data_type_registry.hpp:119:10:bool uavcan::GlobalDataTypeRegistry::isFrozen() const	16	static
abstract_transfer_buffer.hpp:19:13:uavcan::ITransferBuffer::~ITransferBuffer()	16	static
abstract_transfer_buffer.hpp:19:13:virtual uavcan::ITransferBuffer::~ITransferBuffer()	16	static
bit_stream.hpp:64:14:uavcan::BitStream::BitStream(uavcan::ITransferBuffer&)	16	static
scalar_codec.hpp:90:14:uavcan::ScalarCodec::ScalarCodec(uavcan::BitStream&)	16	static
new:168:14:void* operator new(std::size_t, void*)	16	static
dynamic_memory.hpp:24:13:uavcan::IPoolAllocator::~IPoolAllocator()	16	static
dynamic_memory.hpp:24:13:virtual uavcan::IPoolAllocator::~IPoolAllocator()	16	static
dynamic_memory.hpp:21:21:constexpr uavcan::IPoolAllocator::IPoolAllocator()	16	static
perf_counter.hpp:43:5:uavcan::TransferPerfCounter::TransferPerfCounter()	24	static
perf_counter.hpp:52:10:void uavcan::TransferPerfCounter::addError()	16	static
perf_counter.hpp:63:21:const uint64_t& uavcan::TransferPerfCounter::getTxTransferCount() const	16	static
perf_counter.hpp:64:21:const uint64_t& uavcan::TransferPerfCounter::getRxTransferCount() const	16	static
perf_counter.hpp:65:21:const uint64_t& uavcan::TransferPerfCounter::getErrorCount() const	16	static
can.hpp:38:5:uavcan::CanFrame::CanFrame()	24	static
can.hpp:140:13:uavcan::ICanIface::~ICanIface()	16	static
can.hpp:140:13:virtual uavcan::ICanIface::~ICanIface()	16	static
can.hpp:200:13:uavcan::ICanDriver::~ICanDriver()	16	static
can.hpp:200:13:virtual uavcan::ICanDriver::~ICanDriver()	16	static
can.hpp:211:30:virtual const uavcan::ICanIface* uavcan::ICanDriver::getIface(uavcan::uint8_t) const	16	static
time.hpp:184:21:uavcan::MonotonicTime::MonotonicTime()	16	static
time.hpp:184:21:uavcan::MonotonicTime::~MonotonicTime()	16	static
can_io.hpp:164:13:uavcan::uint8_t uavcan::CanIOManager::getNumIfaces() const	16	static
frame.hpp:75:18:uavcan::TransferType uavcan::Frame::getTransferType() const	16	static
frame.hpp:77:12:uavcan::NodeID uavcan::Frame::getSrcNodeID() const	16	static
frame.hpp:79:16:uavcan::TransferID uavcan::Frame::getTransferID() const	16	static
abstract_transfer_buffer.hpp:16:21:constexpr uavcan::ITransferBuffer::ITransferBuffer()	16	static
transfer_buffer.hpp:29:5:uavcan::StaticTransferBufferImpl::StaticTransferBufferImpl(uavcan::uint8_t*, uavcan::uint16_t)	24	static
transfer_buffer.hpp:69:5:uavcan::TransferBufferManagerKey::TransferBufferManagerKey()	16	static
transfer_buffer.hpp:82:10:bool uavcan::TransferBufferManagerKey::operator==(const uavcan::TransferBufferManagerKey&) const	16	static
transfer_buffer.hpp:87:10:bool uavcan::TransferBufferManagerKey::isEmpty() const	16	static
transfer_buffer.hpp:162:5:uavcan::TransferBufferManager::TransferBufferManager(uavcan::uint16_t, uavcan::IPoolAllocator&)	24	static
time.hpp:182:21:uavcan::MonotonicDuration::~MonotonicDuration()	16	static
crc.hpp:39:5:uavcan::TransferCRC::TransferCRC()	16	static
transfer_listener.hpp:63:22:uavcan::TransferPriority uavcan::IncomingTransfer::getPriority() const	16	static
transfer_listener.hpp:64:18:uavcan::TransferType uavcan::IncomingTransfer::getTransferType() const	16	static
transfer_listener.hpp:65:16:uavcan::TransferID uavcan::IncomingTransfer::getTransferID() const	16	static
transfer_listener.hpp:66:12:uavcan::NodeID uavcan::IncomingTransfer::getSrcNodeID() const	16	static
transfer_listener.hpp:131:5:uavcan::TransferListener::TransferListener(uavcan::TransferPerfCounter&, const uavcan::DataTypeDescriptor&, uavcan::uint16_t, uavcan::IPoolAllocator&)	32	static
transfer_listener.hpp:167:13:uavcan::ITransferAcceptanceFilter::~ITransferAcceptanceFilter()	16	static
transfer_listener.hpp:167:13:virtual uavcan::ITransferAcceptanceFilter::~ITransferAcceptanceFilter()	16	static
transfer_listener.hpp:180:5:uavcan::TransferListenerWithFilter::TransferListenerWithFilter(uavcan::TransferPerfCounter&, const uavcan::DataTypeDescriptor&, uavcan::uint16_t, uavcan::IPoolAllocator&)	32	static
transfer_listener.hpp:186:10:void uavcan::TransferListenerWithFilter::installAcceptanceFilter(const uavcan::ITransferAcceptanceFilter*)	16	static
outgoing_transfer_registry.hpp:26:5:uavcan::OutgoingTransferRegistryKey::OutgoingTransferRegistryKey()	16	static
outgoing_transfer_registry.hpp:46:10:bool uavcan::OutgoingTransferRegistryKey::operator==(const uavcan::OutgoingTransferRegistryKey&) const	16	static
outgoing_transfer_registry.hpp:117:14:uavcan::OutgoingTransferRegistry::OutgoingTransferRegistry(uavcan::IPoolAllocator&)	16	static
can_io.hpp:134:21:uavcan::CanIOManager::~CanIOManager()	24	static
outgoing_transfer_registry.hpp:64:21:uavcan::OutgoingTransferRegistry::~OutgoingTransferRegistry()	16	static
perf_counter.hpp:36:21:uavcan::TransferPerfCounter::~TransferPerfCounter()	16	static
linked_list.hpp:44:21:uavcan::LinkedListRoot<uavcan::TransferListener>::~LinkedListRoot()	16	static
dispatcher.hpp:87:11:uavcan::Dispatcher::ListenerRegistry::ListenerRegistry()	16	static
dispatcher.hpp:87:11:uavcan::Dispatcher::ListenerRegistry::~ListenerRegistry()	16	static
linked_list.hpp:44:21:uavcan::LinkedListRoot<uavcan::LoopbackFrameListenerBase>::~LinkedListRoot()	16	static
dispatcher.hpp:49:21:uavcan::LoopbackFrameListenerRegistry::LoopbackFrameListenerRegistry()	16	static
dispatcher.hpp:49:21:uavcan::LoopbackFrameListenerRegistry::~LoopbackFrameListenerRegistry()	16	static
dispatcher.hpp:136:5:uavcan::Dispatcher::Dispatcher(uavcan::ICanDriver&, uavcan::IPoolAllocator&, uavcan::ISystemClock&)	32	static
dispatcher.hpp:230:25:const uavcan::ISystemClock& uavcan::Dispatcher::getSystemClock() const	16	static
dispatcher.hpp:234:19:uavcan::CanIOManager& uavcan::Dispatcher::getCanIOManager()	16	static
dispatcher.hpp:237:26:uavcan::TransferPerfCounter& uavcan::Dispatcher::getTransferPerfCounter()	16	static
scheduler.hpp:24:14:uavcan::DeadlineHandler::DeadlineHandler(uavcan::Scheduler&)	16	static
scheduler.hpp:28:13:uavcan::DeadlineHandler::~DeadlineHandler()	16	static
scheduler.hpp:28:13:virtual uavcan::DeadlineHandler::~DeadlineHandler()	16	static
linked_list.hpp:44:21:uavcan::LinkedListRoot<uavcan::DeadlineHandler>::~LinkedListRoot()	16	static
scheduler.hpp:46:21:uavcan::DeadlineScheduler::DeadlineScheduler()	16	static
scheduler.hpp:46:21:uavcan::DeadlineScheduler::~DeadlineScheduler()	16	static
dispatcher.hpp:80:21:uavcan::Dispatcher::~Dispatcher()	16	static
scheduler.hpp:95:5:uavcan::Scheduler::Scheduler(uavcan::ICanDriver&, uavcan::IPoolAllocator&, uavcan::ISystemClock&)	24	static
scheduler.hpp:119:17:uavcan::Dispatcher& uavcan::Scheduler::getDispatcher()	16	static
scheduler.hpp:123:19:uavcan::MonotonicTime uavcan::Scheduler::getMonotonicTime() const	16	static
abstract_node.hpp:22:13:uavcan::INode::~INode()	16	static
abstract_node.hpp:22:13:virtual uavcan::INode::~INode()	16	static
abstract_node.hpp:28:17:uavcan::Dispatcher& uavcan::INode::getDispatcher()	16	static
abstract_node.hpp:32:19:uavcan::MonotonicTime uavcan::INode::getMonotonicTime() const	16	static
abstract_node.hpp:48:10:bool uavcan::INode::setNodeID(uavcan::NodeID)	16	static
abstract_node.hpp:74:9:int uavcan::INode::spin(uavcan::MonotonicDuration)	40	static
transfer_sender.hpp:39:30:static uavcan::MonotonicDuration uavcan::TransferSender::getDefaultMaxTransferInterval()	16	static
transfer_sender.hpp:57:5:uavcan::TransferSender::TransferSender(uavcan::Dispatcher&, uavcan::MonotonicDuration)	24	static
transfer_sender.hpp:82:10:void uavcan::TransferSender::setPriority(uavcan::TransferPriority)	16	static
transfer_sender.hpp:20:21:uavcan::TransferSender::~TransferSender()	16	static
generic_publisher.hpp:28:5:uavcan::GenericPublisherBase::GenericPublisherBase(uavcan::INode&, uavcan::MonotonicDuration, uavcan::MonotonicDuration)	48	static
generic_publisher.hpp:40:5:uavcan::GenericPublisherBase::~GenericPublisherBase()	16	static
generic_publisher.hpp:58:23:uavcan::MonotonicDuration uavcan::GenericPublisherBase::getTxTimeout() const	16	static
generic_publisher.hpp:74:10:void uavcan::GenericPublisherBase::setPriority(uavcan::TransferPriority)	16	static
generic_publisher.hpp:76:12:uavcan::INode& uavcan::GenericPublisherBase::getNode() const	16	static
generic_subscriber.hpp:101:14:uavcan::GenericSubscriberBase::GenericSubscriberBase(uavcan::INode&)	16	static
generic_subscriber.hpp:106:5:uavcan::GenericSubscriberBase::~GenericSubscriberBase()	16	static
generic_subscriber.hpp:120:12:uavcan::INode& uavcan::GenericSubscriberBase::getNode() const	16	static
gthr-default.h:229:1:int __gthread_key_delete(__gthread_key_t)	16	static
std_function.h:106:17:void* std::_Any_data::_M_access()	16	static
std_function.h:107:17:const void* std::_Any_data::_M_access() const	16	static
std_function.h:271:5:std::_Function_base::_Function_base()	16	static
std_function.h:273:5:std::_Function_base::~_Function_base()	16	static
std_function.h:279:10:bool std::_Function_base::_M_empty() const	16	static
timer.hpp:58:14:uavcan::TimerBase::TimerBase(uavcan::INode&)	24	static
GetNodeInfo.hpp:217:24:static const char* uavcan::protocol::GetNodeInfo_::getDataTypeFullName()	4	static
GetNodeInfo.hpp:350:36:static uavcan::DataTypeSignature uavcan::protocol::GetNodeInfo_::getDataTypeSignature()	16	static
timer.hpp:46:21:uavcan::TimerBase::~TimerBase()	16	static
timer.hpp:46:21:virtual uavcan::TimerBase::~TimerBase()	16	static
publisher.hpp:18:21:uavcan::Publisher<uavcan::protocol::NodeStatus_<0> >::~Publisher()	16	static
array.hpp:424:21:uavcan::Array<uavcan::IntegerSpec<8, (uavcan::Signedness)0, (uavcan::CastMode)0>, (uavcan::ArrayMode)0, 16>::~Array()	16	static
array.hpp:424:21:uavcan::Array<uavcan::IntegerSpec<8, (uavcan::Signedness)0, (uavcan::CastMode)0>, (uavcan::ArrayMode)1, 255>::~Array()	16	static
HardwareVersion.hpp:61:22:uavcan::protocol::HardwareVersion_<0>::~HardwareVersion_()	16	static
array.hpp:424:21:uavcan::Array<uavcan::IntegerSpec<8, (uavcan::Signedness)0, (uavcan::CastMode)0>, (uavcan::ArrayMode)1, 80>::~Array()	16	static
GetNodeInfo.hpp:130:12:uavcan::protocol::GetNodeInfo_::Response_<0>::~Response_()	16	static
node_status_provider.hpp:81:14:uavcan::NodeStatusProvider::NodeStatusProvider(uavcan::INode&)	40	static
node_status_provider.hpp:139:10:void uavcan::NodeStatusProvider::setModeOperational()	16	static
GetDataTypeInfo.hpp:257:24:static const char* uavcan::protocol::GetDataTypeInfo_::getDataTypeFullName()	4	static
GetDataTypeInfo.hpp:428:36:static uavcan::DataTypeSignature uavcan::protocol::GetDataTypeInfo_::getDataTypeSignature()	16	static
data_type_info_provider.hpp:29:12:uavcan::INode& uavcan::DataTypeInfoProvider::getNode()	16	static
data_type_info_provider.hpp:31:17:static bool uavcan::DataTypeInfoProvider::isValidDataTypeKind(uavcan::DataTypeKind)	16	static
data_type_info_provider.hpp:36:10:void uavcan::DataTypeInfoProvider::handleGetDataTypeInfoRequest(const Request&, uavcan::protocol::GetDataTypeInfo_::Response&)	72	static
data_type_info_provider.hpp:111:14:uavcan::DataTypeInfoProvider::DataTypeInfoProvider(uavcan::INode&)	16	static
data_type_info_provider.hpp:115:9:int uavcan::DataTypeInfoProvider::start()	48	static
logger.hpp:67:21:static uavcan::Logger::LogLevel uavcan::Logger::getLogLevelAboveAll()	4	static
logger.hpp:77:14:uavcan::Logger::LogLevel uavcan::Logger::getExternalSinkLevel() const	16	static
publisher.hpp:18:21:uavcan::Publisher<uavcan::protocol::debug::LogMessage_<0> >::~Publisher()	16	static
array.hpp:424:21:uavcan::Array<uavcan::IntegerSpec<8, (uavcan::Signedness)0, (uavcan::CastMode)0>, (uavcan::ArrayMode)1, 31>::~Array()	16	static
array.hpp:424:21:uavcan::Array<uavcan::IntegerSpec<8, (uavcan::Signedness)0, (uavcan::CastMode)0>, (uavcan::ArrayMode)1, 90>::~Array()	16	static
LogMessage.hpp:48:22:uavcan::protocol::debug::LogMessage_<0>::~LogMessage_()	16	static
logger.hpp:83:14:uavcan::Logger::Logger(uavcan::INode&)	64	static
logger.hpp:97:9:int uavcan::Logger::init(uavcan::TransferPriority)	24	static
logger.hpp:118:9:int uavcan::Logger::log(const LogMessage&)	32	static
logger.hpp:154:23:uavcan::MonotonicDuration uavcan::Logger::getTxTimeout() const	16	static
logger.hpp:155:10:void uavcan::Logger::setTxTimeout(uavcan::MonotonicDuration)	24	static
RestartNode.hpp:190:24:static const char* uavcan::protocol::RestartNode_::getDataTypeFullName()	4	static
RestartNode.hpp:289:36:static uavcan::DataTypeSignature uavcan::protocol::RestartNode_::getDataTypeSignature()	16	static
restart_request_server.hpp:47:10:void uavcan::RestartRequestServer::handleRestartNode(const uavcan::ReceivedDataStructure<uavcan::protocol::RestartNode_::Request_<0> >&, uavcan::protocol::RestartNode_::Response&) const	32	static
restart_request_server.hpp:68:14:uavcan::RestartRequestServer::RestartRequestServer(uavcan::INode&)	16	static
restart_request_server.hpp:84:9:int uavcan::RestartRequestServer::start()	48	static
GetTransportStats.hpp:206:24:static const char* uavcan::protocol::GetTransportStats_::getDataTypeFullName()	4	static
GetTransportStats.hpp:339:36:static uavcan::DataTypeSignature uavcan::protocol::GetTransportStats_::getDataTypeSignature()	16	static
transport_stats_provider.hpp:28:10:void uavcan::TransportStatsProvider::handleGetTransportStats(const Request&, uavcan::protocol::GetTransportStats_::Response&) const	96	static
transport_stats_provider.hpp:49:14:uavcan::TransportStatsProvider::TransportStatsProvider(uavcan::INode&)	16	static
transport_stats_provider.hpp:57:9:int uavcan::TransportStatsProvider::start()	48	static
service_client.hpp:32:5:uavcan::ServiceCallID::ServiceCallID()	16	static
service_client.hpp:34:5:uavcan::ServiceCallID::ServiceCallID(uavcan::NodeID, uavcan::TransferID)	24	static
service_client.hpp:39:10:bool uavcan::ServiceCallID::operator==(uavcan::ServiceCallID) const	16	static
service_client.hpp:45:10:bool uavcan::ServiceCallID::isValid() const	16	static
service_client.hpp:132:9:uavcan::ServiceClientBase::CallState::CallState(uavcan::INode&, uavcan::ServiceClientBase&, uavcan::ServiceCallID)	40	static
service_client.hpp:142:23:uavcan::ServiceCallID uavcan::ServiceClientBase::CallState::getCallID() const	24	static
service_client.hpp:144:14:bool uavcan::ServiceClientBase::CallState::hasTimedOut() const	16	static
service_client.hpp:146:21:static bool uavcan::ServiceClientBase::CallState::hasTimedOutPredicate(const uavcan::ServiceClientBase::CallState&)	16	static
service_client.hpp:157:9:uavcan::ServiceClientBase::CallStateMatchingPredicate::CallStateMatchingPredicate(uavcan::ServiceCallID)	16	static
service_client.hpp:158:14:bool uavcan::ServiceClientBase::CallStateMatchingPredicate::operator()(const uavcan::ServiceClientBase::CallState&) const	24	static
transfer_listener.hpp:159:7:constexpr uavcan::ITransferAcceptanceFilter::ITransferAcceptanceFilter()	16	static
service_client.hpp:170:5:uavcan::ServiceClientBase::ServiceClientBase(uavcan::INode&)	24	static
service_client.hpp:176:13:uavcan::ServiceClientBase::~ServiceClientBase()	16	static
service_client.hpp:176:13:virtual uavcan::ServiceClientBase::~ServiceClientBase()	16	static
service_client.hpp:185:30:static uavcan::MonotonicDuration uavcan::ServiceClientBase::getDefaultRequestTimeout()	16	static
service_client.hpp:186:30:static uavcan::MonotonicDuration uavcan::ServiceClientBase::getMinRequestTimeout()	16	static
service_client.hpp:187:30:static uavcan::MonotonicDuration uavcan::ServiceClientBase::getMaxRequestTimeout()	16	static
thread.hpp:192:5:uavcan_stm32::BusEvent::BusEvent(uavcan_stm32::CanDriver&)	16	static
can.hpp:37:5:uavcan_stm32::CanRxItem::CanRxItem()	24	static
can.hpp:61:9:uavcan_stm32::CanIface::RxQueue::RxQueue(uavcan_stm32::CanRxItem*, uavcan::uint8_t)	24	static
can.hpp:103:9:uavcan_stm32::CanIface::TxItem::TxItem()	16	static
can.hpp:137:21:constexpr uavcan::ICanIface::ICanIface()	16	static
can.hpp:95:12:uavcan_stm32::CanIface::TxItem::~TxItem()	16	static
can.hpp:151:5:uavcan_stm32::CanIface::CanIface(uavcan_stm32::bxcan::CanType*, uavcan_stm32::BusEvent&, uavcan::uint8_t, uavcan_stm32::CanRxItem*, uavcan::uint8_t)	32	static
BeginFirmwareUpdate.hpp:234:24:static const char* uavcan::protocol::file::BeginFirmwareUpdate_::getDataTypeFullName()	4	static
BeginFirmwareUpdate.hpp:357:36:static uavcan::DataTypeSignature uavcan::protocol::file::BeginFirmwareUpdate_::getDataTypeSignature()	16	static
main.cpp:87:93:void __tcf_0()	8	static
main.cpp:86:29:uavcan::Node<8192>& getNode()	8	static
main.cpp:96:5:int main()	72	static
main.cpp:188:6:void SystemClock_Config()	184	static
main.cpp:239:13:void MX_USART3_UART_Init()	8	static
main.cpp:272:13:void MX_USB_OTG_FS_PCD_Init()	8	static
main.cpp:307:13:void MX_GPIO_Init()	56	static
main.cpp:354:6:bool DEBUG_Init()	8	static
main.cpp:363:6:)	16	static
std_function.h:389:11:std::function<void(const uavcan::ServiceCallResult<uavcan::protocol::file::BeginFirmwareUpdate_>&)>::~function()	16	static
main.cpp:417:92:StartDefaultTask(const void*)::<lambda(const uavcan::ServiceCallResult<uavcan::protocol::file::BeginFirmwareUpdate_>&)>	24	static
array.hpp:424:21:uavcan::Array<uavcan::IntegerSpec<8, (uavcan::Signedness)0, (uavcan::CastMode)0>, (uavcan::ArrayMode)1, 200>::~Array()	16	static
Path.hpp:46:22:uavcan::protocol::file::Path_<0>::~Path_()	16	static
BeginFirmwareUpdate.hpp:80:12:uavcan::protocol::file::BeginFirmwareUpdate_::Request_<0>::~Request_()	16	static
main.cpp:391:6:void StartDefaultTask(const void*)	568	static
main.cpp:459:6:void HAL_TIM_PeriodElapsedCallback(TIM_HandleTypeDef*)	16	static
main.cpp:476:6:void Error_Handler()	4	static
linked_list.hpp:25:5:uavcan::LinkedListNode<T>::LinkedListNode() [with T = uavcan::GlobalDataTypeRegistry::Entry]	16	static
linked_list.hpp:29:5:uavcan::LinkedListNode<T>::~LinkedListNode() [with T = uavcan::GlobalDataTypeRegistry::Entry]	16	static
templates.hpp:254:6:void uavcan::fill(ForwardIt, ForwardIt, const T&) [with ForwardIt = unsigned char*; T = unsigned char]	24	static
time.hpp:102:5:uavcan::TimeBase<T, D>::TimeBase() [with T = uavcan::MonotonicTime; D = uavcan::MonotonicDuration]	24	static
time.hpp:100:5:uavcan::TimeBase<T, D>::~TimeBase() [with T = uavcan::MonotonicTime; D = uavcan::MonotonicDuration]	16	static
linked_list.hpp:49:5:uavcan::LinkedListRoot<T>::LinkedListRoot() [with T = uavcan::TransferBufferManagerEntry]	16	static
time.hpp:41:14:static D uavcan::DurationBase<D>::fromMSec(uavcan::int64_t) [with D = uavcan::MonotonicDuration]	40	static
time.hpp:24:5:uavcan::DurationBase<D>::~DurationBase() [with D = uavcan::MonotonicDuration]	16	static
linked_list.hpp:25:5:uavcan::LinkedListNode<T>::LinkedListNode() [with T = uavcan::TransferListener]	16	static
map.hpp:112:5:uavcan::Map<Key, Value>::Map(uavcan::IPoolAllocator&) [with Key = uavcan::TransferBufferManagerKey; Value = uavcan::TransferReceiver]	24	static
time.hpp:123:10:bool uavcan::TimeBase<T, D>::isZero() const [with T = uavcan::MonotonicTime; D = uavcan::MonotonicDuration]	16	static
linked_list.hpp:44:21:uavcan::LinkedListRoot<uavcan::Map<uavcan::OutgoingTransferRegistryKey, uavcan::OutgoingTransferRegistry::Value>::KVGroup>::~LinkedListRoot()	16	static
map.hpp:112:5:uavcan::Map<Key, Value>::Map(uavcan::IPoolAllocator&) [with Key = uavcan::OutgoingTransferRegistryKey; Value = uavcan::OutgoingTransferRegistry::Value]	32	static
map.hpp:118:5:uavcan::Map<Key, Value>::~Map() [with Key = uavcan::OutgoingTransferRegistryKey; Value = uavcan::OutgoingTransferRegistry::Value]	16	static
lazy_constructor.hpp:78:5:uavcan::LazyConstructor<T>::~LazyConstructor() [with T = uavcan::CanTxQueue]	16	static
linked_list.hpp:49:5:uavcan::LinkedListRoot<T>::LinkedListRoot() [with T = uavcan::TransferListener]	16	static
linked_list.hpp:49:5:uavcan::LinkedListRoot<T>::LinkedListRoot() [with T = uavcan::LoopbackFrameListenerBase]	16	static
linked_list.hpp:25:5:uavcan::LinkedListNode<T>::LinkedListNode() [with T = uavcan::DeadlineHandler]	16	static
linked_list.hpp:29:5:uavcan::LinkedListNode<T>::~LinkedListNode() [with T = uavcan::DeadlineHandler]	16	static
time.hpp:112:14:static T uavcan::TimeBase<T, D>::fromUSec(uavcan::uint64_t) [with T = uavcan::MonotonicTime; D = uavcan::MonotonicDuration]	32	static
linked_list.hpp:49:5:uavcan::LinkedListRoot<T>::LinkedListRoot() [with T = uavcan::DeadlineHandler]	16	static
templates.hpp:281:10:const T& uavcan::min(const T&, const T&) [with T = uavcan::MonotonicDuration]	16	static
templates.hpp:291:10:const T& uavcan::max(const T&, const T&) [with T = uavcan::MonotonicDuration]	16	static
time.hpp:133:7:T uavcan::TimeBase<T, D>::operator+(const D&) const [with T = uavcan::MonotonicTime; D = uavcan::MonotonicDuration]	48	static
time.hpp:182:21:uavcan::MonotonicDuration::MonotonicDuration()	16	static
time.hpp:35:14:static D uavcan::DurationBase<D>::fromUSec(uavcan::int64_t) [with D = uavcan::MonotonicDuration]	32	static
time.hpp:33:14:static D uavcan::DurationBase<D>::getInfinite() [with D = uavcan::MonotonicDuration]	24	static
global_data_type_registry.hpp:188:5:uavcan::DefaultDataTypeRegistrator<Type>::DefaultDataTypeRegistrator() [with Type = uavcan::protocol::NodeStatus_<0>]	32	static
NodeStatus.hpp:226:17:static void uavcan::protocol::NodeStatus_<_tmpl>::extendDataTypeSignature(uavcan::DataTypeSignature&) [with int _tmpl = 0]	24	static
SoftwareVersion.hpp:182:17:static void uavcan::protocol::SoftwareVersion_<_tmpl>::extendDataTypeSignature(uavcan::DataTypeSignature&) [with int _tmpl = 0]	24	static
HardwareVersion.hpp:148:17:static void uavcan::protocol::HardwareVersion_<_tmpl>::extendDataTypeSignature(uavcan::DataTypeSignature&) [with int _tmpl = 0]	24	static
array.hpp:707:17:static void uavcan::Array<T, ArrayMode, MaxSize_>::extendDataTypeSignature(uavcan::DataTypeSignature&) [with T = uavcan::IntegerSpec<8, (uavcan::Signedness)0, (uavcan::CastMode)0>; uavcan::ArrayMode ArrayMode = (uavcan::ArrayMode)1; unsigned int MaxSize_ = 80]	16	static
global_data_type_registry.hpp:188:5:uavcan::DefaultDataTypeRegistrator<Type>::DefaultDataTypeRegistrator() [with Type = uavcan::protocol::GetNodeInfo_]	32	static
publisher.hpp:68:30:static uavcan::MonotonicDuration uavcan::Publisher<DataType_>::getDefaultTxTimeout() [with DataType_ = uavcan::protocol::NodeStatus_<0>]	16	static
publisher.hpp:38:14:uavcan::Publisher<DataType_>::Publisher(uavcan::INode&, uavcan::MonotonicDuration, uavcan::MonotonicDuration) [with DataType_ = uavcan::protocol::NodeStatus_<0>]	48	static
generic_publisher.hpp:118:5:uavcan::GenericPublisher<DataSpec, DataStruct>::~GenericPublisher() [with DataSpec = uavcan::protocol::NodeStatus_<0>; DataStruct = uavcan::protocol::NodeStatus_<0>]	16	static
service_server.hpp:143:14:uavcan::ServiceServer<DataType_, Callback_>::ServiceServer(uavcan::INode&) [with DataType_ = uavcan::protocol::GetNodeInfo_; Callback_ = uavcan::MethodBinder<uavcan::NodeStatusProvider*, void (uavcan::NodeStatusProvider::*)(const uavcan::protocol::GetNodeInfo_::Request_<0>&, uavcan::protocol::GetNodeInfo_::Response_<0>&)>]	56	static
GetNodeInfo.hpp:173:9:uavcan::protocol::GetNodeInfo_::Response_<_tmpl>::Response_() [with int _tmpl = 0]	16	static
array.hpp:306:5:uavcan::ArrayImpl<T, ArrayMode, MaxSize>::~ArrayImpl() [with T = uavcan::IntegerSpec<8, (uavcan::Signedness)0, (uavcan::CastMode)0>; uavcan::ArrayMode ArrayMode = (uavcan::ArrayMode)0; unsigned int MaxSize = 16]	16	static
array.hpp:306:5:uavcan::ArrayImpl<T, ArrayMode, MaxSize>::~ArrayImpl() [with T = uavcan::IntegerSpec<8, (uavcan::Signedness)0, (uavcan::CastMode)0>; uavcan::ArrayMode ArrayMode = (uavcan::ArrayMode)1; unsigned int MaxSize = 255]	16	static
array.hpp:306:5:uavcan::ArrayImpl<T, ArrayMode, MaxSize>::~ArrayImpl() [with T = uavcan::IntegerSpec<8, (uavcan::Signedness)0, (uavcan::CastMode)0>; uavcan::ArrayMode ArrayMode = (uavcan::ArrayMode)1; unsigned int MaxSize = 80]	16	static
integer_spec.hpp:131:17:static void uavcan::IntegerSpec<BitLen_, Signedness, CastMode>::extendDataTypeSignature(uavcan::DataTypeSignature&) [with unsigned int BitLen_ = 16; uavcan::Signedness Signedness = (uavcan::Signedness)0; uavcan::CastMode CastMode = (uavcan::CastMode)0]	16	static
DataTypeKind.hpp:117:17:static void uavcan::protocol::DataTypeKind_<_tmpl>::extendDataTypeSignature(uavcan::DataTypeSignature&) [with int _tmpl = 0]	24	static
integer_spec.hpp:131:17:static void uavcan::IntegerSpec<BitLen_, Signedness, CastMode>::extendDataTypeSignature(uavcan::DataTypeSignature&) [with unsigned int BitLen_ = 64; uavcan::Signedness Signedness = (uavcan::Signedness)0; uavcan::CastMode CastMode = (uavcan::CastMode)0]	16	static
integer_spec.hpp:131:17:static void uavcan::IntegerSpec<BitLen_, Signedness, CastMode>::extendDataTypeSignature(uavcan::DataTypeSignature&) [with unsigned int BitLen_ = 8; uavcan::Signedness Signedness = (uavcan::Signedness)0; uavcan::CastMode CastMode = (uavcan::CastMode)0]	16	static
global_data_type_registry.hpp:188:5:uavcan::DefaultDataTypeRegistrator<Type>::DefaultDataTypeRegistrator() [with Type = uavcan::protocol::GetDataTypeInfo_]	32	static
array.hpp:712:10:bool uavcan::Array<T, ArrayMode, MaxSize_>::empty() const [with T = uavcan::IntegerSpec<8, (uavcan::Signedness)0, (uavcan::CastMode)0>; uavcan::ArrayMode ArrayMode = (uavcan::ArrayMode)1; unsigned int MaxSize_ = 80]	16	static
array.hpp:321:17:const char* uavcan::ArrayImpl<T, ArrayMode, MaxSize>::c_str() const [with T = uavcan::IntegerSpec<8, (uavcan::Signedness)0, (uavcan::CastMode)0>; uavcan::ArrayMode ArrayMode = (uavcan::ArrayMode)1; unsigned int MaxSize = 80]	24	static
array.hpp:830:15:uavcan::Array<T, ArrayMode, MaxSize_>::SelfType& uavcan::Array<T, ArrayMode, MaxSize_>::operator=(const char*) [with T = uavcan::IntegerSpec<8, (uavcan::Signedness)0, (uavcan::CastMode)0>; uavcan::ArrayMode ArrayMode = (uavcan::ArrayMode)1; unsigned int MaxSize_ = 80]	24	static
service_server.hpp:143:14:uavcan::ServiceServer<DataType_, Callback_>::ServiceServer(uavcan::INode&) [with DataType_ = uavcan::protocol::GetDataTypeInfo_; Callback_ = uavcan::MethodBinder<uavcan::DataTypeInfoProvider*, void (uavcan::DataTypeInfoProvider::*)(const uavcan::protocol::GetDataTypeInfo_::Request_<0>&, uavcan::protocol::GetDataTypeInfo_::Response_<0>&)>]	56	static
method_binder.hpp:39:5:uavcan::MethodBinder<ObjectPtr, MemFunPtr>::MethodBinder(ObjectPtr, MemFunPtr) [with ObjectPtr = uavcan::DataTypeInfoProvider*; MemFunPtr = void (uavcan::DataTypeInfoProvider::*)(const uavcan::protocol::GetDataTypeInfo_::Request_<0>&, uavcan::protocol::GetDataTypeInfo_::Response_<0>&)]	24	static
service_server.hpp:158:9:int uavcan::ServiceServer<DataType_, Callback_>::start(const Callback&) [with DataType_ = uavcan::protocol::GetDataTypeInfo_; Callback_ = uavcan::MethodBinder<uavcan::DataTypeInfoProvider*, void (uavcan::DataTypeInfoProvider::*)(const uavcan::protocol::GetDataTypeInfo_::Request_<0>&, uavcan::protocol::GetDataTypeInfo_::Response_<0>&)>]	24	static
generic_subscriber.hpp:213:10:void uavcan::GenericSubscriber<DataSpec, DataStruct, TransferListenerType>::stop() [with DataSpec = uavcan::protocol::GetDataTypeInfo_; DataStruct = uavcan::protocol::GetDataTypeInfo_::Request_<0>; TransferListenerType = uavcan::TransferListener]	24	static
global_data_type_registry.hpp:188:5:uavcan::DefaultDataTypeRegistrator<Type>::DefaultDataTypeRegistrator() [with Type = uavcan::protocol::debug::LogMessage_<0>]	32	static
publisher.hpp:68:30:static uavcan::MonotonicDuration uavcan::Publisher<DataType_>::getDefaultTxTimeout() [with DataType_ = uavcan::protocol::debug::LogMessage_<0>]	16	static
publisher.hpp:38:14:uavcan::Publisher<DataType_>::Publisher(uavcan::INode&, uavcan::MonotonicDuration, uavcan::MonotonicDuration) [with DataType_ = uavcan::protocol::debug::LogMessage_<0>]	48	static
generic_publisher.hpp:118:5:uavcan::GenericPublisher<DataSpec, DataStruct>::~GenericPublisher() [with DataSpec = uavcan::protocol::debug::LogMessage_<0>; DataStruct = uavcan::protocol::debug::LogMessage_<0>]	16	static
LogMessage.hpp:87:5:uavcan::protocol::debug::LogMessage_<_tmpl>::LogMessage_() [with int _tmpl = 0]	16	static
array.hpp:306:5:uavcan::ArrayImpl<T, ArrayMode, MaxSize>::~ArrayImpl() [with T = uavcan::IntegerSpec<8, (uavcan::Signedness)0, (uavcan::CastMode)0>; uavcan::ArrayMode ArrayMode = (uavcan::ArrayMode)1; unsigned int MaxSize = 31]	16	static
array.hpp:306:5:uavcan::ArrayImpl<T, ArrayMode, MaxSize>::~ArrayImpl() [with T = uavcan::IntegerSpec<8, (uavcan::Signedness)0, (uavcan::CastMode)0>; uavcan::ArrayMode ArrayMode = (uavcan::ArrayMode)1; unsigned int MaxSize = 90]	16	static
time.hpp:52:10:bool uavcan::DurationBase<D>::operator==(const D&) const [with D = uavcan::MonotonicDuration]	16	static
generic_publisher.hpp:132:9:int uavcan::GenericPublisher<DataSpec, DataStruct>::init(uavcan::TransferPriority) [with DataSpec = uavcan::protocol::debug::LogMessage_<0>; DataStruct = uavcan::protocol::debug::LogMessage_<0>]	16	static
publisher.hpp:52:9:int uavcan::Publisher<DataType_>::broadcast(const DataType&) [with DataType_ = uavcan::protocol::debug::LogMessage_<0>]	40	static
integer_spec.hpp:131:17:static void uavcan::IntegerSpec<BitLen_, Signedness, CastMode>::extendDataTypeSignature(uavcan::DataTypeSignature&) [with unsigned int BitLen_ = 40; uavcan::Signedness Signedness = (uavcan::Signedness)0; uavcan::CastMode CastMode = (uavcan::CastMode)0]	16	static
integer_spec.hpp:168:17:static void uavcan::IntegerSpec<1, (uavcan::Signedness)0, CastMode>::extendDataTypeSignature(uavcan::DataTypeSignature&) [with uavcan::CastMode CastMode = (uavcan::CastMode)0]	16	static
global_data_type_registry.hpp:188:5:uavcan::DefaultDataTypeRegistrator<Type>::DefaultDataTypeRegistrator() [with Type = uavcan::protocol::RestartNode_]	32	static
generic_subscriber.hpp:75:12:uavcan::NodeID uavcan::ReceivedDataStructure<DataType_>::getSrcNodeID() const [with DataType_ = uavcan::protocol::RestartNode_::Request_<0>]	16	static
service_server.hpp:143:14:uavcan::ServiceServer<DataType_, Callback_>::ServiceServer(uavcan::INode&) [with DataType_ = uavcan::protocol::RestartNode_; Callback_ = uavcan::MethodBinder<const uavcan::RestartRequestServer*, void (uavcan::RestartRequestServer::*)(const uavcan::ReceivedDataStructure<uavcan::protocol::RestartNode_::Request_<0> >&, uavcan::protocol::RestartNode_::Response_<0>&) const>]	56	static
method_binder.hpp:39:5:uavcan::MethodBinder<ObjectPtr, MemFunPtr>::MethodBinder(ObjectPtr, MemFunPtr) [with ObjectPtr = const uavcan::RestartRequestServer*; MemFunPtr = void (uavcan::RestartRequestServer::*)(const uavcan::ReceivedDataStructure<uavcan::protocol::RestartNode_::Request_<0> >&, uavcan::protocol::RestartNode_::Response_<0>&) const]	24	static
service_server.hpp:158:9:int uavcan::ServiceServer<DataType_, Callback_>::start(const Callback&) [with DataType_ = uavcan::protocol::RestartNode_; Callback_ = uavcan::MethodBinder<const uavcan::RestartRequestServer*, void (uavcan::RestartRequestServer::*)(const uavcan::ReceivedDataStructure<uavcan::protocol::RestartNode_::Request_<0> >&, uavcan::protocol::RestartNode_::Response_<0>&) const>]	24	static
integer_spec.hpp:131:17:static void uavcan::IntegerSpec<BitLen_, Signedness, CastMode>::extendDataTypeSignature(uavcan::DataTypeSignature&) [with unsigned int BitLen_ = 48; uavcan::Signedness Signedness = (uavcan::Signedness)0; uavcan::CastMode CastMode = (uavcan::CastMode)0]	16	static
array.hpp:707:17:static void uavcan::Array<T, ArrayMode, MaxSize_>::extendDataTypeSignature(uavcan::DataTypeSignature&) [with T = uavcan::protocol::CANIfaceStats_<0>; uavcan::ArrayMode ArrayMode = (uavcan::ArrayMode)1; unsigned int MaxSize_ = 3]	16	static
global_data_type_registry.hpp:188:5:uavcan::DefaultDataTypeRegistrator<Type>::DefaultDataTypeRegistrator() [with Type = uavcan::protocol::GetTransportStats_]	32	static
CANIfaceStats.hpp:82:5:uavcan::protocol::CANIfaceStats_<_tmpl>::CANIfaceStats_() [with int _tmpl = 0]	24	static
array.hpp:718:10:void uavcan::Array<T, ArrayMode, MaxSize_>::push_back(const ValueType&) [with T = uavcan::protocol::CANIfaceStats_<0>; uavcan::ArrayMode ArrayMode = (uavcan::ArrayMode)1; unsigned int MaxSize_ = 3]	24	static
service_server.hpp:143:14:uavcan::ServiceServer<DataType_, Callback_>::ServiceServer(uavcan::INode&) [with DataType_ = uavcan::protocol::GetTransportStats_; Callback_ = uavcan::MethodBinder<const uavcan::TransportStatsProvider*, void (uavcan::TransportStatsProvider::*)(const uavcan::protocol::GetTransportStats_::Request_<0>&, uavcan::protocol::GetTransportStats_::Response_<0>&) const>]	56	static
method_binder.hpp:39:5:uavcan::MethodBinder<ObjectPtr, MemFunPtr>::MethodBinder(ObjectPtr, MemFunPtr) [with ObjectPtr = const uavcan::TransportStatsProvider*; MemFunPtr = void (uavcan::TransportStatsProvider::*)(const uavcan::protocol::GetTransportStats_::Request_<0>&, uavcan::protocol::GetTransportStats_::Response_<0>&) const]	24	static
service_server.hpp:158:9:int uavcan::ServiceServer<DataType_, Callback_>::start(const Callback&) [with DataType_ = uavcan::protocol::GetTransportStats_; Callback_ = uavcan::MethodBinder<const uavcan::TransportStatsProvider*, void (uavcan::TransportStatsProvider::*)(const uavcan::protocol::GetTransportStats_::Request_<0>&, uavcan::protocol::GetTransportStats_::Response_<0>&) const>]	24	static
Path.hpp:120:17:static void uavcan::protocol::file::Path_<_tmpl>::extendDataTypeSignature(uavcan::DataTypeSignature&) [with int _tmpl = 0]	24	static
array.hpp:707:17:static void uavcan::Array<T, ArrayMode, MaxSize_>::extendDataTypeSignature(uavcan::DataTypeSignature&) [with T = uavcan::IntegerSpec<8, (uavcan::Signedness)0, (uavcan::CastMode)0>; uavcan::ArrayMode ArrayMode = (uavcan::ArrayMode)1; unsigned int MaxSize_ = 127]	16	static
global_data_type_registry.hpp:188:5:uavcan::DefaultDataTypeRegistrator<Type>::DefaultDataTypeRegistrator() [with Type = uavcan::protocol::file::BeginFirmwareUpdate_]	32	static
can.hpp:47:7:uavcan_stm32::CanIface::~CanIface()	24	static
can.hpp:47:7:virtual uavcan_stm32::CanIface::~CanIface()	16	static
can.hpp:234:7:uavcan_stm32::CanDriver::~CanDriver()	16	static
can.hpp:234:7:virtual uavcan_stm32::CanDriver::~CanDriver()	16	static
can.hpp:302:5:uavcan_stm32::CanInitHelper<RxQueueCapacity>::CanInitHelper() [with unsigned int RxQueueCapacity = 128]	32	static
abstract_node.hpp:19:21:constexpr uavcan::INode::INode()	16	static
dynamic_memory.hpp:51:21:uavcan::PoolAllocator<8192, 56, char>::~PoolAllocator()	16	static
dynamic_memory.hpp:51:21:virtual uavcan::PoolAllocator<8192, 56, char>::~PoolAllocator()	16	static
scheduler.hpp:63:21:uavcan::Scheduler::~Scheduler()	16	static
node_status_provider.hpp:51:21:uavcan::NodeStatusProvider::~NodeStatusProvider()	16	static
node_status_provider.hpp:51:21:virtual uavcan::NodeStatusProvider::~NodeStatusProvider()	16	static
data_type_info_provider.hpp:21:21:uavcan::DataTypeInfoProvider::~DataTypeInfoProvider()	16	static
logger.hpp:58:21:uavcan::Logger::~Logger()	16	static
restart_request_server.hpp:38:21:uavcan::RestartRequestServer::~RestartRequestServer()	16	static
transport_stats_provider.hpp:19:21:uavcan::TransportStatsProvider::~TransportStatsProvider()	16	static
node.hpp:82:5:uavcan::Node<MemPoolSize>::Node(uavcan::ICanDriver&, uavcan::ISystemClock&) [with unsigned int MemPoolSize = 8192]	24	static
can.hpp:312:9:int uavcan_stm32::CanInitHelper<RxQueueCapacity>::init(uavcan::uint32_t) [with unsigned int RxQueueCapacity = 128]	16	static
array.hpp:692:5:uavcan::Array<T, ArrayMode, MaxSize_>::Array(const char*) [with T = uavcan::IntegerSpec<8, (uavcan::Signedness)0, (uavcan::CastMode)0>; uavcan::ArrayMode ArrayMode = (uavcan::ArrayMode)1; unsigned int MaxSize_ = 80]	16	static
node.hpp:167:10:void uavcan::Node<MemPoolSize>::setName(const NodeName&) [with unsigned int MemPoolSize = 8192]	16	static
node.hpp:274:5:int uavcan::Node<MemPoolSize>::start(uavcan::TransferPriority) [with unsigned int MemPoolSize = 8192]	24	static
std_function.h:414:7:)>::function() [with _Res = void; _ArgTypes = {const uavcan::ServiceCallResult<uavcan::protocol::file::BeginFirmwareUpdate_>&}]	16	static
service_client.hpp:280:14:uavcan::ServiceClient<DataType_, Callback_>::ServiceClient(uavcan::INode&, const Callback&) [with DataType_ = uavcan::protocol::file::BeginFirmwareUpdate_; Callback_ = std::function<void(const uavcan::ServiceCallResult<uavcan::protocol::file::BeginFirmwareUpdate_>&)>]	56	static
service_client.hpp:294:13:uavcan::ServiceClient<DataType_, Callback_>::~ServiceClient() [with DataType_ = uavcan::protocol::file::BeginFirmwareUpdate_; Callback_ = std::function<void(const uavcan::ServiceCallResult<uavcan::protocol::file::BeginFirmwareUpdate_>&)>]	16	static
service_client.hpp:294:13:uavcan::ServiceClient<DataType_, Callback_>::~ServiceClient() [with DataType_ = uavcan::protocol::file::BeginFirmwareUpdate_; Callback_ = std::function<void(const uavcan::ServiceCallResult<uavcan::protocol::file::BeginFirmwareUpdate_>&)>]	16	static
service_client.hpp:300:9:int uavcan::ServiceClient<DataType_, Callback_>::init() [with DataType_ = uavcan::protocol::file::BeginFirmwareUpdate_; Callback_ = std::function<void(const uavcan::ServiceCallResult<uavcan::protocol::file::BeginFirmwareUpdate_>&)>]	16	static
service_client.hpp:79:10:bool uavcan::ServiceCallResult<DataType>::isSuccessful() const [with DataType = uavcan::protocol::file::BeginFirmwareUpdate_]	16	static
service_client.hpp:83:19:uavcan::ServiceCallID uavcan::ServiceCallResult<DataType>::getCallID() const [with DataType = uavcan::protocol::file::BeginFirmwareUpdate_]	24	static
move.h:98:5:constexpr typename std::remove_reference< <template-parameter-1-1> >::type&& std::move(_Tp&&) [with _Tp = StartDefaultTask(const void*)::<lambda(const uavcan::ServiceCallResult<uavcan::protocol::file::BeginFirmwareUpdate_>&)>&]	16	static
std_function.h:685:7:)>::function(_Functor) [with _Functor = StartDefaultTask(const void*)::<lambda(const uavcan::ServiceCallResult<uavcan::protocol::file::BeginFirmwareUpdate_>&)>; <template-parameter-2-2> = void; <template-parameter-2-3> = void; _Res = void; _ArgTypes = {const uavcan::ServiceCallResult<uavcan::protocol::file::BeginFirmwareUpdate_>&}]	24	static
service_client.hpp:358:10:void uavcan::ServiceClient<DataType_, Callback_>::setCallback(const Callback&) [with DataType_ = uavcan::protocol::file::BeginFirmwareUpdate_; Callback_ = std::function<void(const uavcan::ServiceCallResult<uavcan::protocol::file::BeginFirmwareUpdate_>&)>]	16	static
BeginFirmwareUpdate.hpp:115:9:uavcan::protocol::file::BeginFirmwareUpdate_::Request_<_tmpl>::Request_() [with int _tmpl = 0]	16	static
array.hpp:306:5:uavcan::ArrayImpl<T, ArrayMode, MaxSize>::~ArrayImpl() [with T = uavcan::IntegerSpec<8, (uavcan::Signedness)0, (uavcan::CastMode)0>; uavcan::ArrayMode ArrayMode = (uavcan::ArrayMode)1; unsigned int MaxSize = 200]	16	static
service_client.hpp:488:5:int uavcan::ServiceClient<DataType_, Callback_>::call(uavcan::NodeID, const RequestType&) [with DataType_ = uavcan::protocol::file::BeginFirmwareUpdate_; Callback_ = std::function<void(const uavcan::ServiceCallResult<uavcan::protocol::file::BeginFirmwareUpdate_>&)>]	32	static
node.hpp:181:10:void uavcan::Node<MemPoolSize>::setModeOperational() [with unsigned int MemPoolSize = 8192]	16	static
service_client.hpp:370:10:bool uavcan::ServiceClient<DataType_, Callback_>::hasPendingCalls() const [with DataType_ = uavcan::protocol::file::BeginFirmwareUpdate_; Callback_ = std::function<void(const uavcan::ServiceCallResult<uavcan::protocol::file::BeginFirmwareUpdate_>&)>]	16	static
node.hpp:129:9:int uavcan::Node<MemPoolSize>::spin(uavcan::MonotonicDuration) [with unsigned int MemPoolSize = 8192]	32	static
linked_list.hpp:49:5:uavcan::LinkedListRoot<T>::LinkedListRoot() [with T = uavcan::Map<uavcan::TransferBufferManagerKey, uavcan::TransferReceiver>::KVGroup]	16	static
linked_list.hpp:49:5:uavcan::LinkedListRoot<T>::LinkedListRoot() [with T = uavcan::Map<uavcan::OutgoingTransferRegistryKey, uavcan::OutgoingTransferRegistry::Value>::KVGroup]	16	static
map.hpp:327:6:void uavcan::Map<Key, Value>::clear() [with Key = uavcan::OutgoingTransferRegistryKey; Value = uavcan::OutgoingTransferRegistry::Value]	24	static
lazy_constructor.hpp:100:10:void uavcan::LazyConstructor<T>::destroy() [with T = uavcan::CanTxQueue]	24	static
time.hpp:55:10:bool uavcan::DurationBase<D>::operator<(const D&) const [with D = uavcan::MonotonicDuration]	16	static
time.hpp:49:10:bool uavcan::DurationBase<D>::isNegative() const [with D = uavcan::MonotonicDuration]	16	static
time.hpp:46:7:D uavcan::DurationBase<D>::getAbs() const [with D = uavcan::MonotonicDuration]	24	static
time.hpp:43:13:uavcan::int64_t uavcan::DurationBase<D>::toUSec() const [with D = uavcan::MonotonicDuration]	16	static
time.hpp:26:5:uavcan::DurationBase<D>::DurationBase() [with D = uavcan::MonotonicDuration]	24	static
global_data_type_registry.hpp:37:12:uavcan::GlobalDataTypeRegistry::Entry::~Entry()	16	static
global_data_type_registry.hpp:215:18:void __tcf_1()	8	static
global_data_type_registry.hpp:208:44:uavcan::GlobalDataTypeRegistry::RegistrationResult uavcan::GlobalDataTypeRegistry::registerDataType(uavcan::DataTypeID) [with Type = uavcan::protocol::NodeStatus_<0>]	72	static
NodeStatus.hpp:329:29:static uavcan::DataTypeSignature uavcan::protocol::NodeStatus_<_tmpl>::getDataTypeSignature() [with int _tmpl = 0]	16	static
SoftwareVersion.hpp:285:29:static uavcan::DataTypeSignature uavcan::protocol::SoftwareVersion_<_tmpl>::getDataTypeSignature() [with int _tmpl = 0]	16	static
HardwareVersion.hpp:239:29:static uavcan::DataTypeSignature uavcan::protocol::HardwareVersion_<_tmpl>::getDataTypeSignature() [with int _tmpl = 0]	16	static
global_data_type_registry.hpp:215:18:void __tcf_2()	8	static
global_data_type_registry.hpp:208:44:uavcan::GlobalDataTypeRegistry::RegistrationResult uavcan::GlobalDataTypeRegistry::registerDataType(uavcan::DataTypeID) [with Type = uavcan::protocol::GetNodeInfo_]	72	static
generic_publisher.hpp:113:5:uavcan::GenericPublisher<DataSpec, DataStruct>::GenericPublisher(uavcan::INode&, uavcan::MonotonicDuration, uavcan::MonotonicDuration) [with DataSpec = uavcan::protocol::NodeStatus_<0>; DataStruct = uavcan::protocol::NodeStatus_<0>]	48	static
service_server.hpp:183:30:static uavcan::MonotonicDuration uavcan::ServiceServer<DataType_, Callback_>::getDefaultTxTimeout() [with DataType_ = uavcan::protocol::GetNodeInfo_; Callback_ = uavcan::MethodBinder<uavcan::NodeStatusProvider*, void (uavcan::NodeStatusProvider::*)(const uavcan::protocol::GetNodeInfo_::Request_<0>&, uavcan::protocol::GetNodeInfo_::Response_<0>&)>]	16	static
generic_subscriber.hpp:173:14:uavcan::GenericSubscriber<DataSpec, DataStruct, TransferListenerType>::GenericSubscriber(uavcan::INode&) [with DataSpec = uavcan::protocol::GetNodeInfo_; DataStruct = uavcan::protocol::GetNodeInfo_::Request_<0>; TransferListenerType = uavcan::TransferListener]	16	static
generic_subscriber.hpp:176:13:uavcan::GenericSubscriber<DataSpec, DataStruct, TransferListenerType>::~GenericSubscriber() [with DataSpec = uavcan::protocol::GetNodeInfo_; DataStruct = uavcan::protocol::GetNodeInfo_::Request_<0>; TransferListenerType = uavcan::TransferListener]	16	static
generic_subscriber.hpp:176:13:uavcan::GenericSubscriber<DataSpec, DataStruct, TransferListenerType>::~GenericSubscriber() [with DataSpec = uavcan::protocol::GetNodeInfo_; DataStruct = uavcan::protocol::GetNodeInfo_::Request_<0>; TransferListenerType = uavcan::TransferListener]	16	static
generic_publisher.hpp:113:5:uavcan::GenericPublisher<DataSpec, DataStruct>::GenericPublisher(uavcan::INode&, uavcan::MonotonicDuration, uavcan::MonotonicDuration) [with DataSpec = uavcan::protocol::GetNodeInfo_; DataStruct = uavcan::protocol::GetNodeInfo_::Response_<0>]	48	static
generic_publisher.hpp:118:5:uavcan::GenericPublisher<DataSpec, DataStruct>::~GenericPublisher() [with DataSpec = uavcan::protocol::GetNodeInfo_; DataStruct = uavcan::protocol::GetNodeInfo_::Response_<0>]	16	static
method_binder.hpp:34:5:uavcan::MethodBinder<ObjectPtr, MemFunPtr>::MethodBinder() [with ObjectPtr = uavcan::NodeStatusProvider*; MemFunPtr = void (uavcan::NodeStatusProvider::*)(const uavcan::protocol::GetNodeInfo_::Request_<0>&, uavcan::protocol::GetNodeInfo_::Response_<0>&)]	16	static
service_server.hpp:187:23:uavcan::MonotonicDuration uavcan::ServiceServer<DataType_, Callback_>::getTxTimeout() const [with DataType_ = uavcan::protocol::GetNodeInfo_; Callback_ = uavcan::MethodBinder<uavcan::NodeStatusProvider*, void (uavcan::NodeStatusProvider::*)(const uavcan::protocol::GetNodeInfo_::Request_<0>&, uavcan::protocol::GetNodeInfo_::Response_<0>&)>]	16	static
NodeStatus.hpp:181:5:uavcan::protocol::NodeStatus_<_tmpl>::NodeStatus_() [with int _tmpl = 0]	16	static
SoftwareVersion.hpp:137:5:uavcan::protocol::SoftwareVersion_<_tmpl>::SoftwareVersion_() [with int _tmpl = 0]	24	static
HardwareVersion.hpp:104:5:uavcan::protocol::HardwareVersion_<_tmpl>::HardwareVersion_() [with int _tmpl = 0]	16	static
array.hpp:686:5:uavcan::Array<T, ArrayMode, MaxSize_>::Array() [with T = uavcan::IntegerSpec<8, (uavcan::Signedness)0, (uavcan::CastMode)0>; uavcan::ArrayMode ArrayMode = (uavcan::ArrayMode)1; unsigned int MaxSize_ = 80]	16	static
array.hpp:187:5:uavcan::StaticArrayBase<Size>::~StaticArrayBase() [with unsigned int Size = 16]	16	static
array.hpp:219:5:uavcan::DynamicArrayBase<MaxSize>::~DynamicArrayBase() [with unsigned int MaxSize = 255]	16	static
array.hpp:219:5:uavcan::DynamicArrayBase<MaxSize>::~DynamicArrayBase() [with unsigned int MaxSize = 80]	16	static
DataTypeKind.hpp:172:29:static uavcan::DataTypeSignature uavcan::protocol::DataTypeKind_<_tmpl>::getDataTypeSignature() [with int _tmpl = 0]	16	static
global_data_type_registry.hpp:215:18:void __tcf_3()	8	static
global_data_type_registry.hpp:208:44:uavcan::GlobalDataTypeRegistry::RegistrationResult uavcan::GlobalDataTypeRegistry::registerDataType(uavcan::DataTypeID) [with Type = uavcan::protocol::GetDataTypeInfo_]	72	static
array.hpp:258:14:uavcan::DynamicArrayBase<MaxSize>::SizeType uavcan::DynamicArrayBase<MaxSize>::size() const [with unsigned int MaxSize = 80]	16	static
array.hpp:266:10:void uavcan::DynamicArrayBase<MaxSize>::clear() [with unsigned int MaxSize = 80]	16	static
array.hpp:718:10:void uavcan::Array<T, ArrayMode, MaxSize_>::push_back(const ValueType&) [with T = uavcan::IntegerSpec<8, (uavcan::Signedness)0, (uavcan::CastMode)0>; uavcan::ArrayMode ArrayMode = (uavcan::ArrayMode)1; unsigned int MaxSize_ = 80]	24	static
service_server.hpp:183:30:static uavcan::MonotonicDuration uavcan::ServiceServer<DataType_, Callback_>::getDefaultTxTimeout() [with DataType_ = uavcan::protocol::GetDataTypeInfo_; Callback_ = uavcan::MethodBinder<uavcan::DataTypeInfoProvider*, void (uavcan::DataTypeInfoProvider::*)(const uavcan::protocol::GetDataTypeInfo_::Request_<0>&, uavcan::protocol::GetDataTypeInfo_::Response_<0>&)>]	16	static
generic_subscriber.hpp:173:14:uavcan::GenericSubscriber<DataSpec, DataStruct, TransferListenerType>::GenericSubscriber(uavcan::INode&) [with DataSpec = uavcan::protocol::GetDataTypeInfo_; DataStruct = uavcan::protocol::GetDataTypeInfo_::Request_<0>; TransferListenerType = uavcan::TransferListener]	16	static
generic_subscriber.hpp:176:13:uavcan::GenericSubscriber<DataSpec, DataStruct, TransferListenerType>::~GenericSubscriber() [with DataSpec = uavcan::protocol::GetDataTypeInfo_; DataStruct = uavcan::protocol::GetDataTypeInfo_::Request_<0>; TransferListenerType = uavcan::TransferListener]	16	static
generic_subscriber.hpp:176:13:uavcan::GenericSubscriber<DataSpec, DataStruct, TransferListenerType>::~GenericSubscriber() [with DataSpec = uavcan::protocol::GetDataTypeInfo_; DataStruct = uavcan::protocol::GetDataTypeInfo_::Request_<0>; TransferListenerType = uavcan::TransferListener]	16	static
generic_publisher.hpp:113:5:uavcan::GenericPublisher<DataSpec, DataStruct>::GenericPublisher(uavcan::INode&, uavcan::MonotonicDuration, uavcan::MonotonicDuration) [with DataSpec = uavcan::protocol::GetDataTypeInfo_; DataStruct = uavcan::protocol::GetDataTypeInfo_::Response_<0>]	48	static
generic_publisher.hpp:118:5:uavcan::GenericPublisher<DataSpec, DataStruct>::~GenericPublisher() [with DataSpec = uavcan::protocol::GetDataTypeInfo_; DataStruct = uavcan::protocol::GetDataTypeInfo_::Response_<0>]	16	static
method_binder.hpp:34:5:uavcan::MethodBinder<ObjectPtr, MemFunPtr>::MethodBinder() [with ObjectPtr = uavcan::DataTypeInfoProvider*; MemFunPtr = void (uavcan::DataTypeInfoProvider::*)(const uavcan::protocol::GetDataTypeInfo_::Request_<0>&, uavcan::protocol::GetDataTypeInfo_::Response_<0>&)]	16	static
service_server.hpp:187:23:uavcan::MonotonicDuration uavcan::ServiceServer<DataType_, Callback_>::getTxTimeout() const [with DataType_ = uavcan::protocol::GetDataTypeInfo_; Callback_ = uavcan::MethodBinder<uavcan::DataTypeInfoProvider*, void (uavcan::DataTypeInfoProvider::*)(const uavcan::protocol::GetDataTypeInfo_::Request_<0>&, uavcan::protocol::GetDataTypeInfo_::Response_<0>&)>]	16	static
templates.hpp:172:4:To uavcan::coerceOrFallback(const From&, const To&) [with To = bool; From = uavcan::MethodBinder<uavcan::DataTypeInfoProvider*, void (uavcan::DataTypeInfoProvider::*)(const uavcan::protocol::GetDataTypeInfo_::Request_<0>&, uavcan::protocol::GetDataTypeInfo_::Response_<0>&)>]	24	static
generic_publisher.hpp:124:9:int uavcan::GenericPublisher<DataSpec, DataStruct>::init() [with DataSpec = uavcan::protocol::GetDataTypeInfo_; DataStruct = uavcan::protocol::GetDataTypeInfo_::Response_<0>]	16	static
generic_subscriber.hpp:186:9:int uavcan::GenericSubscriber<DataSpec, DataStruct, TransferListenerType>::startAsServiceRequestListener() [with DataSpec = uavcan::protocol::GetDataTypeInfo_; DataStruct = uavcan::protocol::GetDataTypeInfo_::Request_<0>; TransferListenerType = uavcan::TransferListener]	24	static
lazy_constructor.hpp:92:5:uavcan::LazyConstructor<T>::operator T*() const [with T = uavcan::GenericSubscriber<uavcan::protocol::GetDataTypeInfo_, uavcan::protocol::GetDataTypeInfo_::Request_<0>, uavcan::TransferListener>::TransferForwarder]	16	static
global_data_type_registry.hpp:215:18:void __tcf_4()	8	static
global_data_type_registry.hpp:208:44:uavcan::GlobalDataTypeRegistry::RegistrationResult uavcan::GlobalDataTypeRegistry::registerDataType(uavcan::DataTypeID) [with Type = uavcan::protocol::debug::LogMessage_<0>]	72	static
generic_publisher.hpp:113:5:uavcan::GenericPublisher<DataSpec, DataStruct>::GenericPublisher(uavcan::INode&, uavcan::MonotonicDuration, uavcan::MonotonicDuration) [with DataSpec = uavcan::protocol::debug::LogMessage_<0>; DataStruct = uavcan::protocol::debug::LogMessage_<0>]	48	static
LogLevel.hpp:86:5:uavcan::protocol::debug::LogLevel_<_tmpl>::LogLevel_() [with int _tmpl = 0]	16	static
array.hpp:686:5:uavcan::Array<T, ArrayMode, MaxSize_>::Array() [with T = uavcan::IntegerSpec<8, (uavcan::Signedness)0, (uavcan::CastMode)0>; uavcan::ArrayMode ArrayMode = (uavcan::ArrayMode)1; unsigned int MaxSize_ = 31]	16	static
array.hpp:686:5:uavcan::Array<T, ArrayMode, MaxSize_>::Array() [with T = uavcan::IntegerSpec<8, (uavcan::Signedness)0, (uavcan::CastMode)0>; uavcan::ArrayMode ArrayMode = (uavcan::ArrayMode)1; unsigned int MaxSize_ = 90]	16	static
array.hpp:219:5:uavcan::DynamicArrayBase<MaxSize>::~DynamicArrayBase() [with unsigned int MaxSize = 31]	16	static
array.hpp:219:5:uavcan::DynamicArrayBase<MaxSize>::~DynamicArrayBase() [with unsigned int MaxSize = 90]	16	static
generic_publisher.hpp:154:5:int uavcan::GenericPublisher<DataSpec, DataStruct>::checkInit() [with DataSpec = uavcan::protocol::debug::LogMessage_<0>; DataStruct = uavcan::protocol::debug::LogMessage_<0>]	24	static
generic_publisher.hpp:138:9:int uavcan::GenericPublisher<DataSpec, DataStruct>::publish(const DataStruct&, uavcan::TransferType, uavcan::NodeID, uavcan::MonotonicTime) [with DataSpec = uavcan::protocol::debug::LogMessage_<0>; DataStruct = uavcan::protocol::debug::LogMessage_<0>]	48	static
global_data_type_registry.hpp:215:18:void __tcf_5()	8	static
global_data_type_registry.hpp:208:44:uavcan::GlobalDataTypeRegistry::RegistrationResult uavcan::GlobalDataTypeRegistry::registerDataType(uavcan::DataTypeID) [with Type = uavcan::protocol::RestartNode_]	72	static
generic_subscriber.hpp:44:9:Ret uavcan::ReceivedDataStructure<DataType_>::safeget() const [with Ret = uavcan::NodeID; Ret (uavcan::IncomingTransfer::* Fun)() const = &uavcan::IncomingTransfer::getSrcNodeID; DataType_ = uavcan::protocol::RestartNode_::Request_<0>]	24	static
service_server.hpp:183:30:static uavcan::MonotonicDuration uavcan::ServiceServer<DataType_, Callback_>::getDefaultTxTimeout() [with DataType_ = uavcan::protocol::RestartNode_; Callback_ = uavcan::MethodBinder<const uavcan::RestartRequestServer*, void (uavcan::RestartRequestServer::*)(const uavcan::ReceivedDataStructure<uavcan::protocol::RestartNode_::Request_<0> >&, uavcan::protocol::RestartNode_::Response_<0>&) const>]	16	static
generic_subscriber.hpp:173:14:uavcan::GenericSubscriber<DataSpec, DataStruct, TransferListenerType>::GenericSubscriber(uavcan::INode&) [with DataSpec = uavcan::protocol::RestartNode_; DataStruct = uavcan::protocol::RestartNode_::Request_<0>; TransferListenerType = uavcan::TransferListener]	16	static
generic_subscriber.hpp:176:13:uavcan::GenericSubscriber<DataSpec, DataStruct, TransferListenerType>::~GenericSubscriber() [with DataSpec = uavcan::protocol::RestartNode_; DataStruct = uavcan::protocol::RestartNode_::Request_<0>; TransferListenerType = uavcan::TransferListener]	16	static
generic_subscriber.hpp:176:13:uavcan::GenericSubscriber<DataSpec, DataStruct, TransferListenerType>::~GenericSubscriber() [with DataSpec = uavcan::protocol::RestartNode_; DataStruct = uavcan::protocol::RestartNode_::Request_<0>; TransferListenerType = uavcan::TransferListener]	16	static
generic_publisher.hpp:113:5:uavcan::GenericPublisher<DataSpec, DataStruct>::GenericPublisher(uavcan::INode&, uavcan::MonotonicDuration, uavcan::MonotonicDuration) [with DataSpec = uavcan::protocol::RestartNode_; DataStruct = uavcan::protocol::RestartNode_::Response_<0>]	48	static
generic_publisher.hpp:118:5:uavcan::GenericPublisher<DataSpec, DataStruct>::~GenericPublisher() [with DataSpec = uavcan::protocol::RestartNode_; DataStruct = uavcan::protocol::RestartNode_::Response_<0>]	16	static
method_binder.hpp:34:5:uavcan::MethodBinder<ObjectPtr, MemFunPtr>::MethodBinder() [with ObjectPtr = const uavcan::RestartRequestServer*; MemFunPtr = void (uavcan::RestartRequestServer::*)(const uavcan::ReceivedDataStructure<uavcan::protocol::RestartNode_::Request_<0> >&, uavcan::protocol::RestartNode_::Response_<0>&) const]	16	static
service_server.hpp:187:23:uavcan::MonotonicDuration uavcan::ServiceServer<DataType_, Callback_>::getTxTimeout() const [with DataType_ = uavcan::protocol::RestartNode_; Callback_ = uavcan::MethodBinder<const uavcan::RestartRequestServer*, void (uavcan::RestartRequestServer::*)(const uavcan::ReceivedDataStructure<uavcan::protocol::RestartNode_::Request_<0> >&, uavcan::protocol::RestartNode_::Response_<0>&) const>]	16	static
generic_subscriber.hpp:213:10:void uavcan::GenericSubscriber<DataSpec, DataStruct, TransferListenerType>::stop() [with DataSpec = uavcan::protocol::RestartNode_; DataStruct = uavcan::protocol::RestartNode_::Request_<0>; TransferListenerType = uavcan::TransferListener]	24	static
templates.hpp:172:4:To uavcan::coerceOrFallback(const From&, const To&) [with To = bool; From = uavcan::MethodBinder<const uavcan::RestartRequestServer*, void (uavcan::RestartRequestServer::*)(const uavcan::ReceivedDataStructure<uavcan::protocol::RestartNode_::Request_<0> >&, uavcan::protocol::RestartNode_::Response_<0>&) const>]	24	static
generic_publisher.hpp:124:9:int uavcan::GenericPublisher<DataSpec, DataStruct>::init() [with DataSpec = uavcan::protocol::RestartNode_; DataStruct = uavcan::protocol::RestartNode_::Response_<0>]	16	static
generic_subscriber.hpp:186:9:int uavcan::GenericSubscriber<DataSpec, DataStruct, TransferListenerType>::startAsServiceRequestListener() [with DataSpec = uavcan::protocol::RestartNode_; DataStruct = uavcan::protocol::RestartNode_::Request_<0>; TransferListenerType = uavcan::TransferListener]	24	static
CANIfaceStats.hpp:125:17:static void uavcan::protocol::CANIfaceStats_<_tmpl>::extendDataTypeSignature(uavcan::DataTypeSignature&) [with int _tmpl = 0]	24	static
global_data_type_registry.hpp:215:18:void __tcf_6()	8	static
global_data_type_registry.hpp:208:44:uavcan::GlobalDataTypeRegistry::RegistrationResult uavcan::GlobalDataTypeRegistry::registerDataType(uavcan::DataTypeID) [with Type = uavcan::protocol::GetTransportStats_]	72	static
array.hpp:235:10:void uavcan::DynamicArrayBase<MaxSize>::grow() [with unsigned int MaxSize = 3]	16	static
array.hpp:258:14:uavcan::DynamicArrayBase<MaxSize>::SizeType uavcan::DynamicArrayBase<MaxSize>::size() const [with unsigned int MaxSize = 3]	16	static
array.hpp:337:16:uavcan::ArrayImpl<T, ArrayMode, MaxSize>::ValueType& uavcan::ArrayImpl<T, ArrayMode, MaxSize>::at(uavcan::ArrayImpl<T, ArrayMode, MaxSize>::SizeType) [with T = uavcan::protocol::CANIfaceStats_<0>; uavcan::ArrayMode ArrayMode = (uavcan::ArrayMode)1; unsigned int MaxSize = 3]	16	static
service_server.hpp:183:30:static uavcan::MonotonicDuration uavcan::ServiceServer<DataType_, Callback_>::getDefaultTxTimeout() [with DataType_ = uavcan::protocol::GetTransportStats_; Callback_ = uavcan::MethodBinder<const uavcan::TransportStatsProvider*, void (uavcan::TransportStatsProvider::*)(const uavcan::protocol::GetTransportStats_::Request_<0>&, uavcan::protocol::GetTransportStats_::Response_<0>&) const>]	16	static
generic_subscriber.hpp:173:14:uavcan::GenericSubscriber<DataSpec, DataStruct, TransferListenerType>::GenericSubscriber(uavcan::INode&) [with DataSpec = uavcan::protocol::GetTransportStats_; DataStruct = uavcan::protocol::GetTransportStats_::Request_<0>; TransferListenerType = uavcan::TransferListener]	16	static
generic_subscriber.hpp:176:13:uavcan::GenericSubscriber<DataSpec, DataStruct, TransferListenerType>::~GenericSubscriber() [with DataSpec = uavcan::protocol::GetTransportStats_; DataStruct = uavcan::protocol::GetTransportStats_::Request_<0>; TransferListenerType = uavcan::TransferListener]	16	static
generic_subscriber.hpp:176:13:uavcan::GenericSubscriber<DataSpec, DataStruct, TransferListenerType>::~GenericSubscriber() [with DataSpec = uavcan::protocol::GetTransportStats_; DataStruct = uavcan::protocol::GetTransportStats_::Request_<0>; TransferListenerType = uavcan::TransferListener]	16	static
generic_publisher.hpp:113:5:uavcan::GenericPublisher<DataSpec, DataStruct>::GenericPublisher(uavcan::INode&, uavcan::MonotonicDuration, uavcan::MonotonicDuration) [with DataSpec = uavcan::protocol::GetTransportStats_; DataStruct = uavcan::protocol::GetTransportStats_::Response_<0>]	48	static
generic_publisher.hpp:118:5:uavcan::GenericPublisher<DataSpec, DataStruct>::~GenericPublisher() [with DataSpec = uavcan::protocol::GetTransportStats_; DataStruct = uavcan::protocol::GetTransportStats_::Response_<0>]	16	static
method_binder.hpp:34:5:uavcan::MethodBinder<ObjectPtr, MemFunPtr>::MethodBinder() [with ObjectPtr = const uavcan::TransportStatsProvider*; MemFunPtr = void (uavcan::TransportStatsProvider::*)(const uavcan::protocol::GetTransportStats_::Request_<0>&, uavcan::protocol::GetTransportStats_::Response_<0>&) const]	16	static
service_server.hpp:187:23:uavcan::MonotonicDuration uavcan::ServiceServer<DataType_, Callback_>::getTxTimeout() const [with DataType_ = uavcan::protocol::GetTransportStats_; Callback_ = uavcan::MethodBinder<const uavcan::TransportStatsProvider*, void (uavcan::TransportStatsProvider::*)(const uavcan::protocol::GetTransportStats_::Request_<0>&, uavcan::protocol::GetTransportStats_::Response_<0>&) const>]	16	static
generic_subscriber.hpp:213:10:void uavcan::GenericSubscriber<DataSpec, DataStruct, TransferListenerType>::stop() [with DataSpec = uavcan::protocol::GetTransportStats_; DataStruct = uavcan::protocol::GetTransportStats_::Request_<0>; TransferListenerType = uavcan::TransferListener]	24	static
templates.hpp:172:4:To uavcan::coerceOrFallback(const From&, const To&) [with To = bool; From = uavcan::MethodBinder<const uavcan::TransportStatsProvider*, void (uavcan::TransportStatsProvider::*)(const uavcan::protocol::GetTransportStats_::Request_<0>&, uavcan::protocol::GetTransportStats_::Response_<0>&) const>]	24	static
generic_publisher.hpp:124:9:int uavcan::GenericPublisher<DataSpec, DataStruct>::init() [with DataSpec = uavcan::protocol::GetTransportStats_; DataStruct = uavcan::protocol::GetTransportStats_::Response_<0>]	16	static
generic_subscriber.hpp:186:9:int uavcan::GenericSubscriber<DataSpec, DataStruct, TransferListenerType>::startAsServiceRequestListener() [with DataSpec = uavcan::protocol::GetTransportStats_; DataStruct = uavcan::protocol::GetTransportStats_::Request_<0>; TransferListenerType = uavcan::TransferListener]	24	static
Path.hpp:175:29:static uavcan::DataTypeSignature uavcan::protocol::file::Path_<_tmpl>::getDataTypeSignature() [with int _tmpl = 0]	16	static
global_data_type_registry.hpp:215:18:void __tcf_7()	8	static
global_data_type_registry.hpp:208:44:uavcan::GlobalDataTypeRegistry::RegistrationResult uavcan::GlobalDataTypeRegistry::registerDataType(uavcan::DataTypeID) [with Type = uavcan::protocol::file::BeginFirmwareUpdate_]	72	static
can.hpp:197:21:constexpr uavcan::ICanDriver::ICanDriver()	16	static
can.hpp:250:5:uavcan_stm32::CanDriver::CanDriver(uavcan_stm32::CanRxItem (&)[1][RxQueueCapacity]) [with unsigned int RxQueueCapacity = 128]	32	static
dynamic_memory.hpp:142:1:uavcan::PoolAllocator<PoolSize, BlockSize, RaiiSynchronizer>::PoolAllocator() [with unsigned int PoolSize = 8192; unsigned char BlockSize = 56; RaiiSynchronizer = char]	32	static
node.hpp:60:10:void uavcan::Node<MemPoolSize>::commonInit() [with unsigned int MemPoolSize = 8192]	16	static
array.hpp:315:5:uavcan::ArrayImpl<T, ArrayMode, MaxSize>::ArrayImpl() [with T = uavcan::IntegerSpec<8, (uavcan::Signedness)0, (uavcan::CastMode)0>; uavcan::ArrayMode ArrayMode = (uavcan::ArrayMode)1; unsigned int MaxSize = 80]	16	static
array.hpp:850:15:uavcan::Array<T, ArrayMode, MaxSize_>::SelfType& uavcan::Array<T, ArrayMode, MaxSize_>::operator+=(const char*) [with T = uavcan::IntegerSpec<8, (uavcan::Signedness)0, (uavcan::CastMode)0>; uavcan::ArrayMode ArrayMode = (uavcan::ArrayMode)1; unsigned int MaxSize_ = 80]	24	static
generic_subscriber.hpp:173:14:uavcan::GenericSubscriber<DataSpec, DataStruct, TransferListenerType>::GenericSubscriber(uavcan::INode&) [with DataSpec = uavcan::protocol::file::BeginFirmwareUpdate_; DataStruct = uavcan::protocol::file::BeginFirmwareUpdate_::Response_<0>; TransferListenerType = uavcan::TransferListenerWithFilter]	16	static
generic_subscriber.hpp:176:13:uavcan::GenericSubscriber<DataSpec, DataStruct, TransferListenerType>::~GenericSubscriber() [with DataSpec = uavcan::protocol::file::BeginFirmwareUpdate_; DataStruct = uavcan::protocol::file::BeginFirmwareUpdate_::Response_<0>; TransferListenerType = uavcan::TransferListenerWithFilter]	16	static
generic_subscriber.hpp:176:13:uavcan::GenericSubscriber<DataSpec, DataStruct, TransferListenerType>::~GenericSubscriber() [with DataSpec = uavcan::protocol::file::BeginFirmwareUpdate_; DataStruct = uavcan::protocol::file::BeginFirmwareUpdate_::Response_<0>; TransferListenerType = uavcan::TransferListenerWithFilter]	16	static
linked_list.hpp:44:21:uavcan::LinkedListRoot<uavcan::Multiset<uavcan::ServiceClientBase::CallState>::Chunk>::~LinkedListRoot()	16	static
multiset.hpp:191:5:uavcan::Multiset<T>::Multiset(uavcan::IPoolAllocator&) [with T = uavcan::ServiceClientBase::CallState]	16	static
multiset.hpp:195:5:uavcan::Multiset<T>::~Multiset() [with T = uavcan::ServiceClientBase::CallState]	16	static
generic_publisher.hpp:113:5:uavcan::GenericPublisher<DataSpec, DataStruct>::GenericPublisher(uavcan::INode&, uavcan::MonotonicDuration, uavcan::MonotonicDuration) [with DataSpec = uavcan::protocol::file::BeginFirmwareUpdate_; DataStruct = uavcan::protocol::file::BeginFirmwareUpdate_::Request_<0>]	48	static
generic_publisher.hpp:118:5:uavcan::GenericPublisher<DataSpec, DataStruct>::~GenericPublisher() [with DataSpec = uavcan::protocol::file::BeginFirmwareUpdate_; DataStruct = uavcan::protocol::file::BeginFirmwareUpdate_::Request_<0>]	16	static
std_function.h:671:5:)>&) [with _Res = void; _ArgTypes = {const uavcan::ServiceCallResult<uavcan::protocol::file::BeginFirmwareUpdate_>&}]	16	static
service_client.hpp:400:10:void uavcan::ServiceClient<DataType_, Callback_>::setPriority(uavcan::TransferPriority) [with DataType_ = uavcan::protocol::file::BeginFirmwareUpdate_; Callback_ = std::function<void(const uavcan::ServiceCallResult<uavcan::protocol::file::BeginFirmwareUpdate_>&)>]	16	static
service_client.hpp:385:10:void uavcan::ServiceClient<DataType_, Callback_>::setRequestTimeout(uavcan::MonotonicDuration) [with DataType_ = uavcan::protocol::file::BeginFirmwareUpdate_; Callback_ = std::function<void(const uavcan::ServiceCallResult<uavcan::protocol::file::BeginFirmwareUpdate_>&)>]	48	static
service_client.hpp:564:6:void uavcan::ServiceClient<DataType_, Callback_>::cancelAllCalls() [with DataType_ = uavcan::protocol::file::BeginFirmwareUpdate_; Callback_ = std::function<void(const uavcan::ServiceCallResult<uavcan::protocol::file::BeginFirmwareUpdate_>&)>]	16	static
generic_publisher.hpp:124:9:int uavcan::GenericPublisher<DataSpec, DataStruct>::init() [with DataSpec = uavcan::protocol::file::BeginFirmwareUpdate_; DataStruct = uavcan::protocol::file::BeginFirmwareUpdate_::Request_<0>]	16	static
std_function.h:258:4:static bool std::_Function_base::_Base_manager<_Functor>::_M_not_empty_function(const _Tp&) [with _Tp = StartDefaultTask(const void*)::<lambda(const uavcan::ServiceCallResult<uavcan::protocol::file::BeginFirmwareUpdate_>&)>; _Functor = StartDefaultTask(const void*)::<lambda(const uavcan::ServiceCallResult<uavcan::protocol::file::BeginFirmwareUpdate_>&)>]	16	static
std_function.h:238:2:static void std::_Function_base::_Base_manager<_Functor>::_M_init_functor(std::_Any_data&, _Functor&&) [with _Functor = StartDefaultTask(const void*)::<lambda(const uavcan::ServiceCallResult<uavcan::protocol::file::BeginFirmwareUpdate_>&)>]	32	static
move.h:73:5:constexpr _Tp&& std::forward(typename std::remove_reference<_From>::type&) [with _Tp = const uavcan::ServiceCallResult<uavcan::protocol::file::BeginFirmwareUpdate_>&]	16	static
std_function.h:314:7:) [with _Functor = StartDefaultTask(const void*)::<lambda(const uavcan::ServiceCallResult<uavcan::protocol::file::BeginFirmwareUpdate_>&)>; _ArgTypes = {const uavcan::ServiceCallResult<uavcan::protocol::file::BeginFirmwareUpdate_>&}]	24	static
std_function.h:212:2:static bool std::_Function_base::_Base_manager<_Functor>::_M_manager(std::_Any_data&, const std::_Any_data&, std::_Manager_operation) [with _Functor = StartDefaultTask(const void*)::<lambda(const uavcan::ServiceCallResult<uavcan::protocol::file::BeginFirmwareUpdate_>&)>]	40	static
std_function.h:480:7:)>&) [with _Res = void; _ArgTypes = {const uavcan::ServiceCallResult<uavcan::protocol::file::BeginFirmwareUpdate_>&}]	32	static
Path.hpp:79:5:uavcan::protocol::file::Path_<_tmpl>::Path_() [with int _tmpl = 0]	16	static
array.hpp:219:5:uavcan::DynamicArrayBase<MaxSize>::~DynamicArrayBase() [with unsigned int MaxSize = 200]	16	static
service_client.hpp:495:5:int uavcan::ServiceClient<DataType_, Callback_>::call(uavcan::NodeID, const RequestType&, uavcan::ServiceCallID&) [with DataType_ = uavcan::protocol::file::BeginFirmwareUpdate_; Callback_ = std::function<void(const uavcan::ServiceCallResult<uavcan::protocol::file::BeginFirmwareUpdate_>&)>]	72	static
multiset.hpp:327:10:bool uavcan::Multiset<T>::isEmpty() const [with T = uavcan::ServiceClientBase::CallState]	24	static
outgoing_transfer_registry.hpp:66:12:uavcan::OutgoingTransferRegistry::Value::~Value()	16	static
map.hpp:36:12:uavcan::Map<uavcan::OutgoingTransferRegistryKey, uavcan::OutgoingTransferRegistry::Value>::KVPair::~KVPair()	16	static
map.hpp:269:6:void uavcan::Map<Key, Value>::removeAllWhere(Predicate) [with Predicate = uavcan::Map<uavcan::OutgoingTransferRegistryKey, uavcan::OutgoingTransferRegistry::Value>::YesPredicate; Key = uavcan::OutgoingTransferRegistryKey; Value = uavcan::OutgoingTransferRegistry::Value]	80	static
NodeStatus.hpp:221:24:static const char* uavcan::protocol::NodeStatus_<_tmpl>::getDataTypeFullName() [with int _tmpl = 0]	4	static
integer_spec.hpp:131:17:static void uavcan::IntegerSpec<BitLen_, Signedness, CastMode>::extendDataTypeSignature(uavcan::DataTypeSignature&) [with unsigned int BitLen_ = 32; uavcan::Signedness Signedness = (uavcan::Signedness)0; uavcan::CastMode CastMode = (uavcan::CastMode)0]	16	static
integer_spec.hpp:131:17:static void uavcan::IntegerSpec<BitLen_, Signedness, CastMode>::extendDataTypeSignature(uavcan::DataTypeSignature&) [with unsigned int BitLen_ = 2; uavcan::Signedness Signedness = (uavcan::Signedness)0; uavcan::CastMode CastMode = (uavcan::CastMode)0]	16	static
integer_spec.hpp:131:17:static void uavcan::IntegerSpec<BitLen_, Signedness, CastMode>::extendDataTypeSignature(uavcan::DataTypeSignature&) [with unsigned int BitLen_ = 3; uavcan::Signedness Signedness = (uavcan::Signedness)0; uavcan::CastMode CastMode = (uavcan::CastMode)0]	16	static
array.hpp:707:17:static void uavcan::Array<T, ArrayMode, MaxSize_>::extendDataTypeSignature(uavcan::DataTypeSignature&) [with T = uavcan::IntegerSpec<8, (uavcan::Signedness)0, (uavcan::CastMode)0>; uavcan::ArrayMode ArrayMode = (uavcan::ArrayMode)0; unsigned int MaxSize_ = 16]	16	static
array.hpp:707:17:static void uavcan::Array<T, ArrayMode, MaxSize_>::extendDataTypeSignature(uavcan::DataTypeSignature&) [with T = uavcan::IntegerSpec<8, (uavcan::Signedness)0, (uavcan::CastMode)0>; uavcan::ArrayMode ArrayMode = (uavcan::ArrayMode)1; unsigned int MaxSize_ = 255]	16	static
lazy_constructor.hpp:62:5:uavcan::LazyConstructor<T>::LazyConstructor() [with T = uavcan::GenericSubscriber<uavcan::protocol::GetNodeInfo_, uavcan::protocol::GetNodeInfo_::Request_<0>, uavcan::TransferListener>::TransferForwarder]	24	static
lazy_constructor.hpp:78:5:uavcan::LazyConstructor<T>::~LazyConstructor() [with T = uavcan::GenericSubscriber<uavcan::protocol::GetNodeInfo_, uavcan::protocol::GetNodeInfo_::Request_<0>, uavcan::TransferListener>::TransferForwarder]	16	static
generic_subscriber.hpp:213:10:void uavcan::GenericSubscriber<DataSpec, DataStruct, TransferListenerType>::stop() [with DataSpec = uavcan::protocol::GetNodeInfo_; DataStruct = uavcan::protocol::GetNodeInfo_::Request_<0>; TransferListenerType = uavcan::TransferListener]	24	static
array.hpp:686:5:uavcan::Array<T, ArrayMode, MaxSize_>::Array() [with T = uavcan::IntegerSpec<8, (uavcan::Signedness)0, (uavcan::CastMode)0>; uavcan::ArrayMode ArrayMode = (uavcan::ArrayMode)0; unsigned int MaxSize_ = 16]	16	static
array.hpp:686:5:uavcan::Array<T, ArrayMode, MaxSize_>::Array() [with T = uavcan::IntegerSpec<8, (uavcan::Signedness)0, (uavcan::CastMode)0>; uavcan::ArrayMode ArrayMode = (uavcan::ArrayMode)1; unsigned int MaxSize_ = 255]	16	static
array.hpp:235:10:void uavcan::DynamicArrayBase<MaxSize>::grow() [with unsigned int MaxSize = 80]	16	static
array.hpp:337:16:uavcan::ArrayImpl<T, ArrayMode, MaxSize>::ValueType& uavcan::ArrayImpl<T, ArrayMode, MaxSize>::at(uavcan::ArrayImpl<T, ArrayMode, MaxSize>::SizeType) [with T = uavcan::IntegerSpec<8, (uavcan::Signedness)0, (uavcan::CastMode)0>; uavcan::ArrayMode ArrayMode = (uavcan::ArrayMode)1; unsigned int MaxSize = 80]	16	static
lazy_constructor.hpp:62:5:uavcan::LazyConstructor<T>::LazyConstructor() [with T = uavcan::GenericSubscriber<uavcan::protocol::GetDataTypeInfo_, uavcan::protocol::GetDataTypeInfo_::Request_<0>, uavcan::TransferListener>::TransferForwarder]	24	static
lazy_constructor.hpp:78:5:uavcan::LazyConstructor<T>::~LazyConstructor() [with T = uavcan::GenericSubscriber<uavcan::protocol::GetDataTypeInfo_, uavcan::protocol::GetDataTypeInfo_::Request_<0>, uavcan::TransferListener>::TransferForwarder]	16	static
templates.hpp:162:15:static To uavcan::CoerceOrFallbackImpl<From, To>::impl(const From&, const To&, uavcan::TrueType) [with From = uavcan::MethodBinder<uavcan::DataTypeInfoProvider*, void (uavcan::DataTypeInfoProvider::*)(const uavcan::protocol::GetDataTypeInfo_::Request_<0>&, uavcan::protocol::GetDataTypeInfo_::Response_<0>&)>; To = bool]	24	static
generic_publisher.hpp:154:5:int uavcan::GenericPublisher<DataSpec, DataStruct>::checkInit() [with DataSpec = uavcan::protocol::GetDataTypeInfo_; DataStruct = uavcan::protocol::GetDataTypeInfo_::Response_<0>]	24	static
generic_subscriber.hpp:284:5:int uavcan::GenericSubscriber<DataSpec, DataStruct, TransferListenerType>::genericStart(bool (uavcan::Dispatcher::*)(uavcan::TransferListener*)) [with DataSpec = uavcan::protocol::GetDataTypeInfo_; DataStruct = uavcan::protocol::GetDataTypeInfo_::Request_<0>; TransferListenerType = uavcan::TransferListener]	40	static
LogMessage.hpp:209:29:static uavcan::DataTypeSignature uavcan::protocol::debug::LogMessage_<_tmpl>::getDataTypeSignature() [with int _tmpl = 0]	16	static
LogMessage.hpp:125:24:static const char* uavcan::protocol::debug::LogMessage_<_tmpl>::getDataTypeFullName() [with int _tmpl = 0]	4	static
array.hpp:315:5:uavcan::ArrayImpl<T, ArrayMode, MaxSize>::ArrayImpl() [with T = uavcan::IntegerSpec<8, (uavcan::Signedness)0, (uavcan::CastMode)0>; uavcan::ArrayMode ArrayMode = (uavcan::ArrayMode)1; unsigned int MaxSize = 31]	16	static
array.hpp:315:5:uavcan::ArrayImpl<T, ArrayMode, MaxSize>::ArrayImpl() [with T = uavcan::IntegerSpec<8, (uavcan::Signedness)0, (uavcan::CastMode)0>; uavcan::ArrayMode ArrayMode = (uavcan::ArrayMode)1; unsigned int MaxSize = 90]	16	static
transfer_buffer.hpp:22:7:uavcan::StaticTransferBufferImpl::~StaticTransferBufferImpl()	16	static
transfer_buffer.hpp:22:7:virtual uavcan::StaticTransferBufferImpl::~StaticTransferBufferImpl()	16	static
transfer_buffer.hpp:50:21:uavcan::StaticTransferBuffer<123>::~StaticTransferBuffer()	16	static
transfer_buffer.hpp:50:21:virtual uavcan::StaticTransferBuffer<123>::~StaticTransferBuffer()	16	static
generic_publisher.hpp:178:5:int uavcan::GenericPublisher<DataSpec, DataStruct>::genericPublish(const DataStruct&, uavcan::TransferType, uavcan::NodeID, uavcan::TransferID*, uavcan::MonotonicTime) [with DataSpec = uavcan::protocol::debug::LogMessage_<0>; DataStruct = uavcan::protocol::debug::LogMessage_<0>]	192	static
lazy_constructor.hpp:62:5:uavcan::LazyConstructor<T>::LazyConstructor() [with T = uavcan::GenericSubscriber<uavcan::protocol::RestartNode_, uavcan::protocol::RestartNode_::Request_<0>, uavcan::TransferListener>::TransferForwarder]	24	static
lazy_constructor.hpp:78:5:uavcan::LazyConstructor<T>::~LazyConstructor() [with T = uavcan::GenericSubscriber<uavcan::protocol::RestartNode_, uavcan::protocol::RestartNode_::Request_<0>, uavcan::TransferListener>::TransferForwarder]	16	static
lazy_constructor.hpp:92:5:uavcan::LazyConstructor<T>::operator T*() const [with T = uavcan::GenericSubscriber<uavcan::protocol::RestartNode_, uavcan::protocol::RestartNode_::Request_<0>, uavcan::TransferListener>::TransferForwarder]	16	static
templates.hpp:162:15:static To uavcan::CoerceOrFallbackImpl<From, To>::impl(const From&, const To&, uavcan::TrueType) [with From = uavcan::MethodBinder<const uavcan::RestartRequestServer*, void (uavcan::RestartRequestServer::*)(const uavcan::ReceivedDataStructure<uavcan::protocol::RestartNode_::Request_<0> >&, uavcan::protocol::RestartNode_::Response_<0>&) const>; To = bool]	24	static
generic_publisher.hpp:154:5:int uavcan::GenericPublisher<DataSpec, DataStruct>::checkInit() [with DataSpec = uavcan::protocol::RestartNode_; DataStruct = uavcan::protocol::RestartNode_::Response_<0>]	24	static
generic_subscriber.hpp:284:5:int uavcan::GenericSubscriber<DataSpec, DataStruct, TransferListenerType>::genericStart(bool (uavcan::Dispatcher::*)(uavcan::TransferListener*)) [with DataSpec = uavcan::protocol::RestartNode_; DataStruct = uavcan::protocol::RestartNode_::Request_<0>; TransferListenerType = uavcan::TransferListener]	40	static
CANIfaceStats.hpp:204:29:static uavcan::DataTypeSignature uavcan::protocol::CANIfaceStats_<_tmpl>::getDataTypeSignature() [with int _tmpl = 0]	16	static
array.hpp:221:14:uavcan::DynamicArrayBase<MaxSize>::SizeType uavcan::DynamicArrayBase<MaxSize>::validateRange(uavcan::DynamicArrayBase<MaxSize>::SizeType) const [with unsigned int MaxSize = 3]	16	static
lazy_constructor.hpp:62:5:uavcan::LazyConstructor<T>::LazyConstructor() [with T = uavcan::GenericSubscriber<uavcan::protocol::GetTransportStats_, uavcan::protocol::GetTransportStats_::Request_<0>, uavcan::TransferListener>::TransferForwarder]	24	static
lazy_constructor.hpp:78:5:uavcan::LazyConstructor<T>::~LazyConstructor() [with T = uavcan::GenericSubscriber<uavcan::protocol::GetTransportStats_, uavcan::protocol::GetTransportStats_::Request_<0>, uavcan::TransferListener>::TransferForwarder]	16	static
[...]
generic_subscriber.hpp:54:5:uavcan::ReceivedDataStructure<DataType_>::ReceivedDataStructure() [with DataType_ = uavcan::protocol::file::BeginFirmwareUpdate_::Response_<0>]	16	static
array.hpp:315:5:uavcan::ArrayImpl<T, ArrayMode, MaxSize>::ArrayImpl() [with T = uavcan::IntegerSpec<8, (uavcan::Signedness)0, (uavcan::CastMode)0>; uavcan::ArrayMode ArrayMode = (uavcan::ArrayMode)1; unsigned int MaxSize = 127]	16	static
array.hpp:235:10:void uavcan::DynamicArrayBase<MaxSize>::grow() [with unsigned int MaxSize = 127]	16	static
array.hpp:337:16:uavcan::ArrayImpl<T, ArrayMode, MaxSize>::ValueType& uavcan::ArrayImpl<T, ArrayMode, MaxSize>::at(uavcan::ArrayImpl<T, ArrayMode, MaxSize>::SizeType) [with T = uavcan::IntegerSpec<8, (uavcan::Signedness)0, (uavcan::CastMode)0>; uavcan::ArrayMode ArrayMode = (uavcan::ArrayMode)1; unsigned int MaxSize = 127]	16	static
scalar_codec.hpp:119:5:int uavcan::ScalarCodec::decode(T&) [with unsigned int BitLen = 7; T = unsigned char]	24	static
array.hpp:727:10:void uavcan::Array<T, ArrayMode, MaxSize_>::resize(uavcan::Array<T, ArrayMode, MaxSize_>::SizeType, const ValueType&) [with T = uavcan::IntegerSpec<8, (uavcan::Signedness)0, (uavcan::CastMode)0>; uavcan::ArrayMode ArrayMode = (uavcan::ArrayMode)1; unsigned int MaxSize_ = 127]	32	static
integer_spec.hpp:96:17:static void uavcan::IntegerSpec<BitLen_, Signedness, CastMode>::validate() [with unsigned int BitLen_ = 48; uavcan::Signedness Signedness = (uavcan::Signedness)0; uavcan::CastMode CastMode = (uavcan::CastMode)0]	24	static
integer_spec.hpp:78:17:static void uavcan::IntegerSpec<BitLen_, Signedness, CastMode>::saturate(uavcan::IntegerSpec<BitLen_, Signedness, CastMode>::StorageType&) [with unsigned int BitLen_ = 48; uavcan::Signedness Signedness = (uavcan::Signedness)0; uavcan::CastMode CastMode = (uavcan::CastMode)0]	24	static
scalar_codec.hpp:104:5:int uavcan::ScalarCodec::encode(T) [with unsigned int BitLen = 48; T = long long unsigned int]	40	static
array.hpp:449:9:int uavcan::Array<T, ArrayMode, MaxSize_>::encodeImpl(uavcan::ScalarCodec&, uavcan::TailArrayOptimizationMode, uavcan::TrueType) const [with T = uavcan::protocol::CANIfaceStats_<0>; uavcan::ArrayMode ArrayMode = (uavcan::ArrayMode)1; unsigned int MaxSize_ = 3]	48	static
scalar_codec.hpp:104:5:int uavcan::ScalarCodec::encode(T) [with unsigned int BitLen = 1; T = bool]	24	static
integer_spec.hpp:48:28:static uavcan::IntegerSpec<BitLen_, Signedness, CastMode>::StorageType uavcan::IntegerSpec<BitLen_, Signedness, CastMode>::LimitsImplGeneric::max() [with unsigned int BitLen_ = 40; uavcan::Signedness Signedness = (uavcan::Signedness)0; uavcan::CastMode CastMode = (uavcan::CastMode)0]	16	static
integer_spec.hpp:96:17:static void uavcan::IntegerSpec<BitLen_, Signedness, CastMode>::validate() [with unsigned int BitLen_ = 64; uavcan::Signedness Signedness = (uavcan::Signedness)0; uavcan::CastMode CastMode = (uavcan::CastMode)0]	24	static
integer_spec.hpp:78:17:static void uavcan::IntegerSpec<BitLen_, Signedness, CastMode>::saturate(uavcan::IntegerSpec<BitLen_, Signedness, CastMode>::StorageType&) [with unsigned int BitLen_ = 64; uavcan::Signedness Signedness = (uavcan::Signedness)0; uavcan::CastMode CastMode = (uavcan::CastMode)0]	24	static
scalar_codec.hpp:104:5:int uavcan::ScalarCodec::encode(T) [with unsigned int BitLen = 64; T = long long unsigned int]	40	static
integer_spec.hpp:78:17:static void uavcan::IntegerSpec<BitLen_, Signedness, CastMode>::saturate(uavcan::IntegerSpec<BitLen_, Signedness, CastMode>::StorageType&) [with unsigned int BitLen_ = 16; uavcan::Signedness Signedness = (uavcan::Signedness)0; uavcan::CastMode CastMode = (uavcan::CastMode)0]	24	static
scalar_codec.hpp:104:5:int uavcan::ScalarCodec::encode(T) [with unsigned int BitLen = 16; T = short unsigned int]	24	static
array.hpp:449:9:int uavcan::Array<T, ArrayMode, MaxSize_>::encodeImpl(uavcan::ScalarCodec&, uavcan::TailArrayOptimizationMode, uavcan::TrueType) const [with T = uavcan::IntegerSpec<8, (uavcan::Signedness)0, (uavcan::CastMode)0>; uavcan::ArrayMode ArrayMode = (uavcan::ArrayMode)1; unsigned int MaxSize_ = 80]	48	static
integer_spec.hpp:48:28:static uavcan::IntegerSpec<BitLen_, Signedness, CastMode>::StorageType uavcan::IntegerSpec<BitLen_, Signedness, CastMode>::LimitsImplGeneric::max() [with unsigned int BitLen_ = 16; uavcan::Signedness Signedness = (uavcan::Signedness)0; uavcan::CastMode CastMode = (uavcan::CastMode)0]	8	static
array.hpp:727:10:void uavcan::Array<T, ArrayMode, MaxSize_>::resize(uavcan::Array<T, ArrayMode, MaxSize_>::SizeType, const ValueType&) [with T = uavcan::IntegerSpec<8, (uavcan::Signedness)0, (uavcan::CastMode)0>; uavcan::ArrayMode ArrayMode = (uavcan::ArrayMode)1; unsigned int MaxSize_ = 80]	32	static
integer_spec.hpp:110:16:static int uavcan::IntegerSpec<BitLen_, Signedness, CastMode>::encode(uavcan::IntegerSpec<BitLen_, Signedness, CastMode>::StorageType, uavcan::ScalarCodec&, uavcan::TailArrayOptimizationMode) [with unsigned int BitLen_ = 32; uavcan::Signedness Signedness = (uavcan::Signedness)0; uavcan::CastMode CastMode = (uavcan::CastMode)0]	24	static
integer_spec.hpp:110:16:static int uavcan::IntegerSpec<BitLen_, Signedness, CastMode>::encode(uavcan::IntegerSpec<BitLen_, Signedness, CastMode>::StorageType, uavcan::ScalarCodec&, uavcan::TailArrayOptimizationMode) [with unsigned int BitLen_ = 2; uavcan::Signedness Signedness = (uavcan::Signedness)0; uavcan::CastMode CastMode = (uavcan::CastMode)0]	16	static
array.hpp:697:16:static int uavcan::Array<T, ArrayMode, MaxSize_>::encode(const SelfType&, uavcan::ScalarCodec&, uavcan::TailArrayOptimizationMode) [with T = uavcan::IntegerSpec<8, (uavcan::Signedness)0, (uavcan::CastMode)0>; uavcan::ArrayMode ArrayMode = (uavcan::ArrayMode)0; unsigned int MaxSize_ = 16]	40	static
array.hpp:697:16:static int uavcan::Array<T, ArrayMode, MaxSize_>::encode(const SelfType&, uavcan::ScalarCodec&, uavcan::TailArrayOptimizationMode) [with T = uavcan::IntegerSpec<8, (uavcan::Signedness)0, (uavcan::CastMode)0>; uavcan::ArrayMode ArrayMode = (uavcan::ArrayMode)1; unsigned int MaxSize_ = 255]	40	static
array.hpp:218:5:uavcan::DynamicArrayBase<MaxSize>::DynamicArrayBase() [with unsigned int MaxSize = 127]	16	static
array.hpp:296:50:typename uavcan::EnableIf<(sizeof (((U)(0) >= U())) != 0)>::Type uavcan::ArrayImpl<T, ArrayMode, MaxSize>::initialize(int) [with U = unsigned char; T = uavcan::IntegerSpec<8, (uavcan::Signedness)0, (uavcan::CastMode)0>; uavcan::ArrayMode ArrayMode = (uavcan::ArrayMode)1; unsigned int MaxSize = 127]	24	static
array.hpp:221:14:uavcan::DynamicArrayBase<MaxSize>::SizeType uavcan::DynamicArrayBase<MaxSize>::validateRange(uavcan::DynamicArrayBase<MaxSize>::SizeType) const [with unsigned int MaxSize = 127]	16	static
scalar_codec.hpp:65:5:static typename uavcan::EnableIf<((! static_cast<bool>(uavcan::NumericTraits<T>::IsSigned)) || ((sizeof (T) * 8) == BitLen))>::Type uavcan::ScalarCodec::fixTwosComplement(T&) [with unsigned int BitLen = 7; T = unsigned char]	16	static
array.hpp:717:10:void uavcan::Array<T, ArrayMode, MaxSize_>::pop_back() [with T = uavcan::IntegerSpec<8, (uavcan::Signedness)0, (uavcan::CastMode)0>; uavcan::ArrayMode ArrayMode = (uavcan::ArrayMode)1; unsigned int MaxSize_ = 127]	16	static
integer_spec.hpp:106:24:static uavcan::IntegerSpec<BitLen_, Signedness, CastMode>::StorageType uavcan::IntegerSpec<BitLen_, Signedness, CastMode>::max() [with unsigned int BitLen_ = 48; uavcan::Signedness Signedness = (uavcan::Signedness)0; uavcan::CastMode CastMode = (uavcan::CastMode)0]	16	static
integer_spec.hpp:107:24:static uavcan::IntegerSpec<BitLen_, Signedness, CastMode>::StorageType uavcan::IntegerSpec<BitLen_, Signedness, CastMode>::min() [with unsigned int BitLen_ = 48; uavcan::Signedness Signedness = (uavcan::Signedness)0; uavcan::CastMode CastMode = (uavcan::CastMode)0]	8	static
scalar_codec.hpp:79:10:void uavcan::ScalarCodec::validate() [with unsigned int BitLen = 48; T = long long unsigned int]	16	static
scalar_codec.hpp:69:5:static typename uavcan::EnableIf<((sizeof (T) * 8) > BitLen)>::Type uavcan::ScalarCodec::clearExtraBits(T&) [with unsigned int BitLen = 48; T = long long unsigned int]	24	static
scalar_codec.hpp:28:5:static typename uavcan::EnableIf<(BitLen > 8)>::Type uavcan::ScalarCodec::convertByteOrder(uavcan::uint8_t (&)[Size]) [with unsigned int BitLen = 48; unsigned int Size = 8]	16	static
array.hpp:429:17:static bool uavcan::Array<T, ArrayMode, MaxSize_>::isOptimizedTailArray(uavcan::TailArrayOptimizationMode) [with T = uavcan::protocol::CANIfaceStats_<0>; uavcan::ArrayMode ArrayMode = (uavcan::ArrayMode)1; unsigned int MaxSize_ = 3]	16	static
array.hpp:434:9:int uavcan::Array<T, ArrayMode, MaxSize_>::encodeImpl(uavcan::ScalarCodec&, uavcan::TailArrayOptimizationMode, uavcan::FalseType) const [with T = uavcan::protocol::CANIfaceStats_<0>; uavcan::ArrayMode ArrayMode = (uavcan::ArrayMode)1; unsigned int MaxSize_ = 3]	40	static
scalar_codec.hpp:79:10:void uavcan::ScalarCodec::validate() [with unsigned int BitLen = 1; T = bool]	16	static
scalar_codec.hpp:69:5:static typename uavcan::EnableIf<((sizeof (T) * 8) > BitLen)>::Type uavcan::ScalarCodec::clearExtraBits(T&) [with unsigned int BitLen = 1; T = bool]	16	static
scalar_codec.hpp:50:5:static typename uavcan::EnableIf<(BitLen <= 8)>::Type uavcan::ScalarCodec::convertByteOrder(uavcan::uint8_t (&)[Size]) [with unsigned int BitLen = 1; unsigned int Size = 1]	16	static
integer_spec.hpp:106:24:static uavcan::IntegerSpec<BitLen_, Signedness, CastMode>::StorageType uavcan::IntegerSpec<BitLen_, Signedness, CastMode>::max() [with unsigned int BitLen_ = 64; uavcan::Signedness Signedness = (uavcan::Signedness)0; uavcan::CastMode CastMode = (uavcan::CastMode)0]	16	static
integer_spec.hpp:107:24:static uavcan::IntegerSpec<BitLen_, Signedness, CastMode>::StorageType uavcan::IntegerSpec<BitLen_, Signedness, CastMode>::min() [with unsigned int BitLen_ = 64; uavcan::Signedness Signedness = (uavcan::Signedness)0; uavcan::CastMode CastMode = (uavcan::CastMode)0]	8	static
scalar_codec.hpp:79:10:void uavcan::ScalarCodec::validate() [with unsigned int BitLen = 64; T = long long unsigned int]	16	static
scalar_codec.hpp:76:5:static typename uavcan::EnableIf<((sizeof (T) * 8) == BitLen)>::Type uavcan::ScalarCodec::clearExtraBits(T&) [with unsigned int BitLen = 64; T = long long unsigned int]	16	static
scalar_codec.hpp:28:5:static typename uavcan::EnableIf<(BitLen > 8)>::Type uavcan::ScalarCodec::convertByteOrder(uavcan::uint8_t (&)[Size]) [with unsigned int BitLen = 64; unsigned int Size = 8]	16	static
scalar_codec.hpp:76:5:static typename uavcan::EnableIf<((sizeof (T) * 8) == BitLen)>::Type uavcan::ScalarCodec::clearExtraBits(T&) [with unsigned int BitLen = 16; T = short unsigned int]	16	static
array.hpp:434:9:int uavcan::Array<T, ArrayMode, MaxSize_>::encodeImpl(uavcan::ScalarCodec&, uavcan::TailArrayOptimizationMode, uavcan::FalseType) const [with T = uavcan::IntegerSpec<8, (uavcan::Signedness)0, (uavcan::CastMode)0>; uavcan::ArrayMode ArrayMode = (uavcan::ArrayMode)1; unsigned int MaxSize_ = 80]	40	static
array.hpp:717:10:void uavcan::Array<T, ArrayMode, MaxSize_>::pop_back() [with T = uavcan::IntegerSpec<8, (uavcan::Signedness)0, (uavcan::CastMode)0>; uavcan::ArrayMode ArrayMode = (uavcan::ArrayMode)1; unsigned int MaxSize_ = 80]	16	static
integer_spec.hpp:96:17:static void uavcan::IntegerSpec<BitLen_, Signedness, CastMode>::validate() [with unsigned int BitLen_ = 32; uavcan::Signedness Signedness = (uavcan::Signedness)0; uavcan::CastMode CastMode = (uavcan::CastMode)0]	16	static
integer_spec.hpp:78:17:static void uavcan::IntegerSpec<BitLen_, Signedness, CastMode>::saturate(uavcan::IntegerSpec<BitLen_, Signedness, CastMode>::StorageType&) [with unsigned int BitLen_ = 32; uavcan::Signedness Signedness = (uavcan::Signedness)0; uavcan::CastMode CastMode = (uavcan::CastMode)0]	24	static
scalar_codec.hpp:104:5:int uavcan::ScalarCodec::encode(T) [with unsigned int BitLen = 32; T = long unsigned int]	24	static
integer_spec.hpp:96:17:static void uavcan::IntegerSpec<BitLen_, Signedness, CastMode>::validate() [with unsigned int BitLen_ = 2; uavcan::Signedness Signedness = (uavcan::Signedness)0; uavcan::CastMode CastMode = (uavcan::CastMode)0]	16	static
integer_spec.hpp:78:17:static void uavcan::IntegerSpec<BitLen_, Signedness, CastMode>::saturate(uavcan::IntegerSpec<BitLen_, Signedness, CastMode>::StorageType&) [with unsigned int BitLen_ = 2; uavcan::Signedness Signedness = (uavcan::Signedness)0; uavcan::CastMode CastMode = (uavcan::CastMode)0]	24	static
scalar_codec.hpp:104:5:int uavcan::ScalarCodec::encode(T) [with unsigned int BitLen = 2; T = unsigned char]	24	static
array.hpp:434:9:int uavcan::Array<T, ArrayMode, MaxSize_>::encodeImpl(uavcan::ScalarCodec&, uavcan::TailArrayOptimizationMode, uavcan::FalseType) const [with T = uavcan::IntegerSpec<8, (uavcan::Signedness)0, (uavcan::CastMode)0>; uavcan::ArrayMode ArrayMode = (uavcan::ArrayMode)0; unsigned int MaxSize_ = 16]	40	static
array.hpp:449:9:int uavcan::Array<T, ArrayMode, MaxSize_>::encodeImpl(uavcan::ScalarCodec&, uavcan::TailArrayOptimizationMode, uavcan::TrueType) const [with T = uavcan::IntegerSpec<8, (uavcan::Signedness)0, (uavcan::CastMode)0>; uavcan::ArrayMode ArrayMode = (uavcan::ArrayMode)1; unsigned int MaxSize_ = 255]	48	static
array.hpp:247:10:void uavcan::DynamicArrayBase<MaxSize>::shrink() [with unsigned int MaxSize = 127]	16	static
integer_spec.hpp:48:28:static uavcan::IntegerSpec<BitLen_, Signedness, CastMode>::StorageType uavcan::IntegerSpec<BitLen_, Signedness, CastMode>::LimitsImplGeneric::max() [with unsigned int BitLen_ = 48; uavcan::Signedness Signedness = (uavcan::Signedness)0; uavcan::CastMode CastMode = (uavcan::CastMode)0]	16	static
CANIfaceStats.hpp:157:5:static int uavcan::protocol::CANIfaceStats_<_tmpl>::encode(uavcan::protocol::CANIfaceStats_<_tmpl>::ParameterType, uavcan::ScalarCodec&, uavcan::TailArrayOptimizationMode) [with int _tmpl = 0]	32	static
array.hpp:338:22:const ValueType& uavcan::ArrayImpl<T, ArrayMode, MaxSize>::at(uavcan::ArrayImpl<T, ArrayMode, MaxSize>::SizeType) const [with T = uavcan::protocol::CANIfaceStats_<0>; uavcan::ArrayMode ArrayMode = (uavcan::ArrayMode)1; unsigned int MaxSize = 3]	16	static
integer_spec.hpp:69:28:static uavcan::IntegerSpec<BitLen_, Signedness, CastMode>::StorageType uavcan::IntegerSpec<BitLen_, Signedness, CastMode>::LimitsImpl64::max() [with unsigned int BitLen_ = 64; uavcan::Signedness Signedness = (uavcan::Signedness)0; uavcan::CastMode CastMode = (uavcan::CastMode)0]	8	static
array.hpp:338:22:const ValueType& uavcan::ArrayImpl<T, ArrayMode, MaxSize>::at(uavcan::ArrayImpl<T, ArrayMode, MaxSize>::SizeType) const [with T = uavcan::IntegerSpec<8, (uavcan::Signedness)0, (uavcan::CastMode)0>; uavcan::ArrayMode ArrayMode = (uavcan::ArrayMode)1; unsigned int MaxSize = 80]	16	static
array.hpp:247:10:void uavcan::DynamicArrayBase<MaxSize>::shrink() [with unsigned int MaxSize = 80]	16	static
integer_spec.hpp:106:24:static uavcan::IntegerSpec<BitLen_, Signedness, CastMode>::StorageType uavcan::IntegerSpec<BitLen_, Signedness, CastMode>::max() [with unsigned int BitLen_ = 32; uavcan::Signedness Signedness = (uavcan::Signedness)0; uavcan::CastMode CastMode = (uavcan::CastMode)0]	8	static
integer_spec.hpp:107:24:static uavcan::IntegerSpec<BitLen_, Signedness, CastMode>::StorageType uavcan::IntegerSpec<BitLen_, Signedness, CastMode>::min() [with unsigned int BitLen_ = 32; uavcan::Signedness Signedness = (uavcan::Signedness)0; uavcan::CastMode CastMode = (uavcan::CastMode)0]	4	static
scalar_codec.hpp:79:10:void uavcan::ScalarCodec::validate() [with unsigned int BitLen = 32; T = long unsigned int]	16	static
scalar_codec.hpp:76:5:static typename uavcan::EnableIf<((sizeof (T) * 8) == BitLen)>::Type uavcan::ScalarCodec::clearExtraBits(T&) [with unsigned int BitLen = 32; T = long unsigned int]	16	static
scalar_codec.hpp:28:5:static typename uavcan::EnableIf<(BitLen > 8)>::Type uavcan::ScalarCodec::convertByteOrder(uavcan::uint8_t (&)[Size]) [with unsigned int BitLen = 32; unsigned int Size = 4]	16	static
integer_spec.hpp:106:24:static uavcan::IntegerSpec<BitLen_, Signedness, CastMode>::StorageType uavcan::IntegerSpec<BitLen_, Signedness, CastMode>::max() [with unsigned int BitLen_ = 2; uavcan::Signedness Signedness = (uavcan::Signedness)0; uavcan::CastMode CastMode = (uavcan::CastMode)0]	8	static
integer_spec.hpp:107:24:static uavcan::IntegerSpec<BitLen_, Signedness, CastMode>::StorageType uavcan::IntegerSpec<BitLen_, Signedness, CastMode>::min() [with unsigned int BitLen_ = 2; uavcan::Signedness Signedness = (uavcan::Signedness)0; uavcan::CastMode CastMode = (uavcan::CastMode)0]	4	static
scalar_codec.hpp:79:10:void uavcan::ScalarCodec::validate() [with unsigned int BitLen = 2; T = unsigned char]	16	static
scalar_codec.hpp:69:5:static typename uavcan::EnableIf<((sizeof (T) * 8) > BitLen)>::Type uavcan::ScalarCodec::clearExtraBits(T&) [with unsigned int BitLen = 2; T = unsigned char]	16	static
scalar_codec.hpp:50:5:static typename uavcan::EnableIf<(BitLen <= 8)>::Type uavcan::ScalarCodec::convertByteOrder(uavcan::uint8_t (&)[Size]) [with unsigned int BitLen = 2; unsigned int Size = 1]	16	static
array.hpp:182:14:uavcan::StaticArrayBase<Size>::SizeType uavcan::StaticArrayBase<Size>::size() const [with unsigned int Size = 16]	16	static
array.hpp:338:22:const ValueType& uavcan::ArrayImpl<T, ArrayMode, MaxSize>::at(uavcan::ArrayImpl<T, ArrayMode, MaxSize>::SizeType) const [with T = uavcan::IntegerSpec<8, (uavcan::Signedness)0, (uavcan::CastMode)0>; uavcan::ArrayMode ArrayMode = (uavcan::ArrayMode)0; unsigned int MaxSize = 16]	16	static
array.hpp:429:17:static bool uavcan::Array<T, ArrayMode, MaxSize_>::isOptimizedTailArray(uavcan::TailArrayOptimizationMode) [with T = uavcan::IntegerSpec<8, (uavcan::Signedness)0, (uavcan::CastMode)0>; uavcan::ArrayMode ArrayMode = (uavcan::ArrayMode)1; unsigned int MaxSize_ = 255]	16	static
array.hpp:258:14:uavcan::DynamicArrayBase<MaxSize>::SizeType uavcan::DynamicArrayBase<MaxSize>::size() const [with unsigned int MaxSize = 255]	16	static
array.hpp:434:9:int uavcan::Array<T, ArrayMode, MaxSize_>::encodeImpl(uavcan::ScalarCodec&, uavcan::TailArrayOptimizationMode, uavcan::FalseType) const [with T = uavcan::IntegerSpec<8, (uavcan::Signedness)0, (uavcan::CastMode)0>; uavcan::ArrayMode ArrayMode = (uavcan::ArrayMode)1; unsigned int MaxSize_ = 255]	40	static
integer_spec.hpp:48:28:static uavcan::IntegerSpec<BitLen_, Signedness, CastMode>::StorageType uavcan::IntegerSpec<BitLen_, Signedness, CastMode>::LimitsImplGeneric::max() [with unsigned int BitLen_ = 32; uavcan::Signedness Signedness = (uavcan::Signedness)0; uavcan::CastMode CastMode = (uavcan::CastMode)0]	8	static
integer_spec.hpp:48:28:static uavcan::IntegerSpec<BitLen_, Signedness, CastMode>::StorageType uavcan::IntegerSpec<BitLen_, Signedness, CastMode>::LimitsImplGeneric::max() [with unsigned int BitLen_ = 2; uavcan::Signedness Signedness = (uavcan::Signedness)0; uavcan::CastMode CastMode = (uavcan::CastMode)0]	8	static
array.hpp:189:14:uavcan::StaticArrayBase<Size>::SizeType uavcan::StaticArrayBase<Size>::validateRange(uavcan::StaticArrayBase<Size>::SizeType) const [with unsigned int Size = 16]	16	static
array.hpp:338:22:const ValueType& uavcan::ArrayImpl<T, ArrayMode, MaxSize>::at(uavcan::ArrayImpl<T, ArrayMode, MaxSize>::SizeType) const [with T = uavcan::IntegerSpec<8, (uavcan::Signedness)0, (uavcan::CastMode)0>; uavcan::ArrayMode ArrayMode = (uavcan::ArrayMode)1; unsigned int MaxSize = 255]	16	static
array.hpp:221:14:uavcan::DynamicArrayBase<MaxSize>::SizeType uavcan::DynamicArrayBase<MaxSize>::validateRange(uavcan::DynamicArrayBase<MaxSize>::SizeType) const [with unsigned int MaxSize = 255]	16	static
main.cpp:482:1:cpp)	8	static
main.cpp:482:1:cpp)	8	static
