templates.hpp:34:17:static void uavcan::StaticAssert<true>::check()	4	static
templates.hpp:51:5:uavcan::Noncopyable::Noncopyable()	16	static
templates.hpp:52:5:uavcan::Noncopyable::~Noncopyable()	16	static
templates.hpp:376:26:static unsigned char uavcan::NumericTraits<unsigned char>::max()	4	static
templates.hpp:377:26:static unsigned char uavcan::NumericTraits<unsigned char>::min()	4	static
new:168:14:void* operator new(std::size_t, void*)	16	static
perf_counter.hpp:52:10:void uavcan::TransferPerfCounter::addError()	16	static
transfer.hpp:124:5:uavcan::NodeID::NodeID()	16	static
transfer.hpp:126:5:uavcan::NodeID::NodeID(uavcan::uint8_t)	16	static
transfer.hpp:132:13:uavcan::uint8_t uavcan::NodeID::get() const	16	static
transfer.hpp:134:10:bool uavcan::NodeID::isValid() const	16	static
transfer.hpp:136:10:bool uavcan::NodeID::isUnicast() const	16	static
transfer.hpp:139:10:bool uavcan::NodeID::operator==(uavcan::NodeID) const	16	static
data_type.hpp:56:5:uavcan::DataTypeID::DataTypeID()	16	static
data_type.hpp:58:5:uavcan::DataTypeID::DataTypeID(uavcan::uint16_t)	16	static
data_type.hpp:114:5:uavcan::DataTypeSignature::DataTypeSignature()	16	static
data_type.hpp:115:14:uavcan::DataTypeSignature::DataTypeSignature(uavcan::uint64_t)	24	static
data_type.hpp:140:5:uavcan::DataTypeDescriptor::DataTypeDescriptor()	16	static
data_type.hpp:145:5:uavcan::DataTypeDescriptor::DataTypeDescriptor(uavcan::DataTypeKind, uavcan::DataTypeID, const uavcan::DataTypeSignature&, const char*)	32	static
data_type.hpp:160:30:const uavcan::DataTypeSignature& uavcan::DataTypeDescriptor::getSignature() const	16	static
global_data_type_registry.hpp:41:9:uavcan::GlobalDataTypeRegistry::Entry::Entry()	16	static
global_data_type_registry.hpp:119:10:bool uavcan::GlobalDataTypeRegistry::isFrozen() const	16	static
abstract_transfer_buffer.hpp:19:13:uavcan::ITransferBuffer::~ITransferBuffer()	16	static
abstract_transfer_buffer.hpp:19:13:virtual uavcan::ITransferBuffer::~ITransferBuffer()	16	static
bit_stream.hpp:64:14:uavcan::BitStream::BitStream(uavcan::ITransferBuffer&)	16	static
scalar_codec.hpp:90:14:uavcan::ScalarCodec::ScalarCodec(uavcan::BitStream&)	16	static
time.hpp:184:21:uavcan::MonotonicTime::MonotonicTime()	16	static
time.hpp:184:21:uavcan::MonotonicTime::~MonotonicTime()	16	static
abstract_transfer_buffer.hpp:16:21:constexpr uavcan::ITransferBuffer::ITransferBuffer()	16	static
transfer_buffer.hpp:29:5:uavcan::StaticTransferBufferImpl::StaticTransferBufferImpl(uavcan::uint8_t*, uavcan::uint16_t)	24	static
transfer_buffer.hpp:69:5:uavcan::TransferBufferManagerKey::TransferBufferManagerKey()	16	static
transfer_buffer.hpp:82:10:bool uavcan::TransferBufferManagerKey::operator==(const uavcan::TransferBufferManagerKey&) const	16	static
transfer_buffer.hpp:87:10:bool uavcan::TransferBufferManagerKey::isEmpty() const	16	static
transfer_buffer.hpp:162:5:uavcan::TransferBufferManager::TransferBufferManager(uavcan::uint16_t, uavcan::IPoolAllocator&)	24	static
time.hpp:182:21:uavcan::MonotonicDuration::~MonotonicDuration()	16	static
transfer_listener.hpp:66:12:uavcan::NodeID uavcan::IncomingTransfer::getSrcNodeID() const	16	static
transfer_listener.hpp:131:5:uavcan::TransferListener::TransferListener(uavcan::TransferPerfCounter&, const uavcan::DataTypeDescriptor&, uavcan::uint16_t, uavcan::IPoolAllocator&)	32	static
transfer_listener.hpp:149:10:void uavcan::TransferListener::allowAnonymousTransfers()	16	static
dispatcher.hpp:222:12:uavcan::NodeID uavcan::Dispatcher::getNodeID() const	16	static
dispatcher.hpp:237:26:uavcan::TransferPerfCounter& uavcan::Dispatcher::getTransferPerfCounter()	16	static
scheduler.hpp:28:13:uavcan::DeadlineHandler::~DeadlineHandler()	16	static
scheduler.hpp:28:13:virtual uavcan::DeadlineHandler::~DeadlineHandler()	16	static
scheduler.hpp:119:17:uavcan::Dispatcher& uavcan::Scheduler::getDispatcher()	16	static
scheduler.hpp:120:23:const uavcan::Dispatcher& uavcan::Scheduler::getDispatcher() const	16	static
abstract_node.hpp:28:17:uavcan::Dispatcher& uavcan::INode::getDispatcher()	16	static
abstract_node.hpp:39:12:uavcan::NodeID uavcan::INode::getNodeID() const	16	static
generic_subscriber.hpp:106:5:uavcan::GenericSubscriberBase::~GenericSubscriberBase()	16	static
gthr-default.h:229:1:int __gthread_key_delete(__gthread_key_t)	16	static
transfer_sender.hpp:82:10:void uavcan::TransferSender::setPriority(uavcan::TransferPriority)	16	static
transfer_sender.hpp:91:10:void uavcan::TransferSender::allowAnonymousTransfers()	16	static
transfer_sender.hpp:20:21:uavcan::TransferSender::~TransferSender()	16	static
generic_publisher.hpp:40:5:uavcan::GenericPublisherBase::~GenericPublisherBase()	16	static
generic_publisher.hpp:65:10:void uavcan::GenericPublisherBase::allowAnonymousTransfers()	16	static
generic_publisher.hpp:74:10:void uavcan::GenericPublisherBase::setPriority(uavcan::TransferPriority)	16	static
generic_publisher.hpp:76:12:uavcan::INode& uavcan::GenericPublisherBase::getNode() const	16	static
timer.hpp:46:21:uavcan::TimerBase::~TimerBase()	16	static
timer.hpp:46:21:virtual uavcan::TimerBase::~TimerBase()	16	static
publisher.hpp:18:21:uavcan::Publisher<uavcan::protocol::dynamic_node_id::Allocation_<0> >::~Publisher()	16	static
dynamic_node_id_client.hpp:91:10:bool uavcan::DynamicNodeIDClient::isAllocationComplete() const	24	static
dynamic_node_id_client.hpp:99:12:uavcan::NodeID uavcan::DynamicNodeIDClient::getAllocatedNodeID() const	16	static
uc_dynamic_node_id_client.cpp:11:6:void uavcan::DynamicNodeIDClient::terminate()	16	static
uc_dynamic_node_id_client.cpp:18:19:static uavcan::MonotonicDuration uavcan::DynamicNodeIDClient::getRandomDuration(uavcan::uint32_t, uavcan::uint32_t)	32	static
uc_dynamic_node_id_client.cpp:26:6:void uavcan::DynamicNodeIDClient::restartTimer(uavcan::DynamicNodeIDClient::Mode)	40	static
array.hpp:424:21:uavcan::Array<uavcan::IntegerSpec<8, (uavcan::Signedness)0, (uavcan::CastMode)0>, (uavcan::ArrayMode)1, 16>::~Array()	16	static
Allocation.hpp:191:22:uavcan::protocol::dynamic_node_id::Allocation_<0>::~Allocation_()	16	static
uc_dynamic_node_id_client.cpp:43:6:virtual void uavcan::DynamicNodeIDClient::handleTimerEvent(const uavcan::TimerEvent&)	56	static
uc_dynamic_node_id_client.cpp:92:6:void uavcan::DynamicNodeIDClient::handleAllocation(const uavcan::ReceivedDataStructure<uavcan::protocol::dynamic_node_id::Allocation_<0> >&)	32	static
uc_dynamic_node_id_client.cpp:147:5:int uavcan::DynamicNodeIDClient::start(const UniqueID&, uavcan::NodeID, uavcan::TransferPriority)	72	static
linked_list.hpp:25:5:uavcan::LinkedListNode<T>::LinkedListNode() [with T = uavcan::GlobalDataTypeRegistry::Entry]	16	static
linked_list.hpp:29:5:uavcan::LinkedListNode<T>::~LinkedListNode() [with T = uavcan::GlobalDataTypeRegistry::Entry]	16	static
templates.hpp:254:6:void uavcan::fill(ForwardIt, ForwardIt, const T&) [with ForwardIt = unsigned char*; T = unsigned char]	24	static
templates.hpp:238:10:OutputIt uavcan::copy(InputIt, InputIt, OutputIt) [with InputIt = const unsigned char*; OutputIt = unsigned char*]	24	static
time.hpp:102:5:uavcan::TimeBase<T, D>::TimeBase() [with T = uavcan::MonotonicTime; D = uavcan::MonotonicDuration]	24	static
time.hpp:100:5:uavcan::TimeBase<T, D>::~TimeBase() [with T = uavcan::MonotonicTime; D = uavcan::MonotonicDuration]	16	static
linked_list.hpp:49:5:uavcan::LinkedListRoot<T>::LinkedListRoot() [with T = uavcan::TransferBufferManagerEntry]	16	static
time.hpp:41:14:static D uavcan::DurationBase<D>::fromMSec(uavcan::int64_t) [with D = uavcan::MonotonicDuration]	40	static
time.hpp:24:5:uavcan::DurationBase<D>::~DurationBase() [with D = uavcan::MonotonicDuration]	16	static
linked_list.hpp:25:5:uavcan::LinkedListNode<T>::LinkedListNode() [with T = uavcan::TransferListener]	16	static
map.hpp:112:5:uavcan::Map<Key, Value>::Map(uavcan::IPoolAllocator&) [with Key = uavcan::TransferBufferManagerKey; Value = uavcan::TransferReceiver]	24	static
linked_list.hpp:29:5:uavcan::LinkedListNode<T>::~LinkedListNode() [with T = uavcan::DeadlineHandler]	16	static
time.hpp:182:21:uavcan::MonotonicDuration::MonotonicDuration()	16	static
time.hpp:35:14:static D uavcan::DurationBase<D>::fromUSec(uavcan::int64_t) [with D = uavcan::MonotonicDuration]	32	static
global_data_type_registry.hpp:188:5:uavcan::DefaultDataTypeRegistrator<Type>::DefaultDataTypeRegistrator() [with Type = uavcan::protocol::dynamic_node_id::Allocation_<0>]	32	static
generic_publisher.hpp:118:5:uavcan::GenericPublisher<DataSpec, DataStruct>::~GenericPublisher() [with DataSpec = uavcan::protocol::dynamic_node_id::Allocation_<0>; DataStruct = uavcan::protocol::dynamic_node_id::Allocation_<0>]	16	static
generic_subscriber.hpp:213:10:void uavcan::GenericSubscriber<DataSpec, DataStruct, TransferListenerType>::stop() [with DataSpec = uavcan::protocol::dynamic_node_id::Allocation_<0>; DataStruct = uavcan::protocol::dynamic_node_id::Allocation_<0>; TransferListenerType = uavcan::TransferListener]	24	static
Allocation.hpp:244:5:uavcan::protocol::dynamic_node_id::Allocation_<_tmpl>::Allocation_() [with int _tmpl = 0]	16	static
array.hpp:306:5:uavcan::ArrayImpl<T, ArrayMode, MaxSize>::~ArrayImpl() [with T = uavcan::IntegerSpec<8, (uavcan::Signedness)0, (uavcan::CastMode)0>; uavcan::ArrayMode ArrayMode = (uavcan::ArrayMode)1; unsigned int MaxSize = 16]	16	static
array.hpp:264:14:uavcan::DynamicArrayBase<MaxSize>::SizeType uavcan::DynamicArrayBase<MaxSize>::capacity() const [with unsigned int MaxSize = 16]	16	static
templates.hpp:281:10:const T& uavcan::min(const T&, const T&) [with T = unsigned char]	16	static
array.hpp:754:10:void uavcan::Array<T, ArrayMode, MaxSize_>::resize(uavcan::Array<T, ArrayMode, MaxSize_>::SizeType) [with T = uavcan::IntegerSpec<8, (uavcan::Signedness)0, (uavcan::CastMode)0>; uavcan::ArrayMode ArrayMode = (uavcan::ArrayMode)1; unsigned int MaxSize_ = 16]	24	static
array.hpp:349:16:uavcan::ArrayImpl<T, ArrayMode, MaxSize>::ValueType* uavcan::ArrayImpl<T, ArrayMode, MaxSize>::begin() [with T = uavcan::IntegerSpec<8, (uavcan::Signedness)0, (uavcan::CastMode)0>; uavcan::ArrayMode ArrayMode = (uavcan::ArrayMode)1; unsigned int MaxSize = 16]	16	static
templates.hpp:238:10:OutputIt uavcan::copy(InputIt, InputIt, OutputIt) [with InputIt = unsigned char*; OutputIt = unsigned char*]	24	static
array.hpp:351:16:uavcan::ArrayImpl<T, ArrayMode, MaxSize>::ValueType* uavcan::ArrayImpl<T, ArrayMode, MaxSize>::end() [with T = uavcan::IntegerSpec<8, (uavcan::Signedness)0, (uavcan::CastMode)0>; uavcan::ArrayMode ArrayMode = (uavcan::ArrayMode)1; unsigned int MaxSize = 16]	24	static
templates.hpp:324:6:bool uavcan::equal(InputIt1, InputIt1, InputIt2) [with InputIt1 = unsigned char*; InputIt2 = unsigned char*]	24	static
publisher.hpp:52:9:int uavcan::Publisher<DataType_>::broadcast(const DataType&) [with DataType_ = uavcan::protocol::dynamic_node_id::Allocation_<0>]	40	static
array.hpp:258:14:uavcan::DynamicArrayBase<MaxSize>::SizeType uavcan::DynamicArrayBase<MaxSize>::size() const [with unsigned int MaxSize = 16]	16	static
generic_subscriber.hpp:77:10:bool uavcan::ReceivedDataStructure<DataType_>::isAnonymousTransfer() const [with DataType_ = uavcan::protocol::dynamic_node_id::Allocation_<0>]	16	static
array.hpp:712:10:bool uavcan::Array<T, ArrayMode, MaxSize_>::empty() const [with T = uavcan::IntegerSpec<8, (uavcan::Signedness)0, (uavcan::CastMode)0>; uavcan::ArrayMode ArrayMode = (uavcan::ArrayMode)1; unsigned int MaxSize_ = 16]	16	static
array.hpp:350:22:const ValueType* uavcan::ArrayImpl<T, ArrayMode, MaxSize>::begin() const [with T = uavcan::IntegerSpec<8, (uavcan::Signedness)0, (uavcan::CastMode)0>; uavcan::ArrayMode ArrayMode = (uavcan::ArrayMode)1; unsigned int MaxSize = 16]	16	static
array.hpp:352:22:const ValueType* uavcan::ArrayImpl<T, ArrayMode, MaxSize>::end() const [with T = uavcan::IntegerSpec<8, (uavcan::Signedness)0, (uavcan::CastMode)0>; uavcan::ArrayMode ArrayMode = (uavcan::ArrayMode)1; unsigned int MaxSize = 16]	24	static
templates.hpp:324:6:bool uavcan::equal(InputIt1, InputIt1, InputIt2) [with InputIt1 = const unsigned char*; InputIt2 = unsigned char*]	24	static
generic_subscriber.hpp:75:12:uavcan::NodeID uavcan::ReceivedDataStructure<DataType_>::getSrcNodeID() const [with DataType_ = uavcan::protocol::dynamic_node_id::Allocation_<0>]	16	static
array.hpp:350:22:const ValueType* uavcan::ArrayImpl<T, ArrayMode, MaxSize>::begin() const [with T = uavcan::IntegerSpec<8, (uavcan::Signedness)0, (uavcan::CastMode)0>; uavcan::ArrayMode ArrayMode = (uavcan::ArrayMode)0; unsigned int MaxSize = 16]	16	static
array.hpp:352:22:const ValueType* uavcan::ArrayImpl<T, ArrayMode, MaxSize>::end() const [with T = uavcan::IntegerSpec<8, (uavcan::Signedness)0, (uavcan::CastMode)0>; uavcan::ArrayMode ArrayMode = (uavcan::ArrayMode)0; unsigned int MaxSize = 16]	24	static
generic_publisher.hpp:124:9:int uavcan::GenericPublisher<DataSpec, DataStruct>::init() [with DataSpec = uavcan::protocol::dynamic_node_id::Allocation_<0>; DataStruct = uavcan::protocol::dynamic_node_id::Allocation_<0>]	16	static
method_binder.hpp:39:5:uavcan::MethodBinder<ObjectPtr, MemFunPtr>::MethodBinder(ObjectPtr, MemFunPtr) [with ObjectPtr = uavcan::DynamicNodeIDClient*; MemFunPtr = void (uavcan::DynamicNodeIDClient::*)(const uavcan::ReceivedDataStructure<uavcan::protocol::dynamic_node_id::Allocation_<0> >&)]	24	static
subscriber.hpp:83:9:int uavcan::Subscriber<DataType_, Callback_>::start(const Callback&) [with DataType_ = uavcan::protocol::dynamic_node_id::Allocation_<0>; Callback_ = uavcan::MethodBinder<uavcan::DynamicNodeIDClient*, void (uavcan::DynamicNodeIDClient::*)(const uavcan::ReceivedDataStructure<uavcan::protocol::dynamic_node_id::Allocation_<0> >&)>]	24	static
generic_subscriber.hpp:204:10:void uavcan::GenericSubscriber<DataSpec, DataStruct, TransferListenerType>::allowAnonymousTransfers() [with DataSpec = uavcan::protocol::dynamic_node_id::Allocation_<0>; DataStruct = uavcan::protocol::dynamic_node_id::Allocation_<0>; TransferListenerType = uavcan::TransferListener]	16	static
linked_list.hpp:49:5:uavcan::LinkedListRoot<T>::LinkedListRoot() [with T = uavcan::Map<uavcan::TransferBufferManagerKey, uavcan::TransferReceiver>::KVGroup]	16	static
time.hpp:26:5:uavcan::DurationBase<D>::DurationBase() [with D = uavcan::MonotonicDuration]	24	static
global_data_type_registry.hpp:37:12:uavcan::GlobalDataTypeRegistry::Entry::~Entry()	16	static
global_data_type_registry.hpp:215:18:void __tcf_0()	8	static
global_data_type_registry.hpp:208:44:uavcan::GlobalDataTypeRegistry::RegistrationResult uavcan::GlobalDataTypeRegistry::registerDataType(uavcan::DataTypeID) [with Type = uavcan::protocol::dynamic_node_id::Allocation_<0>]	72	static
generic_subscriber.hpp:176:13:uavcan::GenericSubscriber<DataSpec, DataStruct, TransferListenerType>::~GenericSubscriber() [with DataSpec = uavcan::protocol::dynamic_node_id::Allocation_<0>; DataStruct = uavcan::protocol::dynamic_node_id::Allocation_<0>; TransferListenerType = uavcan::TransferListener]	16	static
generic_subscriber.hpp:176:13:uavcan::GenericSubscriber<DataSpec, DataStruct, TransferListenerType>::~GenericSubscriber() [with DataSpec = uavcan::protocol::dynamic_node_id::Allocation_<0>; DataStruct = uavcan::protocol::dynamic_node_id::Allocation_<0>; TransferListenerType = uavcan::TransferListener]	16	static
lazy_constructor.hpp:92:5:uavcan::LazyConstructor<T>::operator T*() const [with T = uavcan::GenericSubscriber<uavcan::protocol::dynamic_node_id::Allocation_<0>, uavcan::protocol::dynamic_node_id::Allocation_<0>, uavcan::TransferListener>::TransferForwarder]	16	static
array.hpp:686:5:uavcan::Array<T, ArrayMode, MaxSize_>::Array() [with T = uavcan::IntegerSpec<8, (uavcan::Signedness)0, (uavcan::CastMode)0>; uavcan::ArrayMode ArrayMode = (uavcan::ArrayMode)1; unsigned int MaxSize_ = 16]	16	static
array.hpp:219:5:uavcan::DynamicArrayBase<MaxSize>::~DynamicArrayBase() [with unsigned int MaxSize = 16]	16	static
array.hpp:727:10:void uavcan::Array<T, ArrayMode, MaxSize_>::resize(uavcan::Array<T, ArrayMode, MaxSize_>::SizeType, const ValueType&) [with T = uavcan::IntegerSpec<8, (uavcan::Signedness)0, (uavcan::CastMode)0>; uavcan::ArrayMode ArrayMode = (uavcan::ArrayMode)1; unsigned int MaxSize_ = 16]	32	static
generic_publisher.hpp:138:9:int uavcan::GenericPublisher<DataSpec, DataStruct>::publish(const DataStruct&, uavcan::TransferType, uavcan::NodeID, uavcan::MonotonicTime) [with DataSpec = uavcan::protocol::dynamic_node_id::Allocation_<0>; DataStruct = uavcan::protocol::dynamic_node_id::Allocation_<0>]	48	static
generic_subscriber.hpp:44:9:Ret uavcan::ReceivedDataStructure<DataType_>::safeget() const [with Ret = bool; Ret (uavcan::IncomingTransfer::* Fun)() const = &uavcan::IncomingTransfer::isAnonymousTransfer; DataType_ = uavcan::protocol::dynamic_node_id::Allocation_<0>]	16	static
generic_subscriber.hpp:44:9:Ret uavcan::ReceivedDataStructure<DataType_>::safeget() const [with Ret = uavcan::NodeID; Ret (uavcan::IncomingTransfer::* Fun)() const = &uavcan::IncomingTransfer::getSrcNodeID; DataType_ = uavcan::protocol::dynamic_node_id::Allocation_<0>]	24	static
array.hpp:182:14:uavcan::StaticArrayBase<Size>::SizeType uavcan::StaticArrayBase<Size>::size() const [with unsigned int Size = 16]	16	static
generic_publisher.hpp:154:5:int uavcan::GenericPublisher<DataSpec, DataStruct>::checkInit() [with DataSpec = uavcan::protocol::dynamic_node_id::Allocation_<0>; DataStruct = uavcan::protocol::dynamic_node_id::Allocation_<0>]	24	static
templates.hpp:172:4:To uavcan::coerceOrFallback(const From&, const To&) [with To = bool; From = uavcan::MethodBinder<uavcan::DynamicNodeIDClient*, void (uavcan::DynamicNodeIDClient::*)(const uavcan::ReceivedDataStructure<uavcan::protocol::dynamic_node_id::Allocation_<0> >&)>]	24	static
generic_subscriber.hpp:180:9:int uavcan::GenericSubscriber<DataSpec, DataStruct, TransferListenerType>::startAsMessageListener() [with DataSpec = uavcan::protocol::dynamic_node_id::Allocation_<0>; DataStruct = uavcan::protocol::dynamic_node_id::Allocation_<0>; TransferListenerType = uavcan::TransferListener]	24	static
lazy_constructor.hpp:95:14:T* uavcan::LazyConstructor<T>::operator->() [with T = uavcan::GenericSubscriber<uavcan::protocol::dynamic_node_id::Allocation_<0>, uavcan::protocol::dynamic_node_id::Allocation_<0>, uavcan::TransferListener>::TransferForwarder]	16	static
Allocation.hpp:366:29:static uavcan::DataTypeSignature uavcan::protocol::dynamic_node_id::Allocation_<_tmpl>::getDataTypeSignature() [with int _tmpl = 0]	16	static
Allocation.hpp:282:24:static const char* uavcan::protocol::dynamic_node_id::Allocation_<_tmpl>::getDataTypeFullName() [with int _tmpl = 0]	4	static
lazy_constructor.hpp:78:5:uavcan::LazyConstructor<T>::~LazyConstructor() [with T = uavcan::GenericSubscriber<uavcan::protocol::dynamic_node_id::Allocation_<0>, uavcan::protocol::dynamic_node_id::Allocation_<0>, uavcan::TransferListener>::TransferForwarder]	16	static
array.hpp:315:5:uavcan::ArrayImpl<T, ArrayMode, MaxSize>::ArrayImpl() [with T = uavcan::IntegerSpec<8, (uavcan::Signedness)0, (uavcan::CastMode)0>; uavcan::ArrayMode ArrayMode = (uavcan::ArrayMode)1; unsigned int MaxSize = 16]	16	static
array.hpp:718:10:void uavcan::Array<T, ArrayMode, MaxSize_>::push_back(const ValueType&) [with T = uavcan::IntegerSpec<8, (uavcan::Signedness)0, (uavcan::CastMode)0>; uavcan::ArrayMode ArrayMode = (uavcan::ArrayMode)1; unsigned int MaxSize_ = 16]	24	static
array.hpp:717:10:void uavcan::Array<T, ArrayMode, MaxSize_>::pop_back() [with T = uavcan::IntegerSpec<8, (uavcan::Signedness)0, (uavcan::CastMode)0>; uavcan::ArrayMode ArrayMode = (uavcan::ArrayMode)1; unsigned int MaxSize_ = 16]	16	static
transfer_buffer.hpp:22:7:uavcan::StaticTransferBufferImpl::~StaticTransferBufferImpl()	16	static
transfer_buffer.hpp:22:7:virtual uavcan::StaticTransferBufferImpl::~StaticTransferBufferImpl()	16	static
transfer_buffer.hpp:50:21:uavcan::StaticTransferBuffer<18>::~StaticTransferBuffer()	16	static
transfer_buffer.hpp:50:21:virtual uavcan::StaticTransferBuffer<18>::~StaticTransferBuffer()	16	static
generic_publisher.hpp:178:5:int uavcan::GenericPublisher<DataSpec, DataStruct>::genericPublish(const DataStruct&, uavcan::TransferType, uavcan::NodeID, uavcan::TransferID*, uavcan::MonotonicTime) [with DataSpec = uavcan::protocol::dynamic_node_id::Allocation_<0>; DataStruct = uavcan::protocol::dynamic_node_id::Allocation_<0>]	88	static
templates.hpp:162:15:static To uavcan::CoerceOrFallbackImpl<From, To>::impl(const From&, const To&, uavcan::TrueType) [with From = uavcan::MethodBinder<uavcan::DynamicNodeIDClient*, void (uavcan::DynamicNodeIDClient::*)(const uavcan::ReceivedDataStructure<uavcan::protocol::dynamic_node_id::Allocation_<0> >&)>; To = bool]	24	static
generic_subscriber.hpp:284:5:int uavcan::GenericSubscriber<DataSpec, DataStruct, TransferListenerType>::genericStart(bool (uavcan::Dispatcher::*)(uavcan::TransferListener*)) [with DataSpec = uavcan::protocol::dynamic_node_id::Allocation_<0>; DataStruct = uavcan::protocol::dynamic_node_id::Allocation_<0>; TransferListenerType = uavcan::TransferListener]	40	static
lazy_constructor.hpp:45:10:void uavcan::LazyConstructor<T>::ensureConstructed() const [with T = uavcan::GenericSubscriber<uavcan::protocol::dynamic_node_id::Allocation_<0>, uavcan::protocol::dynamic_node_id::Allocation_<0>, uavcan::TransferListener>::TransferForwarder]	16	static
integer_spec.hpp:131:17:static void uavcan::IntegerSpec<BitLen_, Signedness, CastMode>::extendDataTypeSignature(uavcan::DataTypeSignature&) [with unsigned int BitLen_ = 7; uavcan::Signedness Signedness = (uavcan::Signedness)0; uavcan::CastMode CastMode = (uavcan::CastMode)0]	16	static
integer_spec.hpp:168:17:static void uavcan::IntegerSpec<1, (uavcan::Signedness)0, CastMode>::extendDataTypeSignature(uavcan::DataTypeSignature&) [with uavcan::CastMode CastMode = (uavcan::CastMode)0]	16	static
array.hpp:707:17:static void uavcan::Array<T, ArrayMode, MaxSize_>::extendDataTypeSignature(uavcan::DataTypeSignature&) [with T = uavcan::IntegerSpec<8, (uavcan::Signedness)0, (uavcan::CastMode)0>; uavcan::ArrayMode ArrayMode = (uavcan::ArrayMode)1; unsigned int MaxSize_ = 16]	16	static
generic_subscriber.hpp:133:11:uavcan::GenericSubscriber<uavcan::protocol::dynamic_node_id::Allocation_<0>, uavcan::protocol::dynamic_node_id::Allocation_<0>, uavcan::TransferListener>::TransferForwarder::~TransferForwarder()	16	static
generic_subscriber.hpp:133:11:virtual uavcan::GenericSubscriber<uavcan::protocol::dynamic_node_id::Allocation_<0>, uavcan::protocol::dynamic_node_id::Allocation_<0>, uavcan::TransferListener>::TransferForwarder::~TransferForwarder()	16	static
lazy_constructor.hpp:100:10:void uavcan::LazyConstructor<T>::destroy() [with T = uavcan::GenericSubscriber<uavcan::protocol::dynamic_node_id::Allocation_<0>, uavcan::protocol::dynamic_node_id::Allocation_<0>, uavcan::TransferListener>::TransferForwarder]	24	static
array.hpp:218:5:uavcan::DynamicArrayBase<MaxSize>::DynamicArrayBase() [with unsigned int MaxSize = 16]	16	static
array.hpp:296:50:typename uavcan::EnableIf<(sizeof (((U)(0) >= U())) != 0)>::Type uavcan::ArrayImpl<T, ArrayMode, MaxSize>::initialize(int) [with U = unsigned char; T = uavcan::IntegerSpec<8, (uavcan::Signedness)0, (uavcan::CastMode)0>; uavcan::ArrayMode ArrayMode = (uavcan::ArrayMode)1; unsigned int MaxSize = 16]	24	static
array.hpp:235:10:void uavcan::DynamicArrayBase<MaxSize>::grow() [with unsigned int MaxSize = 16]	16	static
array.hpp:337:16:uavcan::ArrayImpl<T, ArrayMode, MaxSize>::ValueType& uavcan::ArrayImpl<T, ArrayMode, MaxSize>::at(uavcan::ArrayImpl<T, ArrayMode, MaxSize>::SizeType) [with T = uavcan::IntegerSpec<8, (uavcan::Signedness)0, (uavcan::CastMode)0>; uavcan::ArrayMode ArrayMode = (uavcan::ArrayMode)1; unsigned int MaxSize = 16]	16	static
array.hpp:247:10:void uavcan::DynamicArrayBase<MaxSize>::shrink() [with unsigned int MaxSize = 16]	16	static
transfer_buffer.hpp:54:5:uavcan::StaticTransferBuffer<Size>::StaticTransferBuffer() [with short unsigned int Size = 18]	16	static
generic_publisher.hpp:164:5:int uavcan::GenericPublisher<DataSpec, DataStruct>::doEncode(const DataStruct&, uavcan::ITransferBuffer&) const [with DataSpec = uavcan::protocol::dynamic_node_id::Allocation_<0>; DataStruct = uavcan::protocol::dynamic_node_id::Allocation_<0>]	48	static
method_binder.hpp:47:5:uavcan::MethodBinder<ObjectPtr, MemFunPtr>::operator bool() const [with ObjectPtr = uavcan::DynamicNodeIDClient*; MemFunPtr = void (uavcan::DynamicNodeIDClient::*)(const uavcan::ReceivedDataStructure<uavcan::protocol::dynamic_node_id::Allocation_<0> >&)]	24	static
generic_subscriber.hpp:228:5:int uavcan::GenericSubscriber<DataSpec, DataStruct, TransferListenerType>::checkInit() [with DataSpec = uavcan::protocol::dynamic_node_id::Allocation_<0>; DataStruct = uavcan::protocol::dynamic_node_id::Allocation_<0>; TransferListenerType = uavcan::TransferListener]	40	static
integer_spec.hpp:131:17:static void uavcan::IntegerSpec<BitLen_, Signedness, CastMode>::extendDataTypeSignature(uavcan::DataTypeSignature&) [with unsigned int BitLen_ = 8; uavcan::Signedness Signedness = (uavcan::Signedness)0; uavcan::CastMode CastMode = (uavcan::CastMode)0]	16	static
array.hpp:221:14:uavcan::DynamicArrayBase<MaxSize>::SizeType uavcan::DynamicArrayBase<MaxSize>::validateRange(uavcan::DynamicArrayBase<MaxSize>::SizeType) const [with unsigned int MaxSize = 16]	16	static
Allocation.hpp:319:5:static int uavcan::protocol::dynamic_node_id::Allocation_<_tmpl>::encode(uavcan::protocol::dynamic_node_id::Allocation_<_tmpl>::ParameterType, uavcan::ScalarCodec&, uavcan::TailArrayOptimizationMode) [with int _tmpl = 0]	32	static
templates.hpp:172:4:To uavcan::coerceOrFallback(const From&, const To&) [with To = bool; From = uavcan::DynamicNodeIDClient*]	24	static
templates.hpp:172:4:To uavcan::coerceOrFallback(const From&, const To&) [with To = bool; From = void (uavcan::DynamicNodeIDClient::*)(const uavcan::ReceivedDataStructure<uavcan::protocol::dynamic_node_id::Allocation_<0> >&)]	24	static
lazy_constructor.hpp:154:10:void uavcan::LazyConstructor<T>::construct(typename uavcan::ParameterType<P1>::Type, typename uavcan::ParameterType<P2>::Type, typename uavcan::ParameterType<P3>::Type, typename uavcan::ParameterType<P4>::Type) [with P1 = uavcan::GenericSubscriber<uavcan::protocol::dynamic_node_id::Allocation_<0>, uavcan::protocol::dynamic_node_id::Allocation_<0>, uavcan::TransferListener>&; P2 = const uavcan::DataTypeDescriptor&; P3 = short unsigned int; P4 = uavcan::IPoolAllocator&; T = uavcan::GenericSubscriber<uavcan::protocol::dynamic_node_id::Allocation_<0>, uavcan::protocol::dynamic_node_id::Allocation_<0>, uavcan::TransferListener>::TransferForwarder]	40	static
integer_spec.hpp:110:16:static int uavcan::IntegerSpec<BitLen_, Signedness, CastMode>::encode(uavcan::IntegerSpec<BitLen_, Signedness, CastMode>::StorageType, uavcan::ScalarCodec&, uavcan::TailArrayOptimizationMode) [with unsigned int BitLen_ = 7; uavcan::Signedness Signedness = (uavcan::Signedness)0; uavcan::CastMode CastMode = (uavcan::CastMode)0]	16	static
integer_spec.hpp:158:16:static int uavcan::IntegerSpec<1, (uavcan::Signedness)0, CastMode>::encode(uavcan::IntegerSpec<1, (uavcan::Signedness)0, CastMode>::StorageType, uavcan::ScalarCodec&, uavcan::TailArrayOptimizationMode) [with uavcan::CastMode CastMode = (uavcan::CastMode)0]	16	static
array.hpp:697:16:static int uavcan::Array<T, ArrayMode, MaxSize_>::encode(const SelfType&, uavcan::ScalarCodec&, uavcan::TailArrayOptimizationMode) [with T = uavcan::IntegerSpec<8, (uavcan::Signedness)0, (uavcan::CastMode)0>; uavcan::ArrayMode ArrayMode = (uavcan::ArrayMode)1; unsigned int MaxSize_ = 16]	40	static
templates.hpp:162:15:static To uavcan::CoerceOrFallbackImpl<From, To>::impl(const From&, const To&, uavcan::TrueType) [with From = uavcan::DynamicNodeIDClient*; To = bool]	24	static
templates.hpp:162:15:static To uavcan::CoerceOrFallbackImpl<From, To>::impl(const From&, const To&, uavcan::TrueType) [with From = void (uavcan::DynamicNodeIDClient::*)(const uavcan::ReceivedDataStructure<uavcan::protocol::dynamic_node_id::Allocation_<0> >&); To = bool]	24	static
lazy_constructor.hpp:53:10:void uavcan::LazyConstructor<T>::ensureNotConstructed() const [with T = uavcan::GenericSubscriber<uavcan::protocol::dynamic_node_id::Allocation_<0>, uavcan::protocol::dynamic_node_id::Allocation_<0>, uavcan::TransferListener>::TransferForwarder]	16	static
generic_subscriber.hpp:143:9:uavcan::GenericSubscriber<DataSpec, DataStruct, TransferListenerType>::TransferForwarder::TransferForwarder(uavcan::GenericSubscriber<DataSpec, DataStruct, TransferListenerType>::SelfType&, const uavcan::DataTypeDescriptor&, uavcan::uint16_t, uavcan::IPoolAllocator&) [with DataSpec = uavcan::protocol::dynamic_node_id::Allocation_<0>; DataStruct = uavcan::protocol::dynamic_node_id::Allocation_<0>; TransferListenerType = uavcan::TransferListener]	40	static
integer_spec.hpp:96:17:static void uavcan::IntegerSpec<BitLen_, Signedness, CastMode>::validate() [with unsigned int BitLen_ = 7; uavcan::Signedness Signedness = (uavcan::Signedness)0; uavcan::CastMode CastMode = (uavcan::CastMode)0]	16	static
integer_spec.hpp:78:17:static void uavcan::IntegerSpec<BitLen_, Signedness, CastMode>::saturate(uavcan::IntegerSpec<BitLen_, Signedness, CastMode>::StorageType&) [with unsigned int BitLen_ = 7; uavcan::Signedness Signedness = (uavcan::Signedness)0; uavcan::CastMode CastMode = (uavcan::CastMode)0]	24	static
scalar_codec.hpp:104:5:int uavcan::ScalarCodec::encode(T) [with unsigned int BitLen = 7; T = unsigned char]	24	static
scalar_codec.hpp:104:5:int uavcan::ScalarCodec::encode(T) [with unsigned int BitLen = 1; T = bool]	24	static
array.hpp:449:9:int uavcan::Array<T, ArrayMode, MaxSize_>::encodeImpl(uavcan::ScalarCodec&, uavcan::TailArrayOptimizationMode, uavcan::TrueType) const [with T = uavcan::IntegerSpec<8, (uavcan::Signedness)0, (uavcan::CastMode)0>; uavcan::ArrayMode ArrayMode = (uavcan::ArrayMode)1; unsigned int MaxSize_ = 16]	48	static
integer_spec.hpp:106:24:static uavcan::IntegerSpec<BitLen_, Signedness, CastMode>::StorageType uavcan::IntegerSpec<BitLen_, Signedness, CastMode>::max() [with unsigned int BitLen_ = 7; uavcan::Signedness Signedness = (uavcan::Signedness)0; uavcan::CastMode CastMode = (uavcan::CastMode)0]	8	static
integer_spec.hpp:107:24:static uavcan::IntegerSpec<BitLen_, Signedness, CastMode>::StorageType uavcan::IntegerSpec<BitLen_, Signedness, CastMode>::min() [with unsigned int BitLen_ = 7; uavcan::Signedness Signedness = (uavcan::Signedness)0; uavcan::CastMode CastMode = (uavcan::CastMode)0]	4	static
scalar_codec.hpp:79:10:void uavcan::ScalarCodec::validate() [with unsigned int BitLen = 7; T = unsigned char]	16	static
scalar_codec.hpp:69:5:static typename uavcan::EnableIf<((sizeof (T) * 8) > BitLen)>::Type uavcan::ScalarCodec::clearExtraBits(T&) [with unsigned int BitLen = 7; T = unsigned char]	16	static
scalar_codec.hpp:50:5:static typename uavcan::EnableIf<(BitLen <= 8)>::Type uavcan::ScalarCodec::convertByteOrder(uavcan::uint8_t (&)[Size]) [with unsigned int BitLen = 7; unsigned int Size = 1]	16	static
scalar_codec.hpp:79:10:void uavcan::ScalarCodec::validate() [with unsigned int BitLen = 1; T = bool]	16	static
scalar_codec.hpp:69:5:static typename uavcan::EnableIf<((sizeof (T) * 8) > BitLen)>::Type uavcan::ScalarCodec::clearExtraBits(T&) [with unsigned int BitLen = 1; T = bool]	16	static
scalar_codec.hpp:50:5:static typename uavcan::EnableIf<(BitLen <= 8)>::Type uavcan::ScalarCodec::convertByteOrder(uavcan::uint8_t (&)[Size]) [with unsigned int BitLen = 1; unsigned int Size = 1]	16	static
array.hpp:429:17:static bool uavcan::Array<T, ArrayMode, MaxSize_>::isOptimizedTailArray(uavcan::TailArrayOptimizationMode) [with T = uavcan::IntegerSpec<8, (uavcan::Signedness)0, (uavcan::CastMode)0>; uavcan::ArrayMode ArrayMode = (uavcan::ArrayMode)1; unsigned int MaxSize_ = 16]	16	static
integer_spec.hpp:110:16:static int uavcan::IntegerSpec<BitLen_, Signedness, CastMode>::encode(uavcan::IntegerSpec<BitLen_, Signedness, CastMode>::StorageType, uavcan::ScalarCodec&, uavcan::TailArrayOptimizationMode) [with unsigned int BitLen_ = 5; uavcan::Signedness Signedness = (uavcan::Signedness)0; uavcan::CastMode CastMode = (uavcan::CastMode)0]	16	static
array.hpp:434:9:int uavcan::Array<T, ArrayMode, MaxSize_>::encodeImpl(uavcan::ScalarCodec&, uavcan::TailArrayOptimizationMode, uavcan::FalseType) const [with T = uavcan::IntegerSpec<8, (uavcan::Signedness)0, (uavcan::CastMode)0>; uavcan::ArrayMode ArrayMode = (uavcan::ArrayMode)1; unsigned int MaxSize_ = 16]	40	static
integer_spec.hpp:48:28:static uavcan::IntegerSpec<BitLen_, Signedness, CastMode>::StorageType uavcan::IntegerSpec<BitLen_, Signedness, CastMode>::LimitsImplGeneric::max() [with unsigned int BitLen_ = 7; uavcan::Signedness Signedness = (uavcan::Signedness)0; uavcan::CastMode CastMode = (uavcan::CastMode)0]	8	static
integer_spec.hpp:96:17:static void uavcan::IntegerSpec<BitLen_, Signedness, CastMode>::validate() [with unsigned int BitLen_ = 5; uavcan::Signedness Signedness = (uavcan::Signedness)0; uavcan::CastMode CastMode = (uavcan::CastMode)0]	16	static
integer_spec.hpp:78:17:static void uavcan::IntegerSpec<BitLen_, Signedness, CastMode>::saturate(uavcan::IntegerSpec<BitLen_, Signedness, CastMode>::StorageType&) [with unsigned int BitLen_ = 5; uavcan::Signedness Signedness = (uavcan::Signedness)0; uavcan::CastMode CastMode = (uavcan::CastMode)0]	24	static
scalar_codec.hpp:104:5:int uavcan::ScalarCodec::encode(T) [with unsigned int BitLen = 5; T = unsigned char]	24	static
integer_spec.hpp:110:16:static int uavcan::IntegerSpec<BitLen_, Signedness, CastMode>::encode(uavcan::IntegerSpec<BitLen_, Signedness, CastMode>::StorageType, uavcan::ScalarCodec&, uavcan::TailArrayOptimizationMode) [with unsigned int BitLen_ = 8; uavcan::Signedness Signedness = (uavcan::Signedness)0; uavcan::CastMode CastMode = (uavcan::CastMode)0]	16	static
array.hpp:338:22:const ValueType& uavcan::ArrayImpl<T, ArrayMode, MaxSize>::at(uavcan::ArrayImpl<T, ArrayMode, MaxSize>::SizeType) const [with T = uavcan::IntegerSpec<8, (uavcan::Signedness)0, (uavcan::CastMode)0>; uavcan::ArrayMode ArrayMode = (uavcan::ArrayMode)1; unsigned int MaxSize = 16]	16	static
integer_spec.hpp:106:24:static uavcan::IntegerSpec<BitLen_, Signedness, CastMode>::StorageType uavcan::IntegerSpec<BitLen_, Signedness, CastMode>::max() [with unsigned int BitLen_ = 5; uavcan::Signedness Signedness = (uavcan::Signedness)0; uavcan::CastMode CastMode = (uavcan::CastMode)0]	8	static
integer_spec.hpp:107:24:static uavcan::IntegerSpec<BitLen_, Signedness, CastMode>::StorageType uavcan::IntegerSpec<BitLen_, Signedness, CastMode>::min() [with unsigned int BitLen_ = 5; uavcan::Signedness Signedness = (uavcan::Signedness)0; uavcan::CastMode CastMode = (uavcan::CastMode)0]	4	static
scalar_codec.hpp:79:10:void uavcan::ScalarCodec::validate() [with unsigned int BitLen = 5; T = unsigned char]	16	static
scalar_codec.hpp:69:5:static typename uavcan::EnableIf<((sizeof (T) * 8) > BitLen)>::Type uavcan::ScalarCodec::clearExtraBits(T&) [with unsigned int BitLen = 5; T = unsigned char]	16	static
scalar_codec.hpp:50:5:static typename uavcan::EnableIf<(BitLen <= 8)>::Type uavcan::ScalarCodec::convertByteOrder(uavcan::uint8_t (&)[Size]) [with unsigned int BitLen = 5; unsigned int Size = 1]	16	static
integer_spec.hpp:96:17:static void uavcan::IntegerSpec<BitLen_, Signedness, CastMode>::validate() [with unsigned int BitLen_ = 8; uavcan::Signedness Signedness = (uavcan::Signedness)0; uavcan::CastMode CastMode = (uavcan::CastMode)0]	16	static
integer_spec.hpp:78:17:static void uavcan::IntegerSpec<BitLen_, Signedness, CastMode>::saturate(uavcan::IntegerSpec<BitLen_, Signedness, CastMode>::StorageType&) [with unsigned int BitLen_ = 8; uavcan::Signedness Signedness = (uavcan::Signedness)0; uavcan::CastMode CastMode = (uavcan::CastMode)0]	24	static
scalar_codec.hpp:104:5:int uavcan::ScalarCodec::encode(T) [with unsigned int BitLen = 8; T = unsigned char]	24	static
integer_spec.hpp:48:28:static uavcan::IntegerSpec<BitLen_, Signedness, CastMode>::StorageType uavcan::IntegerSpec<BitLen_, Signedness, CastMode>::LimitsImplGeneric::max() [with unsigned int BitLen_ = 5; uavcan::Signedness Signedness = (uavcan::Signedness)0; uavcan::CastMode CastMode = (uavcan::CastMode)0]	8	static
integer_spec.hpp:106:24:static uavcan::IntegerSpec<BitLen_, Signedness, CastMode>::StorageType uavcan::IntegerSpec<BitLen_, Signedness, CastMode>::max() [with unsigned int BitLen_ = 8; uavcan::Signedness Signedness = (uavcan::Signedness)0; uavcan::CastMode CastMode = (uavcan::CastMode)0]	8	static
integer_spec.hpp:107:24:static uavcan::IntegerSpec<BitLen_, Signedness, CastMode>::StorageType uavcan::IntegerSpec<BitLen_, Signedness, CastMode>::min() [with unsigned int BitLen_ = 8; uavcan::Signedness Signedness = (uavcan::Signedness)0; uavcan::CastMode CastMode = (uavcan::CastMode)0]	4	static
scalar_codec.hpp:79:10:void uavcan::ScalarCodec::validate() [with unsigned int BitLen = 8; T = unsigned char]	16	static
scalar_codec.hpp:76:5:static typename uavcan::EnableIf<((sizeof (T) * 8) == BitLen)>::Type uavcan::ScalarCodec::clearExtraBits(T&) [with unsigned int BitLen = 8; T = unsigned char]	16	static
scalar_codec.hpp:50:5:static typename uavcan::EnableIf<(BitLen <= 8)>::Type uavcan::ScalarCodec::convertByteOrder(uavcan::uint8_t (&)[Size]) [with unsigned int BitLen = 8; unsigned int Size = 1]	16	static
integer_spec.hpp:48:28:static uavcan::IntegerSpec<BitLen_, Signedness, CastMode>::StorageType uavcan::IntegerSpec<BitLen_, Signedness, CastMode>::LimitsImplGeneric::max() [with unsigned int BitLen_ = 8; uavcan::Signedness Signedness = (uavcan::Signedness)0; uavcan::CastMode CastMode = (uavcan::CastMode)0]	8	static
dynamic_node_id_client.hpp:31:21:uavcan::DynamicNodeIDClient::~DynamicNodeIDClient()	16	static
dynamic_node_id_client.hpp:31:21:virtual uavcan::DynamicNodeIDClient::~DynamicNodeIDClient()	16	static
subscriber.hpp:45:21:uavcan::Subscriber<uavcan::protocol::dynamic_node_id::Allocation_<0>, uavcan::MethodBinder<uavcan::DynamicNodeIDClient*, void (uavcan::DynamicNodeIDClient::*)(const uavcan::ReceivedDataStructure<uavcan::protocol::dynamic_node_id::Allocation_<0> >&)> >::~Subscriber()	16	static
subscriber.hpp:45:21:virtual uavcan::Subscriber<uavcan::protocol::dynamic_node_id::Allocation_<0>, uavcan::MethodBinder<uavcan::DynamicNodeIDClient*, void (uavcan::DynamicNodeIDClient::*)(const uavcan::ReceivedDataStructure<uavcan::protocol::dynamic_node_id::Allocation_<0> >&)> >::~Subscriber()	16	static
uc_dynamic_node_id_client.cpp:210:1:void __static_initialization_and_destruction_0(int, int)	16	static
subscriber.hpp:56:18:void uavcan::Subscriber<DataType_, Callback_>::handleReceivedDataStruct(uavcan::ReceivedDataStructure<DataType_>&) [with DataType_ = uavcan::protocol::dynamic_node_id::Allocation_<0>; Callback_ = uavcan::MethodBinder<uavcan::DynamicNodeIDClient*, void (uavcan::DynamicNodeIDClient::*)(const uavcan::ReceivedDataStructure<uavcan::protocol::dynamic_node_id::Allocation_<0> >&)>]	24	static
generic_subscriber.hpp:137:14:void uavcan::GenericSubscriber<DataSpec, DataStruct, TransferListenerType>::TransferForwarder::handleIncomingTransfer(uavcan::IncomingTransfer&) [with DataSpec = uavcan::protocol::dynamic_node_id::Allocation_<0>; DataStruct = uavcan::protocol::dynamic_node_id::Allocation_<0>; TransferListenerType = uavcan::TransferListener]	16	static
method_binder.hpp:65:10:void uavcan::MethodBinder<ObjectPtr, MemFunPtr>::operator()(Par1&) [with Par1 = uavcan::ReceivedDataStructure<uavcan::protocol::dynamic_node_id::Allocation_<0> >; ObjectPtr = uavcan::DynamicNodeIDClient*; MemFunPtr = void (uavcan::DynamicNodeIDClient::*)(const uavcan::ReceivedDataStructure<uavcan::protocol::dynamic_node_id::Allocation_<0> >&)]	16	static
generic_subscriber.hpp:39:21:uavcan::ReceivedDataStructure<uavcan::protocol::dynamic_node_id::Allocation_<0> >::~ReceivedDataStructure()	16	static
generic_subscriber.hpp:164:12:uavcan::GenericSubscriber<uavcan::protocol::dynamic_node_id::Allocation_<0>, uavcan::protocol::dynamic_node_id::Allocation_<0>, uavcan::TransferListener>::ReceivedDataStructureSpec::~ReceivedDataStructureSpec()	16	static
generic_subscriber.hpp:253:6:void uavcan::GenericSubscriber<DataSpec, DataStruct, TransferListenerType>::handleIncomingTransfer(uavcan::IncomingTransfer&) [with DataSpec = uavcan::protocol::dynamic_node_id::Allocation_<0>; DataStruct = uavcan::protocol::dynamic_node_id::Allocation_<0>; TransferListenerType = uavcan::TransferListener]	72	static
method_binder.hpp:25:10:void uavcan::MethodBinder<ObjectPtr, MemFunPtr>::validateBeforeCall() const [with ObjectPtr = uavcan::DynamicNodeIDClient*; MemFunPtr = void (uavcan::DynamicNodeIDClient::*)(const uavcan::ReceivedDataStructure<uavcan::protocol::dynamic_node_id::Allocation_<0> >&)]	16	static
generic_subscriber.hpp:168:9:uavcan::GenericSubscriber<DataSpec, DataStruct, TransferListenerType>::ReceivedDataStructureSpec::ReceivedDataStructureSpec(const uavcan::IncomingTransfer*) [with DataSpec = uavcan::protocol::dynamic_node_id::Allocation_<0>; DataStruct = uavcan::protocol::dynamic_node_id::Allocation_<0>; TransferListenerType = uavcan::TransferListener]	16	static
Allocation.hpp:341:5:static int uavcan::protocol::dynamic_node_id::Allocation_<_tmpl>::decode(uavcan::protocol::dynamic_node_id::Allocation_<_tmpl>::ReferenceType, uavcan::ScalarCodec&, uavcan::TailArrayOptimizationMode) [with int _tmpl = 0]	32	static
generic_subscriber.hpp:58:5:uavcan::ReceivedDataStructure<DataType_>::ReceivedDataStructure(const uavcan::IncomingTransfer*) [with DataType_ = uavcan::protocol::dynamic_node_id::Allocation_<0>]	16	static
integer_spec.hpp:125:16:static int uavcan::IntegerSpec<BitLen_, Signedness, CastMode>::decode(uavcan::IntegerSpec<BitLen_, Signedness, CastMode>::StorageType&, uavcan::ScalarCodec&, uavcan::TailArrayOptimizationMode) [with unsigned int BitLen_ = 7; uavcan::Signedness Signedness = (uavcan::Signedness)0; uavcan::CastMode CastMode = (uavcan::CastMode)0]	24	static
integer_spec.hpp:163:16:static int uavcan::IntegerSpec<1, (uavcan::Signedness)0, CastMode>::decode(uavcan::IntegerSpec<1, (uavcan::Signedness)0, CastMode>::StorageType&, uavcan::ScalarCodec&, uavcan::TailArrayOptimizationMode) [with uavcan::CastMode CastMode = (uavcan::CastMode)0]	24	static
array.hpp:702:16:static int uavcan::Array<T, ArrayMode, MaxSize_>::decode(uavcan::Array<T, ArrayMode, MaxSize_>::SelfType&, uavcan::ScalarCodec&, uavcan::TailArrayOptimizationMode) [with T = uavcan::IntegerSpec<8, (uavcan::Signedness)0, (uavcan::CastMode)0>; uavcan::ArrayMode ArrayMode = (uavcan::ArrayMode)1; unsigned int MaxSize_ = 16]	40	static
scalar_codec.hpp:119:5:int uavcan::ScalarCodec::decode(T&) [with unsigned int BitLen = 7; T = unsigned char]	24	static
scalar_codec.hpp:119:5:int uavcan::ScalarCodec::decode(T&) [with unsigned int BitLen = 1; T = bool]	24	static
array.hpp:491:9:int uavcan::Array<T, ArrayMode, MaxSize_>::decodeImpl(uavcan::ScalarCodec&, uavcan::TailArrayOptimizationMode, uavcan::TrueType) [with T = uavcan::IntegerSpec<8, (uavcan::Signedness)0, (uavcan::CastMode)0>; uavcan::ArrayMode ArrayMode = (uavcan::ArrayMode)1; unsigned int MaxSize_ = 16]	48	static
scalar_codec.hpp:65:5:static typename uavcan::EnableIf<((! static_cast<bool>(uavcan::NumericTraits<T>::IsSigned)) || ((sizeof (T) * 8) == BitLen))>::Type uavcan::ScalarCodec::fixTwosComplement(T&) [with unsigned int BitLen = 7; T = unsigned char]	16	static
scalar_codec.hpp:65:5:static typename uavcan::EnableIf<((! static_cast<bool>(uavcan::NumericTraits<T>::IsSigned)) || ((sizeof (T) * 8) == BitLen))>::Type uavcan::ScalarCodec::fixTwosComplement(T&) [with unsigned int BitLen = 1; T = bool]	16	static
array.hpp:266:10:void uavcan::DynamicArrayBase<MaxSize>::clear() [with unsigned int MaxSize = 16]	16	static
integer_spec.hpp:125:16:static int uavcan::IntegerSpec<BitLen_, Signedness, CastMode>::decode(uavcan::IntegerSpec<BitLen_, Signedness, CastMode>::StorageType&, uavcan::ScalarCodec&, uavcan::TailArrayOptimizationMode) [with unsigned int BitLen_ = 8; uavcan::Signedness Signedness = (uavcan::Signedness)0; uavcan::CastMode CastMode = (uavcan::CastMode)0]	24	static
integer_spec.hpp:125:16:static int uavcan::IntegerSpec<BitLen_, Signedness, CastMode>::decode(uavcan::IntegerSpec<BitLen_, Signedness, CastMode>::StorageType&, uavcan::ScalarCodec&, uavcan::TailArrayOptimizationMode) [with unsigned int BitLen_ = 5; uavcan::Signedness Signedness = (uavcan::Signedness)0; uavcan::CastMode CastMode = (uavcan::CastMode)0]	24	static
array.hpp:470:9:int uavcan::Array<T, ArrayMode, MaxSize_>::decodeImpl(uavcan::ScalarCodec&, uavcan::TailArrayOptimizationMode, uavcan::FalseType) [with T = uavcan::IntegerSpec<8, (uavcan::Signedness)0, (uavcan::CastMode)0>; uavcan::ArrayMode ArrayMode = (uavcan::ArrayMode)1; unsigned int MaxSize_ = 16]	48	static
scalar_codec.hpp:119:5:int uavcan::ScalarCodec::decode(T&) [with unsigned int BitLen = 8; T = unsigned char]	24	static
scalar_codec.hpp:119:5:int uavcan::ScalarCodec::decode(T&) [with unsigned int BitLen = 5; T = unsigned char]	24	static
scalar_codec.hpp:65:5:static typename uavcan::EnableIf<((! static_cast<bool>(uavcan::NumericTraits<T>::IsSigned)) || ((sizeof (T) * 8) == BitLen))>::Type uavcan::ScalarCodec::fixTwosComplement(T&) [with unsigned int BitLen = 8; T = unsigned char]	16	static
scalar_codec.hpp:65:5:static typename uavcan::EnableIf<((! static_cast<bool>(uavcan::NumericTraits<T>::IsSigned)) || ((sizeof (T) * 8) == BitLen))>::Type uavcan::ScalarCodec::fixTwosComplement(T&) [with unsigned int BitLen = 5; T = unsigned char]	16	static
uc_dynamic_node_id_client.cpp:210:1:cpp)	8	static
