templates.hpp:34:17:static void uavcan::StaticAssert<true>::check()	4	static
templates.hpp:51:5:uavcan::Noncopyable::Noncopyable()	16	static
templates.hpp:52:5:uavcan::Noncopyable::~Noncopyable()	16	static
data_type.hpp:56:5:uavcan::DataTypeID::DataTypeID()	16	static
data_type.hpp:58:5:uavcan::DataTypeID::DataTypeID(uavcan::uint16_t)	16	static
data_type.hpp:114:5:uavcan::DataTypeSignature::DataTypeSignature()	16	static
data_type.hpp:115:14:uavcan::DataTypeSignature::DataTypeSignature(uavcan::uint64_t)	24	static
data_type.hpp:140:5:uavcan::DataTypeDescriptor::DataTypeDescriptor()	16	static
data_type.hpp:145:5:uavcan::DataTypeDescriptor::DataTypeDescriptor(uavcan::DataTypeKind, uavcan::DataTypeID, const uavcan::DataTypeSignature&, const char*)	32	static
global_data_type_registry.hpp:41:9:uavcan::GlobalDataTypeRegistry::Entry::Entry()	16	static
global_data_type_registry.hpp:119:10:bool uavcan::GlobalDataTypeRegistry::isFrozen() const	16	static
time.hpp:194:5:uavcan::UtcTime::UtcTime()	16	static
time.hpp:191:21:uavcan::UtcTime::~UtcTime()	16	static
can.hpp:38:5:uavcan::CanFrame::CanFrame()	24	static
can.hpp:60:10:bool uavcan::CanFrame::isExtended() const	16	static
can.hpp:61:10:bool uavcan::CanFrame::isRemoteTransmissionRequest() const	16	static
can.hpp:62:10:bool uavcan::CanFrame::isErrorFrame() const	16	static
can.hpp:114:5:uavcan::CanSelectMasks::CanSelectMasks()	16	static
can.hpp:140:13:uavcan::ICanIface::~ICanIface()	16	static
can.hpp:140:13:virtual uavcan::ICanIface::~ICanIface()	16	static
can.hpp:200:13:uavcan::ICanDriver::~ICanDriver()	16	static
can.hpp:200:13:virtual uavcan::ICanDriver::~ICanDriver()	16	static
can.hpp:211:30:virtual const uavcan::ICanIface* uavcan::ICanDriver::getIface(uavcan::uint8_t) const	16	static
time.hpp:184:21:uavcan::MonotonicTime::MonotonicTime()	16	static
time.hpp:184:21:uavcan::MonotonicTime::~MonotonicTime()	16	static
time.hpp:182:21:uavcan::MonotonicDuration::~MonotonicDuration()	16	static
gthr-default.h:229:1:int __gthread_key_delete(__gthread_key_t)	16	static
GetNodeInfo.hpp:217:24:static const char* uavcan::protocol::GetNodeInfo_::getDataTypeFullName()	4	static
GetNodeInfo.hpp:350:36:static uavcan::DataTypeSignature uavcan::protocol::GetNodeInfo_::getDataTypeSignature()	16	static
GetDataTypeInfo.hpp:257:24:static const char* uavcan::protocol::GetDataTypeInfo_::getDataTypeFullName()	4	static
GetDataTypeInfo.hpp:428:36:static uavcan::DataTypeSignature uavcan::protocol::GetDataTypeInfo_::getDataTypeSignature()	16	static
RestartNode.hpp:190:24:static const char* uavcan::protocol::RestartNode_::getDataTypeFullName()	4	static
RestartNode.hpp:289:36:static uavcan::DataTypeSignature uavcan::protocol::RestartNode_::getDataTypeSignature()	16	static
GetTransportStats.hpp:206:24:static const char* uavcan::protocol::GetTransportStats_::getDataTypeFullName()	4	static
GetTransportStats.hpp:339:36:static uavcan::DataTypeSignature uavcan::protocol::GetTransportStats_::getDataTypeSignature()	16	static
can.hpp:75:18:unsigned int uavcan_stm32::CanIface::RxQueue::getLength() const	16	static
can.hpp:77:26:uavcan::uint32_t uavcan_stm32::CanIface::RxQueue::getOverflowCount() const	16	static
can.hpp:87:9:uavcan_stm32::CanIface::Timings::Timings()	16	static
can.hpp:103:9:uavcan_stm32::CanIface::TxItem::TxItem()	16	static
can.hpp:136:30:virtual uavcan::uint16_t uavcan_stm32::CanIface::getNumFilters() const	16	static
can.hpp:95:12:uavcan_stm32::CanIface::TxItem::~TxItem()	16	static
can.hpp:278:29:virtual uavcan::uint8_t uavcan_stm32::CanDriver::getNumIfaces() const	16	static
internal.hpp:142:5:uavcan_stm32::CriticalSectionLocker::CriticalSectionLocker()	16	static
internal.hpp:147:5:uavcan_stm32::CriticalSectionLocker::~CriticalSectionLocker()	16	static
uc_stm32_can.cpp:88:13:void uavcan_stm32::{anonymous}::handleTxInterrupt(uavcan::uint8_t)	32	static
uc_stm32_can.cpp:106:13:void uavcan_stm32::{anonymous}::handleRxInterrupt(uavcan::uint8_t, uavcan::uint8_t)	32	static
uc_stm32_can.cpp:129:6:void uavcan_stm32::CanIface::RxQueue::registerOverflow()	16	static
uc_stm32_can.cpp:137:6:void uavcan_stm32::CanIface::RxQueue::push(const uavcan::CanFrame&, const uint64_t&, uavcan::CanIOFlags)	32	static
uc_stm32_can.cpp:160:6:void uavcan_stm32::CanIface::RxQueue::pop(uavcan::CanFrame&, uavcan::uint64_t&, uavcan::CanIOFlags&)	32	static
uc_stm32_can.cpp:177:6:void uavcan_stm32::CanIface::RxQueue::reset()	16	static
uc_stm32_can.cpp:299:9:uavcan_stm32::CanIface::computeTimings(uavcan::uint32_t, uavcan_stm32::CanIface::Timings&)::BsPair::BsPair(uavcan::uint8_t, uavcan::uint8_t)	16	static
uc_stm32_can.cpp:307:14:bool uavcan_stm32::CanIface::computeTimings(uavcan::uint32_t, uavcan_stm32::CanIface::Timings&)::BsPair::isValid() const	16	static
uc_stm32_can.cpp:195:5:int uavcan_stm32::CanIface::computeTimings(uavcan::uint32_t, uavcan_stm32::CanIface::Timings&)	56	static
uc_stm32_can.cpp:344:17:virtual uavcan::int16_t uavcan_stm32::CanIface::send(const uavcan::CanFrame&, uavcan::MonotonicTime, uavcan::CanIOFlags)	48	static
uc_stm32_can.cpp:435:17:virtual uavcan::int16_t uavcan_stm32::CanIface::receive(uavcan::CanFrame&, uavcan::MonotonicTime&, uavcan::UtcTime&, uavcan::CanIOFlags&)	64	static
uc_stm32_can.cpp:452:17:virtual uavcan::int16_t uavcan_stm32::CanIface::configureFilters(const uavcan::CanFilterConfig*, uavcan::uint16_t)	56	static
uc_stm32_can.cpp:536:6:bool uavcan_stm32::CanIface::waitMsrINakBitStateChange(bool)	32	static
uc_stm32_can.cpp:567:5:int uavcan_stm32::CanIface::init(uavcan::uint32_t, uavcan_stm32::CanIface::OperatingMode)	88	static
uc_stm32_can.cpp:668:6:void uavcan_stm32::CanIface::handleTxMailboxInterrupt(uavcan::uint8_t, bool, uavcan::uint64_t)	24	static
uc_stm32_can.cpp:684:6:void uavcan_stm32::CanIface::handleTxInterrupt(uavcan::uint64_t)	48	static
uc_stm32_can.cpp:714:6:void uavcan_stm32::CanIface::handleRxInterrupt(uavcan::uint8_t, uavcan::uint64_t)	56	static
uc_stm32_can.cpp:781:6:void uavcan_stm32::CanIface::pollErrorFlagsFromISR()	32	static
uc_stm32_can.cpp:803:6:void uavcan_stm32::CanIface::discardTimedOutTxMailboxes(uavcan::MonotonicTime)	40	static
uc_stm32_can.cpp:818:6:bool uavcan_stm32::CanIface::canAcceptNewTxFrame(const uavcan::CanFrame&) const	40	static
uc_stm32_can.cpp:856:6:bool uavcan_stm32::CanIface::isRxBufferEmpty() const	32	static
uc_stm32_can.cpp:862:18:virtual uavcan::uint64_t uavcan_stm32::CanIface::getErrorCount() const	40	static
uc_stm32_can.cpp:868:10:unsigned int uavcan_stm32::CanIface::getRxQueueLength() const	32	static
uc_stm32_can.cpp:874:6:bool uavcan_stm32::CanIface::hadActivity()	32	static
uc_stm32_can.cpp:885:24:uavcan::CanSelectMasks uavcan_stm32::CanDriver::makeSelectMasks(const uavcan::CanFrame* (&)[3]) const	24	static
uc_stm32_can.cpp:915:6:bool uavcan_stm32::CanDriver::hasReadableInterfaces() const	16	static
uc_stm32_can.cpp:926:17:virtual uavcan::int16_t uavcan_stm32::CanDriver::select(uavcan::CanSelectMasks&, const uavcan::CanFrame* (&)[3], uavcan::MonotonicTime)	72	static
uc_stm32_can.cpp:962:13:void uavcan_stm32::nvicEnableVector(IRQn_Type, uint8_t)	16	static
uc_stm32_can.cpp:979:6:static void uavcan_stm32::CanDriver::initOnce()	16	static
uc_stm32_can.cpp:1042:5:int uavcan_stm32::CanDriver::init(uavcan::uint32_t, uavcan_stm32::CanIface::OperatingMode)	32	static
uc_stm32_can.cpp:1094:11:virtual uavcan_stm32::CanIface* uavcan_stm32::CanDriver::getIface(uavcan::uint8_t)	16	static
uc_stm32_can.cpp:1103:6:bool uavcan_stm32::CanDriver::hadActivity()	24	static
uc_stm32_can.cpp:1177:1:void CAN1_TX_IRQHandler()	8	static
uc_stm32_can.cpp:1185:1:void CAN1_RX0_IRQHandler()	8	static
uc_stm32_can.cpp:1193:1:void CAN1_RX1_IRQHandler()	8	static
linked_list.hpp:25:5:uavcan::LinkedListNode<T>::LinkedListNode() [with T = uavcan::GlobalDataTypeRegistry::Entry]	16	static
linked_list.hpp:29:5:uavcan::LinkedListNode<T>::~LinkedListNode() [with T = uavcan::GlobalDataTypeRegistry::Entry]	16	static
time.hpp:102:5:uavcan::TimeBase<T, D>::TimeBase() [with T = uavcan::UtcTime; D = uavcan::UtcDuration]	24	static
time.hpp:100:5:uavcan::TimeBase<T, D>::~TimeBase() [with T = uavcan::UtcTime; D = uavcan::UtcDuration]	16	static
time.hpp:112:14:static T uavcan::TimeBase<T, D>::fromUSec(uavcan::uint64_t) [with T = uavcan::UtcTime; D = uavcan::UtcDuration]	32	static
templates.hpp:254:6:void uavcan::fill(ForwardIt, ForwardIt, const T&) [with ForwardIt = unsigned char*; T = unsigned char]	24	static
time.hpp:102:5:uavcan::TimeBase<T, D>::TimeBase() [with T = uavcan::MonotonicTime; D = uavcan::MonotonicDuration]	24	static
time.hpp:100:5:uavcan::TimeBase<T, D>::~TimeBase() [with T = uavcan::MonotonicTime; D = uavcan::MonotonicDuration]	16	static
time.hpp:24:5:uavcan::DurationBase<D>::~DurationBase() [with D = uavcan::MonotonicDuration]	16	static
time.hpp:182:21:uavcan::MonotonicDuration::MonotonicDuration()	16	static
time.hpp:35:14:static D uavcan::DurationBase<D>::fromUSec(uavcan::int64_t) [with D = uavcan::MonotonicDuration]	32	static
global_data_type_registry.hpp:188:5:uavcan::DefaultDataTypeRegistrator<Type>::DefaultDataTypeRegistrator() [with Type = uavcan::protocol::NodeStatus_<0>]	32	static
NodeStatus.hpp:226:17:static void uavcan::protocol::NodeStatus_<_tmpl>::extendDataTypeSignature(uavcan::DataTypeSignature&) [with int _tmpl = 0]	24	static
SoftwareVersion.hpp:182:17:static void uavcan::protocol::SoftwareVersion_<_tmpl>::extendDataTypeSignature(uavcan::DataTypeSignature&) [with int _tmpl = 0]	24	static
HardwareVersion.hpp:148:17:static void uavcan::protocol::HardwareVersion_<_tmpl>::extendDataTypeSignature(uavcan::DataTypeSignature&) [with int _tmpl = 0]	24	static
array.hpp:707:17:static void uavcan::Array<T, ArrayMode, MaxSize_>::extendDataTypeSignature(uavcan::DataTypeSignature&) [with T = uavcan::IntegerSpec<8, (uavcan::Signedness)0, (uavcan::CastMode)0>; uavcan::ArrayMode ArrayMode = (uavcan::ArrayMode)1; unsigned int MaxSize_ = 80]	16	static
global_data_type_registry.hpp:188:5:uavcan::DefaultDataTypeRegistrator<Type>::DefaultDataTypeRegistrator() [with Type = uavcan::protocol::GetNodeInfo_]	32	static
integer_spec.hpp:131:17:static void uavcan::IntegerSpec<BitLen_, Signedness, CastMode>::extendDataTypeSignature(uavcan::DataTypeSignature&) [with unsigned int BitLen_ = 16; uavcan::Signedness Signedness = (uavcan::Signedness)0; uavcan::CastMode CastMode = (uavcan::CastMode)0]	16	static
DataTypeKind.hpp:117:17:static void uavcan::protocol::DataTypeKind_<_tmpl>::extendDataTypeSignature(uavcan::DataTypeSignature&) [with int _tmpl = 0]	24	static
integer_spec.hpp:131:17:static void uavcan::IntegerSpec<BitLen_, Signedness, CastMode>::extendDataTypeSignature(uavcan::DataTypeSignature&) [with unsigned int BitLen_ = 64; uavcan::Signedness Signedness = (uavcan::Signedness)0; uavcan::CastMode CastMode = (uavcan::CastMode)0]	16	static
integer_spec.hpp:131:17:static void uavcan::IntegerSpec<BitLen_, Signedness, CastMode>::extendDataTypeSignature(uavcan::DataTypeSignature&) [with unsigned int BitLen_ = 8; uavcan::Signedness Signedness = (uavcan::Signedness)0; uavcan::CastMode CastMode = (uavcan::CastMode)0]	16	static
global_data_type_registry.hpp:188:5:uavcan::DefaultDataTypeRegistrator<Type>::DefaultDataTypeRegistrator() [with Type = uavcan::protocol::GetDataTypeInfo_]	32	static
global_data_type_registry.hpp:188:5:uavcan::DefaultDataTypeRegistrator<Type>::DefaultDataTypeRegistrator() [with Type = uavcan::protocol::debug::LogMessage_<0>]	32	static
integer_spec.hpp:131:17:static void uavcan::IntegerSpec<BitLen_, Signedness, CastMode>::extendDataTypeSignature(uavcan::DataTypeSignature&) [with unsigned int BitLen_ = 40; uavcan::Signedness Signedness = (uavcan::Signedness)0; uavcan::CastMode CastMode = (uavcan::CastMode)0]	16	static
integer_spec.hpp:168:17:static void uavcan::IntegerSpec<1, (uavcan::Signedness)0, CastMode>::extendDataTypeSignature(uavcan::DataTypeSignature&) [with uavcan::CastMode CastMode = (uavcan::CastMode)0]	16	static
global_data_type_registry.hpp:188:5:uavcan::DefaultDataTypeRegistrator<Type>::DefaultDataTypeRegistrator() [with Type = uavcan::protocol::RestartNode_]	32	static
integer_spec.hpp:131:17:static void uavcan::IntegerSpec<BitLen_, Signedness, CastMode>::extendDataTypeSignature(uavcan::DataTypeSignature&) [with unsigned int BitLen_ = 48; uavcan::Signedness Signedness = (uavcan::Signedness)0; uavcan::CastMode CastMode = (uavcan::CastMode)0]	16	static
array.hpp:707:17:static void uavcan::Array<T, ArrayMode, MaxSize_>::extendDataTypeSignature(uavcan::DataTypeSignature&) [with T = uavcan::protocol::CANIfaceStats_<0>; uavcan::ArrayMode ArrayMode = (uavcan::ArrayMode)1; unsigned int MaxSize_ = 3]	16	static
global_data_type_registry.hpp:188:5:uavcan::DefaultDataTypeRegistrator<Type>::DefaultDataTypeRegistrator() [with Type = uavcan::protocol::GetTransportStats_]	32	static
templates.hpp:291:10:const T& uavcan::max(const T&, const T&) [with T = unsigned char]	16	static
templates.hpp:268:6:void uavcan::fill_n(OutputIt, std::size_t, const T&) [with OutputIt = uavcan_stm32::CanIface::TxItem*; T = uavcan_stm32::CanIface::TxItem]	32	static
time.hpp:128:10:bool uavcan::TimeBase<T, D>::operator<(const T&) const [with T = uavcan::MonotonicTime; D = uavcan::MonotonicDuration]	16	static
time.hpp:156:7:D uavcan::TimeBase<T, D>::operator-(const T&) const [with T = uavcan::MonotonicTime; D = uavcan::MonotonicDuration]	32	static
time.hpp:26:5:uavcan::DurationBase<D>::DurationBase() [with D = uavcan::MonotonicDuration]	24	static
global_data_type_registry.hpp:37:12:uavcan::GlobalDataTypeRegistry::Entry::~Entry()	16	static
global_data_type_registry.hpp:215:18:void __tcf_0()	8	static
global_data_type_registry.hpp:208:44:uavcan::GlobalDataTypeRegistry::RegistrationResult uavcan::GlobalDataTypeRegistry::registerDataType(uavcan::DataTypeID) [with Type = uavcan::protocol::NodeStatus_<0>]	72	static
NodeStatus.hpp:329:29:static uavcan::DataTypeSignature uavcan::protocol::NodeStatus_<_tmpl>::getDataTypeSignature() [with int _tmpl = 0]	16	static
SoftwareVersion.hpp:285:29:static uavcan::DataTypeSignature uavcan::protocol::SoftwareVersion_<_tmpl>::getDataTypeSignature() [with int _tmpl = 0]	16	static
HardwareVersion.hpp:239:29:static uavcan::DataTypeSignature uavcan::protocol::HardwareVersion_<_tmpl>::getDataTypeSignature() [with int _tmpl = 0]	16	static
global_data_type_registry.hpp:215:18:void __tcf_1()	8	static
global_data_type_registry.hpp:208:44:uavcan::GlobalDataTypeRegistry::RegistrationResult uavcan::GlobalDataTypeRegistry::registerDataType(uavcan::DataTypeID) [with Type = uavcan::protocol::GetNodeInfo_]	72	static
DataTypeKind.hpp:172:29:static uavcan::DataTypeSignature uavcan::protocol::DataTypeKind_<_tmpl>::getDataTypeSignature() [with int _tmpl = 0]	16	static
global_data_type_registry.hpp:215:18:void __tcf_2()	8	static
global_data_type_registry.hpp:208:44:uavcan::GlobalDataTypeRegistry::RegistrationResult uavcan::GlobalDataTypeRegistry::registerDataType(uavcan::DataTypeID) [with Type = uavcan::protocol::GetDataTypeInfo_]	72	static
global_data_type_registry.hpp:215:18:void __tcf_3()	8	static
global_data_type_registry.hpp:208:44:uavcan::GlobalDataTypeRegistry::RegistrationResult uavcan::GlobalDataTypeRegistry::registerDataType(uavcan::DataTypeID) [with Type = uavcan::protocol::debug::LogMessage_<0>]	72	static
global_data_type_registry.hpp:215:18:void __tcf_4()	8	static
global_data_type_registry.hpp:208:44:uavcan::GlobalDataTypeRegistry::RegistrationResult uavcan::GlobalDataTypeRegistry::registerDataType(uavcan::DataTypeID) [with Type = uavcan::protocol::RestartNode_]	72	static
CANIfaceStats.hpp:125:17:static void uavcan::protocol::CANIfaceStats_<_tmpl>::extendDataTypeSignature(uavcan::DataTypeSignature&) [with int _tmpl = 0]	24	static
global_data_type_registry.hpp:215:18:void __tcf_5()	8	static
global_data_type_registry.hpp:208:44:uavcan::GlobalDataTypeRegistry::RegistrationResult uavcan::GlobalDataTypeRegistry::registerDataType(uavcan::DataTypeID) [with Type = uavcan::protocol::GetTransportStats_]	72	static
NodeStatus.hpp:221:24:static const char* uavcan::protocol::NodeStatus_<_tmpl>::getDataTypeFullName() [with int _tmpl = 0]	4	static
integer_spec.hpp:131:17:static void uavcan::IntegerSpec<BitLen_, Signedness, CastMode>::extendDataTypeSignature(uavcan::DataTypeSignature&) [with unsigned int BitLen_ = 32; uavcan::Signedness Signedness = (uavcan::Signedness)0; uavcan::CastMode CastMode = (uavcan::CastMode)0]	16	static
integer_spec.hpp:131:17:static void uavcan::IntegerSpec<BitLen_, Signedness, CastMode>::extendDataTypeSignature(uavcan::DataTypeSignature&) [with unsigned int BitLen_ = 2; uavcan::Signedness Signedness = (uavcan::Signedness)0; uavcan::CastMode CastMode = (uavcan::CastMode)0]	16	static
integer_spec.hpp:131:17:static void uavcan::IntegerSpec<BitLen_, Signedness, CastMode>::extendDataTypeSignature(uavcan::DataTypeSignature&) [with unsigned int BitLen_ = 3; uavcan::Signedness Signedness = (uavcan::Signedness)0; uavcan::CastMode CastMode = (uavcan::CastMode)0]	16	static
array.hpp:707:17:static void uavcan::Array<T, ArrayMode, MaxSize_>::extendDataTypeSignature(uavcan::DataTypeSignature&) [with T = uavcan::IntegerSpec<8, (uavcan::Signedness)0, (uavcan::CastMode)0>; uavcan::ArrayMode ArrayMode = (uavcan::ArrayMode)0; unsigned int MaxSize_ = 16]	16	static
array.hpp:707:17:static void uavcan::Array<T, ArrayMode, MaxSize_>::extendDataTypeSignature(uavcan::DataTypeSignature&) [with T = uavcan::IntegerSpec<8, (uavcan::Signedness)0, (uavcan::CastMode)0>; uavcan::ArrayMode ArrayMode = (uavcan::ArrayMode)1; unsigned int MaxSize_ = 255]	16	static
LogMessage.hpp:209:29:static uavcan::DataTypeSignature uavcan::protocol::debug::LogMessage_<_tmpl>::getDataTypeSignature() [with int _tmpl = 0]	16	static
LogMessage.hpp:125:24:static const char* uavcan::protocol::debug::LogMessage_<_tmpl>::getDataTypeFullName() [with int _tmpl = 0]	4	static
CANIfaceStats.hpp:204:29:static uavcan::DataTypeSignature uavcan::protocol::CANIfaceStats_<_tmpl>::getDataTypeSignature() [with int _tmpl = 0]	16	static
LogLevel.hpp:127:17:static void uavcan::protocol::debug::LogLevel_<_tmpl>::extendDataTypeSignature(uavcan::DataTypeSignature&) [with int _tmpl = 0]	24	static
array.hpp:707:17:static void uavcan::Array<T, ArrayMode, MaxSize_>::extendDataTypeSignature(uavcan::DataTypeSignature&) [with T = uavcan::IntegerSpec<8, (uavcan::Signedness)0, (uavcan::CastMode)0>; uavcan::ArrayMode ArrayMode = (uavcan::ArrayMode)1; unsigned int MaxSize_ = 31]	16	static
array.hpp:707:17:static void uavcan::Array<T, ArrayMode, MaxSize_>::extendDataTypeSignature(uavcan::DataTypeSignature&) [with T = uavcan::IntegerSpec<8, (uavcan::Signedness)0, (uavcan::CastMode)0>; uavcan::ArrayMode ArrayMode = (uavcan::ArrayMode)1; unsigned int MaxSize_ = 90]	16	static
LogLevel.hpp:182:29:static uavcan::DataTypeSignature uavcan::protocol::debug::LogLevel_<_tmpl>::getDataTypeSignature() [with int _tmpl = 0]	16	static
can.hpp:47:7:uavcan_stm32::CanIface::~CanIface()	24	static
can.hpp:47:7:virtual uavcan_stm32::CanIface::~CanIface()	16	static
can.hpp:234:7:uavcan_stm32::CanDriver::~CanDriver()	16	static
can.hpp:234:7:virtual uavcan_stm32::CanDriver::~CanDriver()	16	static
uc_stm32_can.cpp:1235:1:void __static_initialization_and_destruction_0(int, int)	16	static
uc_stm32_can.cpp:1235:1:cpp)	8	static
