templates.hpp:34:17:static void uavcan::StaticAssert<true>::check()	4	static
transfer.hpp:44:5:uavcan::TransferPriority::TransferPriority()	16	static
transfer.hpp:80:5:uavcan::TransferID::TransferID()	16	static
transfer.hpp:124:5:uavcan::NodeID::NodeID()	16	static
transfer.hpp:138:10:bool uavcan::NodeID::operator!=(uavcan::NodeID) const	16	static
transfer.hpp:139:10:bool uavcan::NodeID::operator==(uavcan::NodeID) const	16	static
data_type.hpp:56:5:uavcan::DataTypeID::DataTypeID()	16	static
data_type.hpp:71:10:bool uavcan::DataTypeID::operator==(uavcan::DataTypeID) const	16	static
data_type.hpp:74:10:bool uavcan::DataTypeID::operator<(uavcan::DataTypeID) const	16	static
data_type.hpp:75:10:bool uavcan::DataTypeID::operator>(uavcan::DataTypeID) const	16	static
data_type.hpp:158:18:uavcan::DataTypeKind uavcan::DataTypeDescriptor::getKind() const	16	static
data_type.hpp:159:16:uavcan::DataTypeID uavcan::DataTypeDescriptor::getID() const	16	static
time.hpp:194:5:uavcan::UtcTime::UtcTime()	16	static
time.hpp:191:21:uavcan::UtcTime::~UtcTime()	16	static
can.hpp:38:5:uavcan::CanFrame::CanFrame()	24	static
time.hpp:184:21:uavcan::MonotonicTime::MonotonicTime()	16	static
time.hpp:184:21:uavcan::MonotonicTime::~MonotonicTime()	16	static
can_io.hpp:30:5:uavcan::CanRxFrame::CanRxFrame()	16	static
frame.hpp:34:5:uavcan::Frame::Frame()	16	static
frame.hpp:75:18:uavcan::TransferType uavcan::Frame::getTransferType() const	16	static
frame.hpp:76:16:uavcan::DataTypeID uavcan::Frame::getDataTypeID() const	16	static
frame.hpp:77:12:uavcan::NodeID uavcan::Frame::getSrcNodeID() const	16	static
frame.hpp:78:12:uavcan::NodeID uavcan::Frame::getDstNodeID() const	16	static
frame.hpp:111:5:uavcan::RxFrame::RxFrame()	16	static
transfer_listener.hpp:143:31:const uavcan::DataTypeDescriptor& uavcan::TransferListener::getDataTypeDescriptor() const	16	static
dispatcher.hpp:95:22:uavcan::Dispatcher::ListenerRegistry::DataTypeIDInsertionComparator::DataTypeIDInsertionComparator(uavcan::DataTypeID)	16	static
dispatcher.hpp:96:18:bool uavcan::Dispatcher::ListenerRegistry::DataTypeIDInsertionComparator::operator()(const uavcan::TransferListener*) const	24	static
dispatcher.hpp:207:36:uavcan::LoopbackFrameListenerRegistry& uavcan::Dispatcher::getLoopbackFrameListenerRegistry()	16	static
dispatcher.hpp:222:12:uavcan::NodeID uavcan::Dispatcher::getNodeID() const	16	static
uc_dispatcher.cpp:15:6:void uavcan::LoopbackFrameListenerBase::startListening()	16	static
uc_dispatcher.cpp:20:6:void uavcan::LoopbackFrameListenerBase::stopListening()	16	static
uc_dispatcher.cpp:25:6:bool uavcan::LoopbackFrameListenerBase::isListening() const	16	static
uc_dispatcher.cpp:33:6:void uavcan::LoopbackFrameListenerRegistry::add(uavcan::LoopbackFrameListenerBase*)	16	static
uc_dispatcher.cpp:39:6:void uavcan::LoopbackFrameListenerRegistry::remove(uavcan::LoopbackFrameListenerBase*)	16	static
uc_dispatcher.cpp:45:6:bool uavcan::LoopbackFrameListenerRegistry::doesExist(const uavcan::LoopbackFrameListenerBase*) const	24	static
uc_dispatcher.cpp:60:6:void uavcan::LoopbackFrameListenerRegistry::invokeListeners(uavcan::RxFrame&)	24	static
uc_dispatcher.cpp:75:6:bool uavcan::Dispatcher::ListenerRegistry::add(uavcan::TransferListener*, uavcan::Dispatcher::ListenerRegistry::Mode)	48	static
uc_dispatcher.cpp:94:6:void uavcan::Dispatcher::ListenerRegistry::remove(uavcan::TransferListener*)	16	static
uc_dispatcher.cpp:99:6:bool uavcan::Dispatcher::ListenerRegistry::exists(uavcan::DataTypeID) const	24	static
uc_dispatcher.cpp:113:6:void uavcan::Dispatcher::ListenerRegistry::cleanup(uavcan::MonotonicTime)	32	static
uc_dispatcher.cpp:124:6:void uavcan::Dispatcher::ListenerRegistry::handleFrame(const uavcan::RxFrame&)	32	static
frame.hpp:104:21:uavcan::RxFrame::~RxFrame()	16	static
uc_dispatcher.cpp:149:6:void uavcan::Dispatcher::handleFrame(const uavcan::CanRxFrame&)	88	static
uc_dispatcher.cpp:199:6:void uavcan::Dispatcher::handleLoopbackFrame(const uavcan::CanRxFrame&)	80	static
uc_dispatcher.cpp:212:6:void uavcan::Dispatcher::notifyRxFrameListener(const uavcan::CanRxFrame&, uavcan::CanIOFlags)	24	static
can_io.hpp:24:22:uavcan::CanRxFrame::~CanRxFrame()	16	static
uc_dispatcher.cpp:221:5:int uavcan::Dispatcher::spin(uavcan::MonotonicTime)	96	static
uc_dispatcher.cpp:252:5:int uavcan::Dispatcher::spinOnce()	96	static
uc_dispatcher.cpp:287:5:int uavcan::Dispatcher::send(const uavcan::Frame&, uavcan::MonotonicTime, uavcan::MonotonicTime, uavcan::CanTxQueue::Qos, uavcan::CanIOFlags, uavcan::uint8_t)	88	static
uc_dispatcher.cpp:306:6:void uavcan::Dispatcher::cleanup(uavcan::MonotonicTime)	48	static
uc_dispatcher.cpp:314:6:bool uavcan::Dispatcher::registerMessageListener(uavcan::TransferListener*)	16	static
uc_dispatcher.cpp:324:6:bool uavcan::Dispatcher::registerServiceRequestListener(uavcan::TransferListener*)	16	static
uc_dispatcher.cpp:334:6:bool uavcan::Dispatcher::registerServiceResponseListener(uavcan::TransferListener*)	16	static
uc_dispatcher.cpp:344:6:void uavcan::Dispatcher::unregisterMessageListener(uavcan::TransferListener*)	16	static
uc_dispatcher.cpp:349:6:void uavcan::Dispatcher::unregisterServiceRequestListener(uavcan::TransferListener*)	16	static
uc_dispatcher.cpp:354:6:void uavcan::Dispatcher::unregisterServiceResponseListener(uavcan::TransferListener*)	16	static
uc_dispatcher.cpp:359:6:bool uavcan::Dispatcher::hasSubscriber(uavcan::DataTypeID) const	16	static
uc_dispatcher.cpp:364:6:bool uavcan::Dispatcher::hasPublisher(uavcan::DataTypeID) const	16	static
uc_dispatcher.cpp:369:6:bool uavcan::Dispatcher::hasServer(uavcan::DataTypeID) const	16	static
uc_dispatcher.cpp:374:6:bool uavcan::Dispatcher::setNodeID(uavcan::NodeID)	16	static
time.hpp:102:5:uavcan::TimeBase<T, D>::TimeBase() [with T = uavcan::UtcTime; D = uavcan::UtcDuration]	24	static
time.hpp:100:5:uavcan::TimeBase<T, D>::~TimeBase() [with T = uavcan::UtcTime; D = uavcan::UtcDuration]	16	static
templates.hpp:254:6:void uavcan::fill(ForwardIt, ForwardIt, const T&) [with ForwardIt = unsigned char*; T = unsigned char]	24	static
time.hpp:102:5:uavcan::TimeBase<T, D>::TimeBase() [with T = uavcan::MonotonicTime; D = uavcan::MonotonicDuration]	24	static
time.hpp:100:5:uavcan::TimeBase<T, D>::~TimeBase() [with T = uavcan::MonotonicTime; D = uavcan::MonotonicDuration]	16	static
linked_list.hpp:102:6:void uavcan::LinkedListRoot<T>::insert(T*) [with T = uavcan::LoopbackFrameListenerBase]	16	static
linked_list.hpp:148:6:void uavcan::LinkedListRoot<T>::remove(const T*) [with T = uavcan::LoopbackFrameListenerBase]	32	static
linked_list.hpp:53:8:T* uavcan::LinkedListRoot<T>::get() const [with T = uavcan::LoopbackFrameListenerBase]	16	static
linked_list.hpp:32:8:T* uavcan::LinkedListNode<T>::getNextListNode() const [with T = uavcan::LoopbackFrameListenerBase]	16	static
linked_list.hpp:53:8:T* uavcan::LinkedListRoot<T>::get() const [with T = uavcan::TransferListener]	16	static
linked_list.hpp:32:8:T* uavcan::LinkedListNode<T>::getNextListNode() const [with T = uavcan::TransferListener]	16	static
linked_list.hpp:116:6:void uavcan::LinkedListRoot<T>::insertBefore(T*, Predicate) [with Predicate = uavcan::Dispatcher::ListenerRegistry::DataTypeIDInsertionComparator; T = uavcan::TransferListener]	40	static
linked_list.hpp:148:6:void uavcan::LinkedListRoot<T>::remove(const T*) [with T = uavcan::TransferListener]	32	static
time.hpp:128:10:bool uavcan::TimeBase<T, D>::operator<(const T&) const [with T = uavcan::MonotonicTime; D = uavcan::MonotonicDuration]	16	static
linked_list.hpp:34:10:void uavcan::LinkedListNode<T>::setNextListNode(T*) [with T = uavcan::LoopbackFrameListenerBase]	16	static
linked_list.hpp:34:10:void uavcan::LinkedListNode<T>::setNextListNode(T*) [with T = uavcan::TransferListener]	16	static
