templates.hpp:34:17:static void uavcan::StaticAssert<true>::check()	4	static
templates.hpp:448:31:static long long unsigned int uavcan::NumericTraits<long long unsigned int>::max()	8	static
transfer.hpp:84:5:uavcan::TransferID::TransferID(uavcan::uint8_t)	16	static
transfer.hpp:94:10:void uavcan::TransferID::increment()	16	static
transfer.hpp:99:13:uavcan::uint8_t uavcan::TransferID::get() const	16	static
transfer.hpp:135:10:bool uavcan::NodeID::isBroadcast() const	16	static
transfer.hpp:136:10:bool uavcan::NodeID::isUnicast() const	16	static
transfer.hpp:138:10:bool uavcan::NodeID::operator!=(uavcan::NodeID) const	16	static
transfer.hpp:139:10:bool uavcan::NodeID::operator==(uavcan::NodeID) const	16	static
data_type.hpp:28:28:uavcan::DataTypeKind uavcan::getDataTypeKindForTransferType(uavcan::TransferType)	16	static
data_type.hpp:56:5:uavcan::DataTypeID::DataTypeID()	16	static
data_type.hpp:64:10:bool uavcan::DataTypeID::isValidForDataTypeKind(uavcan::DataTypeKind) const	32	static
data_type.hpp:69:14:uavcan::uint16_t uavcan::DataTypeID::get() const	16	static
data_type.hpp:72:10:bool uavcan::DataTypeID::operator!=(uavcan::DataTypeID) const	16	static
data_type.hpp:159:16:uavcan::DataTypeID uavcan::DataTypeDescriptor::getID() const	16	static
data_type.hpp:160:30:const uavcan::DataTypeSignature& uavcan::DataTypeDescriptor::getSignature() const	16	static
crc.hpp:60:10:void uavcan::TransferCRC::add(uavcan::uint8_t)	16	static
crc.hpp:66:10:void uavcan::TransferCRC::add(const uint8_t*, unsigned int)	24	static
crc.hpp:75:14:uavcan::uint16_t uavcan::TransferCRC::get() const	16	static
perf_counter.hpp:49:10:void uavcan::TransferPerfCounter::addTxTransfer()	16	static
perf_counter.hpp:52:10:void uavcan::TransferPerfCounter::addError()	16	static
time.hpp:184:21:uavcan::MonotonicTime::MonotonicTime()	16	static
time.hpp:184:21:uavcan::MonotonicTime::~MonotonicTime()	16	static
frame.hpp:42:5:uavcan::Frame::Frame(uavcan::DataTypeID, uavcan::TransferType, uavcan::NodeID, uavcan::NodeID, uavcan::TransferID)	32	static
frame.hpp:63:10:void uavcan::Frame::setPriority(uavcan::TransferPriority)	16	static
frame.hpp:69:13:uavcan::uint8_t uavcan::Frame::getPayloadCapacity() const	16	static
frame.hpp:77:12:uavcan::NodeID uavcan::Frame::getSrcNodeID() const	16	static
frame.hpp:81:10:void uavcan::Frame::setStartOfTransfer(bool)	16	static
frame.hpp:82:10:void uavcan::Frame::setEndOfTransfer(bool)	16	static
frame.hpp:84:10:bool uavcan::Frame::isStartOfTransfer() const	16	static
frame.hpp:85:10:bool uavcan::Frame::isEndOfTransfer() const	16	static
frame.hpp:87:10:void uavcan::Frame::flipToggle()	16	static
frame.hpp:88:10:bool uavcan::Frame::getToggle() const	16	static
time.hpp:182:21:uavcan::MonotonicDuration::~MonotonicDuration()	16	static
outgoing_transfer_registry.hpp:30:5:uavcan::OutgoingTransferRegistryKey::OutgoingTransferRegistryKey(uavcan::DataTypeID, uavcan::TransferType, uavcan::NodeID)	32	static
dispatcher.hpp:204:31:uavcan::OutgoingTransferRegistry& uavcan::Dispatcher::getOutgoingTransferRegistry()	16	static
dispatcher.hpp:222:12:uavcan::NodeID uavcan::Dispatcher::getNodeID() const	16	static
dispatcher.hpp:228:10:bool uavcan::Dispatcher::isPassiveMode() const	24	static
dispatcher.hpp:237:26:uavcan::TransferPerfCounter& uavcan::Dispatcher::getTransferPerfCounter()	16	static
transfer_sender.hpp:69:10:bool uavcan::TransferSender::isInitialized() const	32	static
uc_transfer_sender.cpp:13:6:void uavcan::TransferSender::registerError() const	16	static
uc_transfer_sender.cpp:18:6:void uavcan::TransferSender::init(const uavcan::DataTypeDescriptor&, uavcan::CanTxQueue::Qos)	32	static
uc_transfer_sender.cpp:27:5:int uavcan::TransferSender::send(const uint8_t*, unsigned int, uavcan::MonotonicTime, uavcan::MonotonicTime, uavcan::TransferType, uavcan::NodeID, uavcan::TransferID) const	176	static
uc_transfer_sender.cpp:146:5:int uavcan::TransferSender::send(const uint8_t*, unsigned int, uavcan::MonotonicTime, uavcan::MonotonicTime, uavcan::TransferType, uavcan::NodeID) const	112	static
templates.hpp:238:10:OutputIt uavcan::copy(InputIt, InputIt, OutputIt) [with InputIt = const unsigned char*; OutputIt = unsigned char*]	24	static
time.hpp:102:5:uavcan::TimeBase<T, D>::TimeBase() [with T = uavcan::MonotonicTime; D = uavcan::MonotonicDuration]	24	static
time.hpp:100:5:uavcan::TimeBase<T, D>::~TimeBase() [with T = uavcan::MonotonicTime; D = uavcan::MonotonicDuration]	16	static
time.hpp:24:5:uavcan::DurationBase<D>::~DurationBase() [with D = uavcan::MonotonicDuration]	16	static
time.hpp:123:10:bool uavcan::TimeBase<T, D>::isZero() const [with T = uavcan::MonotonicTime; D = uavcan::MonotonicDuration]	16	static
time.hpp:77:7:D uavcan::DurationBase<D>::operator*(Scale) const [with Scale = int; D = uavcan::MonotonicDuration]	32	static
templates.hpp:291:10:const T& uavcan::max(const T&, const T&) [with T = uavcan::MonotonicDuration]	16	static
time.hpp:133:7:T uavcan::TimeBase<T, D>::operator+(const D&) const [with T = uavcan::MonotonicTime; D = uavcan::MonotonicDuration]	48	static
time.hpp:182:21:uavcan::MonotonicDuration::MonotonicDuration()	16	static
time.hpp:35:14:static D uavcan::DurationBase<D>::fromUSec(uavcan::int64_t) [with D = uavcan::MonotonicDuration]	32	static
time.hpp:55:10:bool uavcan::DurationBase<D>::operator<(const D&) const [with D = uavcan::MonotonicDuration]	16	static
time.hpp:49:10:bool uavcan::DurationBase<D>::isNegative() const [with D = uavcan::MonotonicDuration]	16	static
time.hpp:46:7:D uavcan::DurationBase<D>::getAbs() const [with D = uavcan::MonotonicDuration]	24	static
time.hpp:43:13:uavcan::int64_t uavcan::DurationBase<D>::toUSec() const [with D = uavcan::MonotonicDuration]	16	static
time.hpp:112:14:static T uavcan::TimeBase<T, D>::fromUSec(uavcan::uint64_t) [with T = uavcan::MonotonicTime; D = uavcan::MonotonicDuration]	32	static
time.hpp:26:5:uavcan::DurationBase<D>::DurationBase() [with D = uavcan::MonotonicDuration]	24	static
