templates.hpp:34:17:static void uavcan::StaticAssert<true>::check()	4	static
transfer.hpp:91:10:bool uavcan::TransferID::operator!=(uavcan::TransferID) const	16	static
transfer.hpp:92:10:bool uavcan::TransferID::operator==(uavcan::TransferID) const	24	static
transfer.hpp:94:10:void uavcan::TransferID::increment()	16	static
transfer.hpp:99:13:uavcan::uint8_t uavcan::TransferID::get() const	16	static
time.hpp:191:21:uavcan::UtcTime::~UtcTime()	16	static
time.hpp:184:21:uavcan::MonotonicTime::~MonotonicTime()	16	static
frame.hpp:72:14:unsigned int uavcan::Frame::getPayloadLen() const	16	static
frame.hpp:73:20:const uint8_t* uavcan::Frame::getPayloadPtr() const	16	static
frame.hpp:79:16:uavcan::TransferID uavcan::Frame::getTransferID() const	16	static
frame.hpp:84:10:bool uavcan::Frame::isStartOfTransfer() const	16	static
frame.hpp:85:10:bool uavcan::Frame::isEndOfTransfer() const	16	static
frame.hpp:88:10:bool uavcan::Frame::getToggle() const	16	static
frame.hpp:128:19:uavcan::MonotonicTime uavcan::RxFrame::getMonotonicTimestamp() const	16	static
frame.hpp:133:13:uavcan::UtcTime uavcan::RxFrame::getUtcTimestamp() const	16	static
frame.hpp:135:13:uavcan::uint8_t uavcan::RxFrame::getIfaceIndex() const	16	static
transfer_buffer.hpp:192:22:uavcan::ITransferBuffer* uavcan::TransferBufferAccessor::access()	16	static
transfer_buffer.hpp:193:22:uavcan::ITransferBuffer* uavcan::TransferBufferAccessor::create()	16	static
transfer_buffer.hpp:194:10:void uavcan::TransferBufferAccessor::remove()	16	static
time.hpp:182:21:uavcan::MonotonicDuration::~MonotonicDuration()	16	static
transfer_receiver.hpp:54:10:bool uavcan::TransferReceiver::isInitialized() const	16	static
transfer_receiver.hpp:56:10:bool uavcan::TransferReceiver::isMidTransfer() const	16	static
uc_transfer_receiver.cpp:19:19:uavcan::MonotonicDuration uavcan::TransferReceiver::getIfaceSwitchDelay() const	24	static
uc_transfer_receiver.cpp:24:19:uavcan::MonotonicDuration uavcan::TransferReceiver::getTidTimeout() const	16	static
uc_transfer_receiver.cpp:29:6:void uavcan::TransferReceiver::registerError() const	16	static
uc_transfer_receiver.cpp:34:6:void uavcan::TransferReceiver::updateTransferTimings()	72	static
uc_transfer_receiver.cpp:50:6:void uavcan::TransferReceiver::prepareForNextTransfer()	16	static
uc_transfer_receiver.cpp:57:6:bool uavcan::TransferReceiver::validate(const uavcan::RxFrame&) const	32	static
uc_transfer_receiver.cpp:96:6:bool uavcan::TransferReceiver::writePayload(const uavcan::RxFrame&, uavcan::ITransferBuffer&)	64	static
uc_transfer_receiver.cpp:131:30:uavcan::TransferReceiver::ResultCode uavcan::TransferReceiver::receive(const uavcan::RxFrame&, uavcan::TransferBufferAccessor&)	48	static
uc_transfer_receiver.cpp:181:6:bool uavcan::TransferReceiver::isTimedOut(uavcan::MonotonicTime) const	40	static
uc_transfer_receiver.cpp:186:30:uavcan::TransferReceiver::ResultCode uavcan::TransferReceiver::addFrame(const uavcan::RxFrame&, uavcan::TransferBufferAccessor&)	120	static
uc_transfer_receiver.cpp:241:9:uavcan::uint8_t uavcan::TransferReceiver::yieldErrorCount()	24	static
time.hpp:100:5:uavcan::TimeBase<T, D>::~TimeBase() [with T = uavcan::UtcTime; D = uavcan::UtcDuration]	16	static
time.hpp:100:5:uavcan::TimeBase<T, D>::~TimeBase() [with T = uavcan::MonotonicTime; D = uavcan::MonotonicDuration]	16	static
time.hpp:41:14:static D uavcan::DurationBase<D>::fromMSec(uavcan::int64_t) [with D = uavcan::MonotonicDuration]	40	static
time.hpp:24:5:uavcan::DurationBase<D>::~DurationBase() [with D = uavcan::MonotonicDuration]	16	static
time.hpp:123:10:bool uavcan::TimeBase<T, D>::isZero() const [with T = uavcan::MonotonicTime; D = uavcan::MonotonicDuration]	16	static
time.hpp:131:10:bool uavcan::TimeBase<T, D>::operator>=(const T&) const [with T = uavcan::MonotonicTime; D = uavcan::MonotonicDuration]	16	static
time.hpp:156:7:D uavcan::TimeBase<T, D>::operator-(const T&) const [with T = uavcan::MonotonicTime; D = uavcan::MonotonicDuration]	32	static
time.hpp:44:13:uavcan::int64_t uavcan::DurationBase<D>::toMSec() const [with D = uavcan::MonotonicDuration]	24	static
templates.hpp:281:10:const T& uavcan::min(const T&, const T&) [with T = long long unsigned int]	16	static
templates.hpp:291:10:const T& uavcan::max(const T&, const T&) [with T = long long unsigned int]	16	static
time.hpp:56:10:bool uavcan::DurationBase<D>::operator>(const D&) const [with D = uavcan::MonotonicDuration]	16	static
time.hpp:128:10:bool uavcan::TimeBase<T, D>::operator<(const T&) const [with T = uavcan::MonotonicTime; D = uavcan::MonotonicDuration]	16	static
time.hpp:182:21:uavcan::MonotonicDuration::MonotonicDuration()	16	static
time.hpp:35:14:static D uavcan::DurationBase<D>::fromUSec(uavcan::int64_t) [with D = uavcan::MonotonicDuration]	32	static
time.hpp:26:5:uavcan::DurationBase<D>::DurationBase() [with D = uavcan::MonotonicDuration]	24	static
