templates.hpp:51:5:uavcan::Noncopyable::Noncopyable()	16	static
templates.hpp:52:5:uavcan::Noncopyable::~Noncopyable()	16	static
data_type.hpp:56:5:uavcan::DataTypeID::DataTypeID()	16	static
data_type.hpp:71:10:bool uavcan::DataTypeID::operator==(uavcan::DataTypeID) const	16	static
data_type.hpp:75:10:bool uavcan::DataTypeID::operator>(uavcan::DataTypeID) const	16	static
data_type.hpp:158:18:uavcan::DataTypeKind uavcan::DataTypeDescriptor::getKind() const	16	static
data_type.hpp:159:16:uavcan::DataTypeID uavcan::DataTypeDescriptor::getID() const	16	static
data_type.hpp:161:17:const char* uavcan::DataTypeDescriptor::getFullName() const	16	static
global_data_type_registry.hpp:51:18:uavcan::GlobalDataTypeRegistry::EntryInsertionComparator::EntryInsertionComparator(const uavcan::GlobalDataTypeRegistry::Entry*)	24	static
global_data_type_registry.hpp:56:14:bool uavcan::GlobalDataTypeRegistry::EntryInsertionComparator::operator()(const uavcan::GlobalDataTypeRegistry::Entry*) const	24	static
linked_list.hpp:44:21:uavcan::LinkedListRoot<uavcan::GlobalDataTypeRegistry::Entry>::~LinkedListRoot()	16	static
global_data_type_registry.hpp:81:5:uavcan::GlobalDataTypeRegistry::GlobalDataTypeRegistry()	16	static
global_data_type_registry.hpp:119:10:bool uavcan::GlobalDataTypeRegistry::isFrozen() const	16	static
uc_global_data_type_registry.cpp:13:31:uavcan::GlobalDataTypeRegistry::List* uavcan::GlobalDataTypeRegistry::selectList(uavcan::DataTypeKind) const	16	static
uc_global_data_type_registry.cpp:30:44:uavcan::GlobalDataTypeRegistry::RegistrationResult uavcan::GlobalDataTypeRegistry::remove(uavcan::GlobalDataTypeRegistry::Entry*)	40	static
uc_global_data_type_registry.cpp:62:44:uavcan::GlobalDataTypeRegistry::RegistrationResult uavcan::GlobalDataTypeRegistry::registImpl(uavcan::GlobalDataTypeRegistry::Entry*)	40	static
global_data_type_registry.hpp:35:21:uavcan::GlobalDataTypeRegistry::~GlobalDataTypeRegistry()	16	static
uc_global_data_type_registry.cpp:130:35:void __tcf_0()	8	static
uc_global_data_type_registry.cpp:128:25:static uavcan::GlobalDataTypeRegistry& uavcan::GlobalDataTypeRegistry::instance()	8	static
uc_global_data_type_registry.cpp:134:6:void uavcan::GlobalDataTypeRegistry::freeze()	16	static
uc_global_data_type_registry.cpp:144:27:const uavcan::DataTypeDescriptor* uavcan::GlobalDataTypeRegistry::find(const char*) const	24	static
uc_global_data_type_registry.cpp:154:27:const uavcan::DataTypeDescriptor* uavcan::GlobalDataTypeRegistry::find(uavcan::DataTypeKind, const char*) const	32	static
uc_global_data_type_registry.cpp:179:27:const uavcan::DataTypeDescriptor* uavcan::GlobalDataTypeRegistry::find(uavcan::DataTypeKind, uavcan::DataTypeID) const	32	static
linked_list.hpp:49:5:uavcan::LinkedListRoot<T>::LinkedListRoot() [with T = uavcan::GlobalDataTypeRegistry::Entry]	16	static
linked_list.hpp:148:6:void uavcan::LinkedListRoot<T>::remove(const T*) [with T = uavcan::GlobalDataTypeRegistry::Entry]	32	static
linked_list.hpp:53:8:T* uavcan::LinkedListRoot<T>::get() const [with T = uavcan::GlobalDataTypeRegistry::Entry]	16	static
linked_list.hpp:32:8:T* uavcan::LinkedListNode<T>::getNextListNode() const [with T = uavcan::GlobalDataTypeRegistry::Entry]	16	static
linked_list.hpp:116:6:void uavcan::LinkedListRoot<T>::insertBefore(T*, Predicate) [with Predicate = uavcan::GlobalDataTypeRegistry::EntryInsertionComparator; T = uavcan::GlobalDataTypeRegistry::Entry]	40	static
linked_list.hpp:34:10:void uavcan::LinkedListNode<T>::setNextListNode(T*) [with T = uavcan::GlobalDataTypeRegistry::Entry]	16	static
