templates.hpp:34:17:static void uavcan::StaticAssert<true>::check()	4	static
templates.hpp:448:31:static long long unsigned int uavcan::NumericTraits<long long unsigned int>::max()	8	static
data_type.hpp:56:5:uavcan::DataTypeID::DataTypeID()	16	static
data_type.hpp:72:10:bool uavcan::DataTypeID::operator!=(uavcan::DataTypeID) const	16	static
time.hpp:184:21:uavcan::MonotonicTime::MonotonicTime()	16	static
time.hpp:184:21:uavcan::MonotonicTime::~MonotonicTime()	16	static
transfer_buffer.hpp:43:20:const uint8_t* uavcan::StaticTransferBufferImpl::getRawPtr() const	16	static
transfer_buffer.hpp:45:14:uavcan::uint16_t uavcan::StaticTransferBufferImpl::getMaxWritePos() const	16	static
time.hpp:182:21:uavcan::MonotonicDuration::~MonotonicDuration()	16	static
dispatcher.hpp:230:25:const uavcan::ISystemClock& uavcan::Dispatcher::getSystemClock() const	16	static
scheduler.hpp:123:19:uavcan::MonotonicTime uavcan::Scheduler::getMonotonicTime() const	16	static
abstract_node.hpp:32:19:uavcan::MonotonicTime uavcan::INode::getMonotonicTime() const	16	static
transfer_sender.hpp:69:10:bool uavcan::TransferSender::isInitialized() const	32	static
generic_publisher.hpp:55:30:static uavcan::MonotonicDuration uavcan::GenericPublisherBase::getMinTxTimeout()	16	static
generic_publisher.hpp:56:30:static uavcan::MonotonicDuration uavcan::GenericPublisherBase::getMaxTxTimeout()	16	static
uc_generic_publisher.cpp:10:6:bool uavcan::GenericPublisherBase::isInited() const	16	static
uc_generic_publisher.cpp:15:5:int uavcan::GenericPublisherBase::doInit(uavcan::DataTypeKind, const char*, uavcan::CanTxQueue::Qos)	32	static
uc_generic_publisher.cpp:36:15:uavcan::MonotonicTime uavcan::GenericPublisherBase::getTxDeadline() const	24	static
uc_generic_publisher.cpp:41:5:int uavcan::GenericPublisherBase::genericPublish(const uavcan::StaticTransferBufferImpl&, uavcan::TransferType, uavcan::NodeID, uavcan::TransferID*, uavcan::MonotonicTime)	88	static
uc_generic_publisher.cpp:56:6:void uavcan::GenericPublisherBase::setTxTimeout(uavcan::MonotonicDuration)	32	static
time.hpp:102:5:uavcan::TimeBase<T, D>::TimeBase() [with T = uavcan::MonotonicTime; D = uavcan::MonotonicDuration]	24	static
time.hpp:100:5:uavcan::TimeBase<T, D>::~TimeBase() [with T = uavcan::MonotonicTime; D = uavcan::MonotonicDuration]	16	static
time.hpp:41:14:static D uavcan::DurationBase<D>::fromMSec(uavcan::int64_t) [with D = uavcan::MonotonicDuration]	40	static
time.hpp:24:5:uavcan::DurationBase<D>::~DurationBase() [with D = uavcan::MonotonicDuration]	16	static
time.hpp:112:14:static T uavcan::TimeBase<T, D>::fromUSec(uavcan::uint64_t) [with T = uavcan::MonotonicTime; D = uavcan::MonotonicDuration]	32	static
templates.hpp:281:10:const T& uavcan::min(const T&, const T&) [with T = uavcan::MonotonicDuration]	16	static
templates.hpp:291:10:const T& uavcan::max(const T&, const T&) [with T = uavcan::MonotonicDuration]	16	static
time.hpp:133:7:T uavcan::TimeBase<T, D>::operator+(const D&) const [with T = uavcan::MonotonicTime; D = uavcan::MonotonicDuration]	48	static
time.hpp:182:21:uavcan::MonotonicDuration::MonotonicDuration()	16	static
time.hpp:35:14:static D uavcan::DurationBase<D>::fromUSec(uavcan::int64_t) [with D = uavcan::MonotonicDuration]	32	static
time.hpp:55:10:bool uavcan::DurationBase<D>::operator<(const D&) const [with D = uavcan::MonotonicDuration]	16	static
time.hpp:49:10:bool uavcan::DurationBase<D>::isNegative() const [with D = uavcan::MonotonicDuration]	16	static
time.hpp:46:7:D uavcan::DurationBase<D>::getAbs() const [with D = uavcan::MonotonicDuration]	24	static
time.hpp:43:13:uavcan::int64_t uavcan::DurationBase<D>::toUSec() const [with D = uavcan::MonotonicDuration]	16	static
time.hpp:26:5:uavcan::DurationBase<D>::DurationBase() [with D = uavcan::MonotonicDuration]	24	static
