templates.hpp:34:17:static void uavcan::StaticAssert<true>::check()	4	static
templates.hpp:52:5:uavcan::Noncopyable::~Noncopyable()	16	static
templates.hpp:448:31:static long long unsigned int uavcan::NumericTraits<long long unsigned int>::max()	8	static
transfer.hpp:94:10:void uavcan::TransferID::increment()	16	static
transfer.hpp:135:10:bool uavcan::NodeID::isBroadcast() const	16	static
transfer.hpp:136:10:bool uavcan::NodeID::isUnicast() const	16	static
transfer.hpp:139:10:bool uavcan::NodeID::operator==(uavcan::NodeID) const	16	static
data_type.hpp:159:16:uavcan::DataTypeID uavcan::DataTypeDescriptor::getID() const	16	static
time.hpp:184:21:uavcan::MonotonicTime::MonotonicTime()	16	static
time.hpp:184:21:uavcan::MonotonicTime::~MonotonicTime()	16	static
time.hpp:182:21:uavcan::MonotonicDuration::~MonotonicDuration()	16	static
outgoing_transfer_registry.hpp:30:5:uavcan::OutgoingTransferRegistryKey::OutgoingTransferRegistryKey(uavcan::DataTypeID, uavcan::TransferType, uavcan::NodeID)	32	static
dispatcher.hpp:204:31:uavcan::OutgoingTransferRegistry& uavcan::Dispatcher::getOutgoingTransferRegistry()	16	static
dispatcher.hpp:222:12:uavcan::NodeID uavcan::Dispatcher::getNodeID() const	16	static
dispatcher.hpp:230:25:const uavcan::ISystemClock& uavcan::Dispatcher::getSystemClock() const	16	static
scheduler.hpp:28:13:uavcan::DeadlineHandler::~DeadlineHandler()	16	static
scheduler.hpp:28:13:virtual uavcan::DeadlineHandler::~DeadlineHandler()	16	static
scheduler.hpp:35:10:void uavcan::DeadlineHandler::generateDeadlineImmediately()	24	static
scheduler.hpp:119:17:uavcan::Dispatcher& uavcan::Scheduler::getDispatcher()	16	static
scheduler.hpp:120:23:const uavcan::Dispatcher& uavcan::Scheduler::getDispatcher() const	16	static
scheduler.hpp:123:19:uavcan::MonotonicTime uavcan::Scheduler::getMonotonicTime() const	16	static
abstract_node.hpp:28:17:uavcan::Dispatcher& uavcan::INode::getDispatcher()	16	static
abstract_node.hpp:32:19:uavcan::MonotonicTime uavcan::INode::getMonotonicTime() const	16	static
abstract_node.hpp:39:12:uavcan::NodeID uavcan::INode::getNodeID() const	16	static
transfer_sender.hpp:39:30:static uavcan::MonotonicDuration uavcan::TransferSender::getDefaultMaxTransferInterval()	16	static
gthr-default.h:229:1:int __gthread_key_delete(__gthread_key_t)	16	static
uc_service_client.cpp:12:6:virtual void uavcan::ServiceClientBase::CallState::handleDeadline(uavcan::MonotonicTime)	16	static
uc_service_client.cpp:31:5:int uavcan::ServiceClientBase::prepareToCall(uavcan::INode&, const char*, uavcan::NodeID, uavcan::ServiceCallID&)	80	static
time.hpp:102:5:uavcan::TimeBase<T, D>::TimeBase() [with T = uavcan::MonotonicTime; D = uavcan::MonotonicDuration]	24	static
time.hpp:100:5:uavcan::TimeBase<T, D>::~TimeBase() [with T = uavcan::MonotonicTime; D = uavcan::MonotonicDuration]	16	static
time.hpp:41:14:static D uavcan::DurationBase<D>::fromMSec(uavcan::int64_t) [with D = uavcan::MonotonicDuration]	40	static
time.hpp:24:5:uavcan::DurationBase<D>::~DurationBase() [with D = uavcan::MonotonicDuration]	16	static
linked_list.hpp:29:5:uavcan::LinkedListNode<T>::~LinkedListNode() [with T = uavcan::DeadlineHandler]	16	static
time.hpp:112:14:static T uavcan::TimeBase<T, D>::fromUSec(uavcan::uint64_t) [with T = uavcan::MonotonicTime; D = uavcan::MonotonicDuration]	32	static
time.hpp:133:7:T uavcan::TimeBase<T, D>::operator+(const D&) const [with T = uavcan::MonotonicTime; D = uavcan::MonotonicDuration]	48	static
time.hpp:182:21:uavcan::MonotonicDuration::MonotonicDuration()	16	static
time.hpp:35:14:static D uavcan::DurationBase<D>::fromUSec(uavcan::int64_t) [with D = uavcan::MonotonicDuration]	32	static
time.hpp:49:10:bool uavcan::DurationBase<D>::isNegative() const [with D = uavcan::MonotonicDuration]	16	static
time.hpp:46:7:D uavcan::DurationBase<D>::getAbs() const [with D = uavcan::MonotonicDuration]	24	static
time.hpp:43:13:uavcan::int64_t uavcan::DurationBase<D>::toUSec() const [with D = uavcan::MonotonicDuration]	16	static
time.hpp:26:5:uavcan::DurationBase<D>::DurationBase() [with D = uavcan::MonotonicDuration]	24	static
service_client.hpp:123:11:uavcan::ServiceClientBase::CallState::~CallState()	16	static
service_client.hpp:123:11:virtual uavcan::ServiceClientBase::CallState::~CallState()	16	static
