templates.hpp:34:17:static void uavcan::StaticAssert<true>::check()	4	static
templates.hpp:440:22:static long long int uavcan::NumericTraits<long long int>::max()	8	static
templates.hpp:448:31:static long long unsigned int uavcan::NumericTraits<long long unsigned int>::max()	8	static
time.hpp:184:21:uavcan::MonotonicTime::MonotonicTime()	16	static
time.hpp:184:21:uavcan::MonotonicTime::~MonotonicTime()	16	static
time.hpp:182:21:uavcan::MonotonicDuration::~MonotonicDuration()	16	static
scheduler.hpp:41:19:uavcan::MonotonicTime uavcan::DeadlineHandler::getDeadline() const	16	static
gthr-default.h:229:1:int __gthread_key_delete(__gthread_key_t)	16	static
timer.hpp:37:5:uavcan::TimerEvent::TimerEvent(uavcan::MonotonicTime, uavcan::MonotonicTime)	24	static
timer.hpp:32:22:uavcan::TimerEvent::~TimerEvent()	16	static
uc_timer.cpp:13:6:virtual void uavcan::TimerBase::handleDeadline(uavcan::MonotonicTime)	80	static
uc_timer.cpp:28:6:void uavcan::TimerBase::startOneShotWithDeadline(uavcan::MonotonicTime)	32	static
uc_timer.cpp:35:6:void uavcan::TimerBase::startOneShotWithDelay(uavcan::MonotonicDuration)	32	static
uc_timer.cpp:42:6:void uavcan::TimerBase::startPeriodic(uavcan::MonotonicDuration)	40	static
time.hpp:102:5:uavcan::TimeBase<T, D>::TimeBase() [with T = uavcan::MonotonicTime; D = uavcan::MonotonicDuration]	24	static
time.hpp:100:5:uavcan::TimeBase<T, D>::~TimeBase() [with T = uavcan::MonotonicTime; D = uavcan::MonotonicDuration]	16	static
time.hpp:24:5:uavcan::DurationBase<D>::~DurationBase() [with D = uavcan::MonotonicDuration]	16	static
time.hpp:112:14:static T uavcan::TimeBase<T, D>::fromUSec(uavcan::uint64_t) [with T = uavcan::MonotonicTime; D = uavcan::MonotonicDuration]	32	static
time.hpp:133:7:T uavcan::TimeBase<T, D>::operator+(const D&) const [with T = uavcan::MonotonicTime; D = uavcan::MonotonicDuration]	48	static
time.hpp:33:14:static D uavcan::DurationBase<D>::getInfinite() [with D = uavcan::MonotonicDuration]	24	static
time.hpp:55:10:bool uavcan::DurationBase<D>::operator<(const D&) const [with D = uavcan::MonotonicDuration]	16	static
time.hpp:182:21:uavcan::MonotonicDuration::MonotonicDuration()	16	static
time.hpp:35:14:static D uavcan::DurationBase<D>::fromUSec(uavcan::int64_t) [with D = uavcan::MonotonicDuration]	32	static
time.hpp:49:10:bool uavcan::DurationBase<D>::isNegative() const [with D = uavcan::MonotonicDuration]	16	static
time.hpp:46:7:D uavcan::DurationBase<D>::getAbs() const [with D = uavcan::MonotonicDuration]	24	static
time.hpp:43:13:uavcan::int64_t uavcan::DurationBase<D>::toUSec() const [with D = uavcan::MonotonicDuration]	16	static
time.hpp:26:5:uavcan::DurationBase<D>::DurationBase() [with D = uavcan::MonotonicDuration]	24	static
