data_type.hpp:58:5:uavcan::DataTypeID::DataTypeID(uavcan::uint16_t)	16	static
data_type.hpp:64:10:bool uavcan::DataTypeID::isValidForDataTypeKind(uavcan::DataTypeKind) const	32	static
data_type.hpp:69:14:uavcan::uint16_t uavcan::DataTypeID::get() const	16	static
data_type.hpp:71:10:bool uavcan::DataTypeID::operator==(uavcan::DataTypeID) const	16	static
data_type.hpp:97:5:uavcan::DataTypeSignatureCRC::DataTypeSignatureCRC()	16	static
data_type.hpp:103:14:uavcan::uint64_t uavcan::DataTypeSignatureCRC::get() const	16	static
data_type.hpp:121:14:uavcan::uint64_t uavcan::DataTypeSignature::get() const	16	static
data_type.hpp:123:10:bool uavcan::DataTypeSignature::operator==(uavcan::DataTypeSignature) const	24	static
crc.hpp:39:5:uavcan::TransferCRC::TransferCRC()	16	static
crc.hpp:60:10:void uavcan::TransferCRC::add(uavcan::uint8_t)	16	static
uc_data_type.cpp:19:12:static uavcan::DataTypeID uavcan::DataTypeID::getMaxValueForDataTypeKind(uavcan::DataTypeKind)	32	static
uc_data_type.cpp:39:22:static uavcan::DataTypeSignatureCRC uavcan::DataTypeSignatureCRC::extend(uavcan::uint64_t)	32	static
uc_data_type.cpp:46:6:void uavcan::DataTypeSignatureCRC::add(uavcan::uint8_t)	40	static
uc_data_type.cpp:56:6:void uavcan::DataTypeSignatureCRC::add(const uint8_t*, unsigned int)	24	static
uc_data_type.cpp:68:6:void uavcan::DataTypeSignature::mixin64(uavcan::uint64_t)	56	static
uc_data_type.cpp:78:6:void uavcan::DataTypeSignature::extend(uavcan::DataTypeSignature)	40	static
uc_data_type.cpp:85:13:uavcan::TransferCRC uavcan::DataTypeSignature::toTransferCRC() const	40	static
uc_data_type.cpp:100:6:bool uavcan::DataTypeDescriptor::isValid() const	16	static
uc_data_type.cpp:107:6:bool uavcan::DataTypeDescriptor::match(uavcan::DataTypeKind, const char*) const	24	static
uc_data_type.cpp:112:6:bool uavcan::DataTypeDescriptor::match(uavcan::DataTypeKind, uavcan::DataTypeID) const	24	static
uc_data_type.cpp:148:6:bool uavcan::DataTypeDescriptor::operator==(const uavcan::DataTypeDescriptor&) const	16	static
