stm32f4xx_hal_pcd.c:123:19:HAL_PCD_Init	80	static
stm32f4xx_hal_pcd.c:244:19:HAL_PCD_DeInit	16	static
stm32f4xx_hal_pcd.c:280:13:HAL_PCD_MspInit	16	static
stm32f4xx_hal_pcd.c:295:13:HAL_PCD_MspDeInit	16	static
stm32f4xx_hal_pcd.c:990:19:HAL_PCD_Start	24	static
stm32f4xx_hal_pcd.c:1016:19:HAL_PCD_Stop	16	static
stm32f4xx_hal_pcd.c:1038:6:HAL_PCD_IRQHandler	64	static
stm32f4xx_hal_pcd.c:1430:13:HAL_PCD_DataOutStageCallback	16	static
stm32f4xx_hal_pcd.c:1447:13:HAL_PCD_DataInStageCallback	16	static
stm32f4xx_hal_pcd.c:1462:13:HAL_PCD_SetupStageCallback	16	static
stm32f4xx_hal_pcd.c:1477:13:HAL_PCD_SOFCallback	16	static
stm32f4xx_hal_pcd.c:1492:13:HAL_PCD_ResetCallback	16	static
stm32f4xx_hal_pcd.c:1507:13:HAL_PCD_SuspendCallback	16	static
stm32f4xx_hal_pcd.c:1522:13:HAL_PCD_ResumeCallback	16	static
stm32f4xx_hal_pcd.c:1538:13:HAL_PCD_ISOOUTIncompleteCallback	16	static
stm32f4xx_hal_pcd.c:1555:13:HAL_PCD_ISOINIncompleteCallback	16	static
stm32f4xx_hal_pcd.c:1571:13:HAL_PCD_ConnectCallback	16	static
stm32f4xx_hal_pcd.c:1586:13:HAL_PCD_DisconnectCallback	16	static
stm32f4xx_hal_pcd.c:1620:19:HAL_PCD_DevConnect	24	static
stm32f4xx_hal_pcd.c:1645:19:HAL_PCD_DevDisconnect	16	static
stm32f4xx_hal_pcd.c:1659:19:HAL_PCD_SetAddress	16	static
stm32f4xx_hal_pcd.c:1675:19:HAL_PCD_EP_Open	24	static
stm32f4xx_hal_pcd.c:1719:19:HAL_PCD_EP_Close	24	static
stm32f4xx_hal_pcd.c:1750:19:HAL_PCD_EP_Receive	32	static
stm32f4xx_hal_pcd.c:1786:10:HAL_PCD_EP_GetRxCount	16	static
stm32f4xx_hal_pcd.c:1798:19:HAL_PCD_EP_Transmit	32	static
stm32f4xx_hal_pcd.c:1834:19:HAL_PCD_EP_SetStall	24	static
stm32f4xx_hal_pcd.c:1875:19:HAL_PCD_EP_ClrStall	24	static
stm32f4xx_hal_pcd.c:1911:19:HAL_PCD_EP_Flush	16	static
stm32f4xx_hal_pcd.c:1934:19:HAL_PCD_ActivateRemoteWakeup	16	static
stm32f4xx_hal_pcd.c:1944:19:HAL_PCD_DeActivateRemoteWakeup	16	static
stm32f4xx_hal_pcd.c:1973:18:HAL_PCD_GetState	16	static
stm32f4xx_hal_pcd.c:1997:26:PCD_WriteEmptyTxFifo	48	static
stm32f4xx_hal_pcd.c:2057:26:PCD_EP_OutXfrComplete_int	32	static
stm32f4xx_hal_pcd.c:2167:26:PCD_EP_OutSetupPacket_int	32	static
